 dhsdk

 Timestamp is 5881bb69 (Fri Jan 20 15:25:29 2017)

 Preferred load address is 10000000

 Start         Length     Name                   Class
 0001:00000000 000000e0H .text$di                CODE
 0001:000000e0 00022e49H .text$mn                CODE
 0001:00022f29 00000207H .text$x                 CODE
 0001:00023130 00000061H .text$yd                CODE
 0002:00000000 000001e8H .idata$5                DATA
 0002:000001e8 00000004H .00cfg                  DATA
 0002:000001ec 00000004H .CRT$XCA                DATA
 0002:000001f0 0000001cH .CRT$XCC                DATA
 0002:0000020c 00000008H .CRT$XCL                DATA
 0002:00000214 00000008H .CRT$XCU                DATA
 0002:0000021c 00000004H .CRT$XCZ                DATA
 0002:00000220 00000004H .CRT$XIA                DATA
 0002:00000224 00000018H .CRT$XIC                DATA
 0002:0000023c 00000004H .CRT$XIZ                DATA
 0002:00000240 00000004H .CRT$XLA                DATA
 0002:00000244 00000004H .CRT$XLZ                DATA
 0002:00000248 00000004H .CRT$XPA                DATA
 0002:0000024c 00000008H .CRT$XPX                DATA
 0002:00000254 00000004H .CRT$XPXA               DATA
 0002:00000258 00000004H .CRT$XPZ                DATA
 0002:0000025c 00000004H .CRT$XTA                DATA
 0002:00000260 00000010H .CRT$XTZ                DATA
 0002:00000270 0000c6f4H .rdata                  DATA
 0002:0000c964 00000018H .rdata$T                DATA
 0002:0000c97c 000009f4H .rdata$r                DATA
 0002:0000d370 0000004cH .rdata$sxdata           DATA
 0002:0000d3bc 00000404H .rdata$zzzdbg           DATA
 0002:0000d7c0 00000004H .rtc$IAA                DATA
 0002:0000d7c4 00000004H .rtc$IZZ                DATA
 0002:0000d7c8 00000004H .rtc$TAA                DATA
 0002:0000d7cc 00000004H .rtc$TZZ                DATA
 0002:0000d7d0 00000a10H .xdata$x                DATA
 0002:0000e1e0 00000050H .edata                  DATA
 0002:0000e230 0000003cH .idata$2                DATA
 0002:0000e26c 00000014H .idata$3                DATA
 0002:0000e280 000001e8H .idata$4                DATA
 0002:0000e468 00000eb8H .idata$6                DATA
 0003:00000000 000009d8H .data                   DATA
 0003:000009d8 000004c0H .data$r                 DATA
 0003:00000e98 00000ea8H .bss                    DATA
 0004:00000000 000000c4H .gfids$x                DATA
 0004:000000c4 00000274H .gfids$y                DATA
 0005:00000000 00000004H .tls                    DATA
 0005:00000004 00000004H .tls$                   DATA
 0005:00000008 00000001H .tls$ZZZ                DATA
 0006:00000000 00000060H .rsrc$01                DATA
 0006:00000060 00000180H .rsrc$02                DATA

  Address         Publics by Value              Rva+Base       Lib:Object

 0000:00000000       ___guard_fids_count        00000000     <absolute>
 0000:00000000       __except_list              00000000     <absolute>
 0000:00000000       ___guard_longjmp_count     00000000     <absolute>
 0000:00000000       ___guard_fids_table        00000000     <absolute>
 0000:00000000       ___guard_longjmp_table     00000000     <absolute>
 0000:00000000       ___dynamic_value_reloc_table 00000000     <absolute>
 0000:00000000       ___guard_iat_table         00000000     <absolute>
 0000:00000000       ___guard_iat_count         00000000     <absolute>
 0000:00000013       ___safe_se_handler_count   00000013     <absolute>
 0000:0000002c       __tls_array                0000002c     <absolute>
 0000:00000100       ___guard_flags             00000100     <absolute>
 0000:00000000       ___ImageBase               10000000     <linker-defined>
 0001:000000e0       ?init@demo@@YAXV?$Local@VObject@v8@@@v8@@@Z 100010e0 f   adapter.obj
 0001:00000100       ___local_stdio_printf_options 10001100 f i SdkObject.obj
 0001:00000110       _sprintf                   10001110 f i SdkObject.obj
 0001:00000140       _sprintf_s                 10001140 f i SdkObject.obj
 0001:00000180       ?what@exception@stdext@@UBEPBDXZ 10001180 f i SdkObject.obj
 0001:00000190       ?_Raise@exception@stdext@@QBEXXZ 10001190 f i SdkObject.obj
 0001:000001c0       ___except_validate_context_record 100011c0 f i libvcruntime:jbcxrval.obj
 0001:000001c0       ?_Lock@?$basic_streambuf@DU?$char_traits@D@std@@@std@@UAEXXZ 100011c0 f i libcpmt:cout.obj
 0001:000001c0       ?_Unlock@?$basic_streambuf@DU?$char_traits@D@std@@@std@@UAEXXZ 100011c0 f i libcpmt:cout.obj
 0001:000001c0       @_guard_check_icall_nop@4  100011c0 f i LIBCMT:guard_support.obj
 0001:000001c0       ___except_validate_jump_buffer 100011c0 f i libvcruntime:jbcxrval.obj
 0001:000001c0       ?_Doraise@exception@stdext@@MBEXXZ 100011c0 f i SdkObject.obj
 0001:000001d0       ??_Gexception@stdext@@UAEPAXI@Z 100011d0 f i SdkObject.obj
 0001:000001d0       ??_Eexception@stdext@@UAEPAXI@Z 100011d0 f i * CIL library *:* CIL module *
 0001:000001d0       ??_Eruntime_error@std@@UAEPAXI@Z 100011d0 f i * CIL library *:* CIL module *
 0001:000001d0       ??_Gruntime_error@std@@UAEPAXI@Z 100011d0 f i SdkObject.obj
 0001:00000200       ?NODE_SET_PROTOTYPE_METHOD@node@@YAXV?$Local@VFunctionTemplate@v8@@@v8@@PBDP6AXABV?$FunctionCallbackInfo@VValue@v8@@@3@@Z@Z 10001200 f i SdkObject.obj
 0001:000002c0       ?Wrap@ObjectWrap@node@@IAEXV?$Local@VObject@v8@@@v8@@@Z 100012c0 f i SdkObject.obj
 0001:00000370       ?Ref@ObjectWrap@node@@MAEXXZ 10001370 f i SdkObject.obj
 0001:000003a0       ?Unref@ObjectWrap@node@@MAEXXZ 100013a0 f i SdkObject.obj
 0001:00000430       ?WeakCallback@ObjectWrap@node@@CAXABV?$WeakCallbackInfo@VObjectWrap@node@@@v8@@@Z 10001430 f i SdkObject.obj
 0001:00000480       ??_EObjectWrap@node@@UAEPAXI@Z 10001480 f i * CIL library *:* CIL module *
 0001:00000480       ??_GObjectWrap@node@@UAEPAXI@Z 10001480 f i SdkObject.obj
 0001:00000500       ??0_Locinfo@std@@QAE@PBD@Z 10001500 f i SdkObject.obj
 0001:00000580       ??1_Locinfo@std@@QAE@XZ    10001580 f i SdkObject.obj
 0001:00000620       ??_E_Facet_base@std@@UAEPAXI@Z 10001620 f i * CIL library *:* CIL module *
 0001:00000620       ??_G_Facet_base@std@@UAEPAXI@Z 10001620 f i SdkObject.obj
 0001:00000650       ??Bid@locale@std@@QAEIXZ   10001650 f i SdkObject.obj
 0001:00000690       ?_Incref@facet@locale@std@@UAEXXZ 10001690 f i SdkObject.obj
 0001:000006a0       ?_Decref@facet@locale@std@@UAEPAV_Facet_base@3@XZ 100016a0 f i SdkObject.obj
 0001:000006c0       ??1locale@std@@QAE@XZ      100016c0 f i SdkObject.obj
 0001:000006e0       ?c_str@locale@std@@QBEPBDXZ 100016e0 f i SdkObject.obj
 0001:00000700       ?_Getfacet@locale@std@@QBEPBVfacet@12@I@Z 10001700 f i SdkObject.obj
 0001:00000740       ?_Getcat@?$ctype@D@std@@SAIPAPBVfacet@locale@2@PBV42@@Z 10001740 f i SdkObject.obj
 0001:000007d0       ?do_tolower@?$ctype@D@std@@MBEDD@Z 100017d0 f i SdkObject.obj
 0001:000007f0       ?do_tolower@?$ctype@D@std@@MBEPBDPADPBD@Z 100017f0 f i SdkObject.obj
 0001:00000830       ?do_toupper@?$ctype@D@std@@MBEDD@Z 10001830 f i SdkObject.obj
 0001:00000850       ?do_toupper@?$ctype@D@std@@MBEPBDPADPBD@Z 10001850 f i SdkObject.obj
 0001:00000890       ?do_widen@?$ctype@D@std@@MBEDD@Z 10001890 f i SdkObject.obj
 0001:000008a0       ?do_widen@?$ctype@D@std@@MBEPBDPBD0PAD@Z 100018a0 f i SdkObject.obj
 0001:000008c0       ?do_narrow@?$ctype@D@std@@MBEDDD@Z 100018c0 f i SdkObject.obj
 0001:000008d0       ?do_narrow@?$ctype@D@std@@MBEPBDPBD0DPAD@Z 100018d0 f i SdkObject.obj
 0001:000008f0       ??_G?$ctype@D@std@@MAEPAXI@Z 100018f0 f i SdkObject.obj
 0001:000008f0       ??_E?$ctype@D@std@@MAEPAXI@Z 100018f0 f i * CIL library *:* CIL module *
 0001:00000940       ??_Eerror_category@std@@UAEPAXI@Z 10001940 f i * CIL library *:* CIL module *
 0001:00000940       ??_G_Iostream_error_category@std@@UAEPAXI@Z 10001940 f i SdkObject.obj
 0001:00000940       ??_Gerror_category@std@@UAEPAXI@Z 10001940 f i SdkObject.obj
 0001:00000940       ??_E_Iostream_error_category@std@@UAEPAXI@Z 10001940 f i * CIL library *:* CIL module *
 0001:00000970       ?default_error_condition@error_category@std@@UBE?AVerror_condition@2@H@Z 10001970 f i SdkObject.obj
 0001:00000980       ?equivalent@error_category@std@@UBE_NHABVerror_condition@2@@Z 10001980 f i SdkObject.obj
 0001:000009e0       ?equivalent@error_category@std@@UBE_NABVerror_code@2@H@Z 100019e0 f i SdkObject.obj
 0001:00000a10       ?_Makestr@_System_error@std@@CA?AV?$basic_string@DU?$char_traits@D@std@@V?$allocator@D@2@@2@Verror_code@2@V32@@Z 10001a10 f i SdkObject.obj
 0001:00000b20       ??0_System_error@std@@IAE@Verror_code@1@ABV?$basic_string@DU?$char_traits@D@std@@V?$allocator@D@2@@1@@Z 10001b20 f i SdkObject.obj
 0001:00000c00       ??_Gsystem_error@std@@UAEPAXI@Z 10001c00 f i SdkObject.obj
 0001:00000c00       ??_Esystem_error@std@@UAEPAXI@Z 10001c00 f i * CIL library *:* CIL module *
 0001:00000c00       ??_G_System_error@std@@UAEPAXI@Z 10001c00 f i SdkObject.obj
 0001:00000c00       ??_Gfailure@ios_base@std@@UAEPAXI@Z 10001c00 f i SdkObject.obj
 0001:00000c00       ??_E_System_error@std@@UAEPAXI@Z 10001c00 f i * CIL library *:* CIL module *
 0001:00000c00       ??_Efailure@ios_base@std@@UAEPAXI@Z 10001c00 f i * CIL library *:* CIL module *
 0001:00000c30       ??0system_error@std@@QAE@Verror_code@1@PBD@Z 10001c30 f i SdkObject.obj
 0001:00000d00       ?name@_Iostream_error_category@std@@UBEPBDXZ 10001d00 f i SdkObject.obj
 0001:00000d10       ?message@_Iostream_error_category@std@@UBE?AV?$basic_string@DU?$char_traits@D@std@@V?$allocator@D@2@@2@H@Z 10001d10 f i SdkObject.obj
 0001:00000da0       ?clear@ios_base@std@@QAEXH_N@Z 10001da0 f i SdkObject.obj
 0001:00000e50       ??_ECSdkObject@@UAEPAXI@Z  10001e50 f i * CIL library *:* CIL module *
 0001:00000e50       ??_GCSdkObject@@UAEPAXI@Z  10001e50 f i SdkObject.obj
 0001:00000ef0       ?init@CSdkObject@@SAXV?$Local@VObject@v8@@@v8@@@Z 10001ef0 f   SdkObject.obj
 0001:00001060       ?New@CSdkObject@@SAXABV?$FunctionCallbackInfo@VValue@v8@@@v8@@@Z 10002060 f   SdkObject.obj
 0001:000011e0       ?setLogCallback@CSdkObject@@SAXABV?$FunctionCallbackInfo@VValue@v8@@@v8@@@Z 100021e0 f   SdkObject.obj
 0001:00001240       ?setAge@CSdkObject@@SAXABV?$FunctionCallbackInfo@VValue@v8@@@v8@@@Z 10002240 f   SdkObject.obj
 0001:00001320       ?getAge@CSdkObject@@SAXABV?$FunctionCallbackInfo@VValue@v8@@@v8@@@Z 10002320 f   SdkObject.obj
 0001:00001370       ?login@CSdkObject@@SAXABV?$FunctionCallbackInfo@VValue@v8@@@v8@@@Z 10002370 f   SdkObject.obj
 0001:00001690       ?fRealStreamCallBack@CSdkObject@@CGXJKPAEKJK@Z 10002690 f   SdkObject.obj
 0001:000016f0       ?realStream@CSdkObject@@SAXABV?$FunctionCallbackInfo@VValue@v8@@@v8@@@Z 100026f0 f   SdkObject.obj
 0001:000019d0       ?stopStream@CSdkObject@@SAXABV?$FunctionCallbackInfo@VValue@v8@@@v8@@@Z 100029d0 f   SdkObject.obj
 0001:00001a00       ?outLog@CSdkObject@@AAEXV?$FunctionCallbackInfo@VValue@v8@@@v8@@V?$Local@VValue@v8@@@3@@Z 10002a00 f   SdkObject.obj
 0001:00001a80       ??1?$basic_string@DU?$char_traits@D@std@@V?$allocator@D@2@@std@@QAE@XZ 10002a80 f i SdkObject.obj
 0001:00001af0       ??0?$basic_string@DU?$char_traits@D@std@@V?$allocator@D@2@@std@@QAE@$$QAV01@@Z 10002af0 f i SdkObject.obj
 0001:00001b70       ??6?$basic_ostream@DU?$char_traits@D@std@@@std@@QAEAAV01@J@Z 10002b70 f i SdkObject.obj
 0001:00001b70       ??6?$basic_ostream@DU?$char_traits@D@std@@@std@@QAEAAV01@H@Z 10002b70 f i SdkObject.obj
 0001:00001d00       ??0sentry@?$basic_ostream@DU?$char_traits@D@std@@@std@@QAE@AAV12@@Z 10002d00 f i SdkObject.obj
 0001:00001d60       ?do_put@?$num_put@DV?$ostreambuf_iterator@DU?$char_traits@D@std@@@std@@@std@@MBE?AV?$ostreambuf_iterator@DU?$char_traits@D@std@@@2@V32@AAVios_base@2@DPBX@Z 10002d60 f i SdkObject.obj
 0001:00001dd0       ?do_put@?$num_put@DV?$ostreambuf_iterator@DU?$char_traits@D@std@@@std@@@std@@MBE?AV?$ostreambuf_iterator@DU?$char_traits@D@std@@@2@V32@AAVios_base@2@DO@Z 10002dd0 f i SdkObject.obj
 0001:00001fa0       ?do_put@?$num_put@DV?$ostreambuf_iterator@DU?$char_traits@D@std@@@std@@@std@@MBE?AV?$ostreambuf_iterator@DU?$char_traits@D@std@@@2@V32@AAVios_base@2@DN@Z 10002fa0 f i SdkObject.obj
 0001:00002170       ?do_put@?$num_put@DV?$ostreambuf_iterator@DU?$char_traits@D@std@@@std@@@std@@MBE?AV?$ostreambuf_iterator@DU?$char_traits@D@std@@@2@V32@AAVios_base@2@D_K@Z 10003170 f i SdkObject.obj
 0001:000021f0       ?do_put@?$num_put@DV?$ostreambuf_iterator@DU?$char_traits@D@std@@@std@@@std@@MBE?AV?$ostreambuf_iterator@DU?$char_traits@D@std@@@2@V32@AAVios_base@2@D_J@Z 100031f0 f i SdkObject.obj
 0001:00002270       ?do_put@?$num_put@DV?$ostreambuf_iterator@DU?$char_traits@D@std@@@std@@@std@@MBE?AV?$ostreambuf_iterator@DU?$char_traits@D@std@@@2@V32@AAVios_base@2@DK@Z 10003270 f i SdkObject.obj
 0001:000022f0       ?do_put@?$num_put@DV?$ostreambuf_iterator@DU?$char_traits@D@std@@@std@@@std@@MBE?AV?$ostreambuf_iterator@DU?$char_traits@D@std@@@2@V32@AAVios_base@2@DJ@Z 100032f0 f i SdkObject.obj
 0001:00002370       ?do_put@?$num_put@DV?$ostreambuf_iterator@DU?$char_traits@D@std@@@std@@@std@@MBE?AV?$ostreambuf_iterator@DU?$char_traits@D@std@@@2@V32@AAVios_base@2@D_N@Z 10003370 f i SdkObject.obj
 0001:00002510       ?_Tidy@?$basic_string@DU?$char_traits@D@std@@V?$allocator@D@2@@std@@QAEX_NI@Z 10003510 f i SdkObject.obj
 0001:000025a0       ?assign@?$basic_string@DU?$char_traits@D@std@@V?$allocator@D@2@@std@@QAEAAV12@ID@Z 100035a0 f i SdkObject.obj
 0001:00002670       ?assign@?$basic_string@DU?$char_traits@D@std@@V?$allocator@D@2@@std@@QAEAAV12@ABV12@II@Z 10003670 f i SdkObject.obj
 0001:00002780       ?append@?$basic_string@DU?$char_traits@D@std@@V?$allocator@D@2@@std@@QAEAAV12@PBDI@Z 10003780 f i SdkObject.obj
 0001:000028b0       ?append@?$basic_string@DU?$char_traits@D@std@@V?$allocator@D@2@@std@@QAEAAV12@ABV12@II@Z 100038b0 f i SdkObject.obj
 0001:000029b0       ?_Assign_rv@?$basic_string@DU?$char_traits@D@std@@V?$allocator@D@2@@std@@QAEX$$QAV12@@Z 100039b0 f i SdkObject.obj
 0001:00002a20       ??_E?$num_put@DV?$ostreambuf_iterator@DU?$char_traits@D@std@@@std@@@std@@MAEPAXI@Z 10003a20 f i * CIL library *:* CIL module *
 0001:00002a20       ??_G?$num_put@DV?$ostreambuf_iterator@DU?$char_traits@D@std@@@std@@@std@@MAEPAXI@Z 10003a20 f i SdkObject.obj
 0001:00002a50       ?do_truename@?$numpunct@D@std@@MBE?AV?$basic_string@DU?$char_traits@D@std@@V?$allocator@D@2@@2@XZ 10003a50 f i SdkObject.obj
 0001:00002aa0       ?do_falsename@?$numpunct@D@std@@MBE?AV?$basic_string@DU?$char_traits@D@std@@V?$allocator@D@2@@2@XZ 10003aa0 f i SdkObject.obj
 0001:00002af0       ?do_grouping@?$numpunct@D@std@@MBE?AV?$basic_string@DU?$char_traits@D@std@@V?$allocator@D@2@@2@XZ 10003af0 f i SdkObject.obj
 0001:00002b40       ?do_thousands_sep@?$numpunct@D@std@@MBEDXZ 10003b40 f i SdkObject.obj
 0001:00002b50       ?do_decimal_point@?$numpunct@D@std@@MBEDXZ 10003b50 f i SdkObject.obj
 0001:00002b60       ?truename@?$numpunct@D@std@@QBE?AV?$basic_string@DU?$char_traits@D@std@@V?$allocator@D@2@@2@XZ 10003b60 f i SdkObject.obj
 0001:00002bd0       ?falsename@?$numpunct@D@std@@QBE?AV?$basic_string@DU?$char_traits@D@std@@V?$allocator@D@2@@2@XZ 10003bd0 f i SdkObject.obj
 0001:00002c40       ?_Rep@?$num_put@DV?$ostreambuf_iterator@DU?$char_traits@D@std@@@std@@@std@@ABA?AV?$ostreambuf_iterator@DU?$char_traits@D@std@@@2@V32@DI@Z 10003c40 f i SdkObject.obj
 0001:00002cb0       ?_Put@?$num_put@DV?$ostreambuf_iterator@DU?$char_traits@D@std@@@std@@@std@@ABA?AV?$ostreambuf_iterator@DU?$char_traits@D@std@@@2@V32@PBDI@Z 10003cb0 f i SdkObject.obj
 0001:00002d30       ?_Iput@?$num_put@DV?$ostreambuf_iterator@DU?$char_traits@D@std@@@std@@@std@@ABA?AV?$ostreambuf_iterator@DU?$char_traits@D@std@@@2@V32@AAVios_base@2@DPADI@Z 10003d30 f i SdkObject.obj
 0001:00003190       ?_Ifmt@?$num_put@DV?$ostreambuf_iterator@DU?$char_traits@D@std@@@std@@@std@@ABAPADPADPBDH@Z 10004190 f i SdkObject.obj
 0001:00003220       ?_Fput@?$num_put@DV?$ostreambuf_iterator@DU?$char_traits@D@std@@@std@@@std@@ABA?AV?$ostreambuf_iterator@DU?$char_traits@D@std@@@2@V32@AAVios_base@2@DPBDI@Z 10004220 f i SdkObject.obj
 0001:00003700       ?_Ffmt@?$num_put@DV?$ostreambuf_iterator@DU?$char_traits@D@std@@@std@@@std@@ABAPADPADDH@Z 10004700 f i SdkObject.obj
 0001:000037c0       ?erase@?$basic_string@DU?$char_traits@D@std@@V?$allocator@D@2@@std@@QAEAAV12@II@Z 100047c0 f i SdkObject.obj
 0001:00003860       ?assign@?$basic_string@DU?$char_traits@D@std@@V?$allocator@D@2@@std@@QAEAAV12@PBDI@Z 10004860 f i SdkObject.obj
 0001:00003960       ?append@?$basic_string@DU?$char_traits@D@std@@V?$allocator@D@2@@std@@QAEAAV12@ID@Z 10004960 f i SdkObject.obj
 0001:00003a50       ?assign@?$basic_string@DU?$char_traits@D@std@@V?$allocator@D@2@@std@@QAEAAV12@$$QAV12@@Z 10004a50 f i SdkObject.obj
 0001:00003af0       ?flush@?$basic_ostream@DU?$char_traits@D@std@@@std@@QAEAAV12@XZ 10004af0 f i SdkObject.obj
 0001:00003c00       ?_Osfx@?$basic_ostream@DU?$char_traits@D@std@@@std@@QAEXXZ 10004c00 f i SdkObject.obj
 0001:00003ce0       ??_G?$numpunct@D@std@@MAEPAXI@Z 10004ce0 f i SdkObject.obj
 0001:00003ce0       ??_E?$numpunct@D@std@@MAEPAXI@Z 10004ce0 f i * CIL library *:* CIL module *
 0001:00003d30       ?_Copy@?$basic_string@DU?$char_traits@D@std@@V?$allocator@D@2@@std@@QAEXII@Z 10004d30 f i SdkObject.obj
 0001:00003e60       ?insert@?$basic_string@DU?$char_traits@D@std@@V?$allocator@D@2@@std@@QAEAAV12@IID@Z 10004e60 f i SdkObject.obj
 0001:00003f90       ??$use_facet@V?$ctype@D@std@@@std@@YAABV?$ctype@D@0@ABVlocale@0@@Z 10004f90 f i SdkObject.obj
 0001:00004090       ??$_Immortalize@V_Iostream_error_category@std@@@std@@YAAAV_Iostream_error_category@0@XZ 10005090 f i SdkObject.obj
 0001:00004100       ??$Unwrap@VCSdkObject@@@ObjectWrap@node@@SAPAVCSdkObject@@V?$Local@VObject@v8@@@v8@@@Z 10005100 f i SdkObject.obj
 0001:00004170       ??$?6U?$char_traits@D@std@@@std@@YAAAV?$basic_ostream@DU?$char_traits@D@std@@@0@AAV10@PBD@Z 10005170 f i SdkObject.obj
 0001:00004400       ??$endl@DU?$char_traits@D@std@@@std@@YAAAV?$basic_ostream@DU?$char_traits@D@std@@@0@AAV10@@Z 10005400 f i SdkObject.obj
 0001:00004480       ??$use_facet@V?$num_put@DV?$ostreambuf_iterator@DU?$char_traits@D@std@@@std@@@std@@@std@@YAABV?$num_put@DV?$ostreambuf_iterator@DU?$char_traits@D@std@@@std@@@0@ABVlocale@0@@Z 10005480 f i SdkObject.obj
 0001:00004580       ??$use_facet@V?$numpunct@D@std@@@std@@YAABV?$numpunct@D@0@ABVlocale@0@@Z 10005580 f i SdkObject.obj
 0001:00004680       ?_Getcat@?$numpunct@D@std@@SAIPAPBVfacet@locale@2@PBV42@@Z 10005680 f i SdkObject.obj
 0001:00004700       ?_Getcat@?$num_put@DV?$ostreambuf_iterator@DU?$char_traits@D@std@@@std@@@std@@SAIPAPBVfacet@locale@2@PBV42@@Z 10005700 f i SdkObject.obj
 0001:00004770       ?put@?$basic_ostream@DU?$char_traits@D@std@@@std@@QAEAAV12@D@Z 10005770 f i SdkObject.obj
 0001:000048d0       ?widen@?$basic_ios@DU?$char_traits@D@std@@@std@@QBEDD@Z 100058d0 f i SdkObject.obj
 0001:00004940       ?_Init@?$numpunct@D@std@@IAEXABV_Locinfo@2@_N@Z 10005940 f i SdkObject.obj
 0001:00004a74       ??0_Init_locks@std@@QAE@XZ 10005a74 f   libcpmt:xlock.obj
 0001:00004aa1       ??0_Lockit@std@@QAE@H@Z    10005aa1 f   libcpmt:xlock.obj
 0001:00004ad2       ??1_Init_locks@std@@QAE@XZ 10005ad2 f   libcpmt:xlock.obj
 0001:00004af9       ??1_Lockit@std@@QAE@XZ     10005af9 f   libcpmt:xlock.obj
 0001:00004b18       ??$_Fgetc@D@std@@YA_NAADPAU_iobuf@@@Z 10005b18 f i libcpmt:cout.obj
 0001:00004b38       ??$_Fputc@D@std@@YA_NDPAU_iobuf@@@Z 10005b38 f i libcpmt:cout.obj
 0001:00004b54       ??$_Ungetc@D@std@@YA_NABDPAU_iobuf@@@Z 10005b54 f i libcpmt:cout.obj
 0001:00004b72       ??$use_facet@V?$codecvt@DDU_Mbstatet@@@std@@@std@@YAABV?$codecvt@DDU_Mbstatet@@@0@ABVlocale@0@@Z 10005b72 f i libcpmt:cout.obj
 0001:00004c0f       ??0?$basic_ostream@DU?$char_traits@D@std@@@std@@QAE@PAV?$basic_streambuf@DU?$char_traits@D@std@@@1@_N@Z 10005c0f f i libcpmt:cout.obj
 0001:00004c76       ??0?$basic_streambuf@DU?$char_traits@D@std@@@std@@IAE@XZ 10005c76 f i libcpmt:cout.obj
 0001:00004cbd       ??0?$fpos@U_Mbstatet@@@std@@QAE@U_Mbstatet@@_J@Z 10005cbd f i libcpmt:cout.obj
 0001:00004ce5       ??0_Init_cout@std@@QAE@XZ  10005ce5 f i libcpmt:cout.obj
 0001:00004d3e       ??0bad_cast@std@@QAE@ABV01@@Z 10005d3e f i libcpmt:cout.obj
 0001:00004d59       ??0bad_cast@std@@QAE@XZ    10005d59 f i libcpmt:cout.obj
 0001:00004d71       ??0exception@std@@QAE@ABV01@@Z 10005d71 f i libcpmt:cout.obj
 0001:00004d9d       ??0exception@std@@QAE@QBD@Z 10005d9d f i libcpmt:cout.obj
 0001:00004dd4       ??1?$basic_filebuf@DU?$char_traits@D@std@@@std@@UAE@XZ 10005dd4 f i libcpmt:cout.obj
 0001:00004e2e       ??1?$basic_ios@DU?$char_traits@D@std@@@std@@UAE@XZ 10005e2e f i libcpmt:cout.obj
 0001:00004e70       ??1?$basic_streambuf@DU?$char_traits@D@std@@@std@@UAE@XZ 10005e70 f i libcpmt:cout.obj
 0001:00004e91       ??_D?$basic_ostream@DU?$char_traits@D@std@@@std@@QAEXXZ 10005e91 f i libcpmt:cout.obj
 0001:00004ef1       ??_E?$basic_ostream@DU?$char_traits@D@std@@@std@@$4PPPPPPPM@A@AEPAXI@Z 10005ef1 f i libcpmt:cout.obj
 0001:00004ef9       ??_G?$basic_filebuf@DU?$char_traits@D@std@@@std@@UAEPAXI@Z 10005ef9 f i libcpmt:cout.obj
 0001:00004ef9       ??_E?$basic_filebuf@DU?$char_traits@D@std@@@std@@UAEPAXI@Z 10005ef9 f i libcpmt:cout.obj
 0001:00004f1b       ??_E?$basic_ios@DU?$char_traits@D@std@@@std@@UAEPAXI@Z 10005f1b f i libcpmt:cout.obj
 0001:00004f1b       ??_G?$basic_ios@DU?$char_traits@D@std@@@std@@UAEPAXI@Z 10005f1b f i libcpmt:cout.obj
 0001:00004f75       ??_G?$basic_ostream@DU?$char_traits@D@std@@@std@@UAEPAXI@Z 10005f75 f i libcpmt:cout.obj
 0001:00004f75       ??_E?$basic_ostream@DU?$char_traits@D@std@@@std@@UAEPAXI@Z 10005f75 f i libcpmt:cout.obj
 0001:00004f9a       ??_E?$basic_streambuf@DU?$char_traits@D@std@@@std@@UAEPAXI@Z 10005f9a f i libcpmt:cout.obj
 0001:00004f9a       ??_G?$basic_streambuf@DU?$char_traits@D@std@@@std@@UAEPAXI@Z 10005f9a f i libcpmt:cout.obj
 0001:00004fbc       ??_G?$codecvt@DDU_Mbstatet@@@std@@MAEPAXI@Z 10005fbc f i libcpmt:cout.obj
 0001:00004fbc       ??_E?$codecvt@DDU_Mbstatet@@@std@@MAEPAXI@Z 10005fbc f i libcpmt:cout.obj
 0001:00004fdf       ??_Ebad_cast@std@@UAEPAXI@Z 10005fdf f i libcpmt:cout.obj
 0001:00004fdf       ??_Ebad_array_new_length@std@@UAEPAXI@Z 10005fdf f i LIBCMT:throw_bad_alloc.obj
 0001:00004fdf       ??_Elogic_error@std@@UAEPAXI@Z 10005fdf f i libcpmt:xthrow.obj
 0001:00004fdf       ??_Gbad_cast@std@@UAEPAXI@Z 10005fdf f i libcpmt:cout.obj
 0001:00004fdf       ??_Gexception@std@@UAEPAXI@Z 10005fdf f i libcpmt:cout.obj
 0001:00004fdf       ??_Gout_of_range@std@@UAEPAXI@Z 10005fdf f i libcpmt:xthrow.obj
 0001:00004fdf       ??_Eexception@std@@UAEPAXI@Z 10005fdf f i libcpmt:cout.obj
 0001:00004fdf       ??_Glength_error@std@@UAEPAXI@Z 10005fdf f i libcpmt:xthrow.obj
 0001:00004fdf       ??_Ebad_alloc@std@@UAEPAXI@Z 10005fdf f i libcpmt:xthrow.obj
 0001:00004fdf       ??_Eout_of_range@std@@UAEPAXI@Z 10005fdf f i libcpmt:xthrow.obj
 0001:00004fdf       ??_Gbad_alloc@std@@UAEPAXI@Z 10005fdf f i libcpmt:xthrow.obj
 0001:00004fdf       ??_Gbad_array_new_length@std@@UAEPAXI@Z 10005fdf f i LIBCMT:throw_bad_alloc.obj
 0001:00004fdf       ??_Gbad_exception@std@@UAEPAXI@Z 10005fdf f i libvcruntime:frame.obj
 0001:00004fdf       ??_Ebad_exception@std@@UAEPAXI@Z 10005fdf f i libvcruntime:frame.obj
 0001:00004fdf       ??_Glogic_error@std@@UAEPAXI@Z 10005fdf f i libcpmt:xthrow.obj
 0001:00004fdf       ??_Elength_error@std@@UAEPAXI@Z 10005fdf f i libcpmt:xthrow.obj
 0001:0000500c       ??_Eios_base@std@@UAEPAXI@Z 1000600c f i libcpmt:cout.obj
 0001:0000500c       ??_Gios_base@std@@UAEPAXI@Z 1000600c f i libcpmt:cout.obj
 0001:00005066       ?_Endwrite@?$basic_filebuf@DU?$char_traits@D@std@@@std@@IAE_NXZ 10006066 f i libcpmt:cout.obj
 0001:00005184       ?_Getcat@?$codecvt@DDU_Mbstatet@@@std@@SAIPAPBVfacet@locale@2@PBV42@@Z 10006184 f i libcpmt:cout.obj
 0001:000051ec       ?_Init@?$basic_filebuf@DU?$char_traits@D@std@@@std@@IAEXPAU_iobuf@@W4_Initfl@12@@Z 100061ec f i libcpmt:cout.obj
 0001:0000526a       ?_Init@?$basic_streambuf@DU?$char_traits@D@std@@@std@@IAEXXZ 1000626a f i libcpmt:cout.obj
 0001:000052ae       ?_Init@ios_base@std@@IAEXXZ 100062ae f i libcpmt:cout.obj
 0001:00005314       ?_Initcvt@?$basic_filebuf@DU?$char_traits@D@std@@@std@@IAEXPBV?$codecvt@DDU_Mbstatet@@@2@@Z 10006314 f i libcpmt:cout.obj
 0001:0000534a       ?_Lock@?$basic_filebuf@DU?$char_traits@D@std@@@std@@UAEXXZ 1000634a f i libcpmt:cout.obj
 0001:0000535a       ?_Reset_back@?$basic_filebuf@DU?$char_traits@D@std@@@std@@AAEXXZ 1000635a f i libcpmt:cout.obj
 0001:0000537d       ?_Set_back@?$basic_filebuf@DU?$char_traits@D@std@@@std@@AAEXXZ 1000637d f i libcpmt:cout.obj
 0001:000053b3       ?_Unlock@?$basic_filebuf@DU?$char_traits@D@std@@@std@@UAEXXZ 100063b3 f i libcpmt:cout.obj
 0001:000053c3       ?close@?$basic_filebuf@DU?$char_traits@D@std@@@std@@QAEPAV12@XZ 100063c3 f i libcpmt:cout.obj
 0001:00005422       ?do_length@?$codecvt@DDU_Mbstatet@@@std@@MBEHAAU_Mbstatet@@PBD1I@Z 10006422 f i libcpmt:cout.obj
 0001:0000543a       ?do_encoding@codecvt_base@std@@MBEHXZ 1000643a f i libcpmt:cout.obj
 0001:0000543a       __get_startup_argv_mode    1000643a f i LIBCMT:argv_mode.obj
 0001:0000543a       ?do_max_length@codecvt_base@std@@MBEHXZ 1000643a f i libcpmt:cout.obj
 0001:0000543e       ?do_out@?$codecvt@DDU_Mbstatet@@@std@@MBEHAAU_Mbstatet@@PBD1AAPBDPAD3AAPAD@Z 1000643e f i libcpmt:cout.obj
 0001:0000543e       ?do_in@?$codecvt@DDU_Mbstatet@@@std@@MBEHAAU_Mbstatet@@PBD1AAPBDPAD3AAPAD@Z 1000643e f i libcpmt:cout.obj
 0001:00005458       ?do_unshift@?$codecvt@DDU_Mbstatet@@@std@@MBEHAAU_Mbstatet@@PAD1AAPAD@Z 10006458 f i libcpmt:cout.obj
 0001:00005469       ?imbue@?$basic_filebuf@DU?$char_traits@D@std@@@std@@MAEXABVlocale@2@@Z 10006469 f i libcpmt:cout.obj
 0001:00005485       ?imbue@?$basic_streambuf@DU?$char_traits@D@std@@@std@@MAEXABVlocale@2@@Z 10006485 f i libcpmt:cout.obj
 0001:00005488       ?init@?$basic_ios@DU?$char_traits@D@std@@@std@@IAEXPAV?$basic_streambuf@DU?$char_traits@D@std@@@2@_N@Z 10006488 f i libcpmt:cout.obj
 0001:000054d1       ?overflow@?$basic_filebuf@DU?$char_traits@D@std@@@std@@MAEHH@Z 100064d1 f i libcpmt:cout.obj
 0001:0000566f       ?overflow@?$basic_streambuf@DU?$char_traits@D@std@@@std@@MAEHH@Z 1000666f f i libcpmt:cout.obj
 0001:0000566f       ?pbackfail@?$basic_streambuf@DU?$char_traits@D@std@@@std@@MAEHH@Z 1000666f f i libcpmt:cout.obj
 0001:00005675       ?pbackfail@?$basic_filebuf@DU?$char_traits@D@std@@@std@@MAEHH@Z 10006675 f i libcpmt:cout.obj
 0001:000056fc       ?seekoff@?$basic_filebuf@DU?$char_traits@D@std@@@std@@MAE?AV?$fpos@U_Mbstatet@@@2@_JHH@Z 100066fc f i libcpmt:cout.obj
 0001:000057bd       ?seekoff@?$basic_streambuf@DU?$char_traits@D@std@@@std@@MAE?AV?$fpos@U_Mbstatet@@@2@_JHH@Z 100067bd f i libcpmt:cout.obj
 0001:000057e7       ?seekpos@?$basic_filebuf@DU?$char_traits@D@std@@@std@@MAE?AV?$fpos@U_Mbstatet@@@2@V32@H@Z 100067e7 f i libcpmt:cout.obj
 0001:000058a7       ?seekpos@?$basic_streambuf@DU?$char_traits@D@std@@@std@@MAE?AV?$fpos@U_Mbstatet@@@2@V32@H@Z 100068a7 f i libcpmt:cout.obj
 0001:000058d1       ?setbuf@?$basic_filebuf@DU?$char_traits@D@std@@@std@@MAEPAV?$basic_streambuf@DU?$char_traits@D@std@@@2@PAD_J@Z 100068d1 f i libcpmt:cout.obj
 0001:0000591f       ?setbuf@?$basic_streambuf@DU?$char_traits@D@std@@@std@@MAEPAV12@PAD_J@Z 1000691f f i libcpmt:cout.obj
 0001:00005924       ?showmanyc@?$basic_streambuf@DU?$char_traits@D@std@@@std@@MAE_JXZ 10006924 f i libcpmt:cout.obj
 0001:00005929       ?sync@?$basic_filebuf@DU?$char_traits@D@std@@@std@@MAEHXZ 10006929 f i libcpmt:cout.obj
 0001:00005961       ?sync@?$basic_streambuf@DU?$char_traits@D@std@@@std@@MAEHXZ 10006961 f i libcpmt:cout.obj
 0001:00005964       ?uflow@?$basic_filebuf@DU?$char_traits@D@std@@@std@@MAEHXZ 10006964 f i libcpmt:cout.obj
 0001:00005b03       ?uflow@?$basic_streambuf@DU?$char_traits@D@std@@@std@@MAEHXZ 10006b03 f i libcpmt:cout.obj
 0001:00005b35       ?underflow@?$basic_filebuf@DU?$char_traits@D@std@@@std@@MAEHXZ 10006b35 f i libcpmt:cout.obj
 0001:00005b83       ?underflow@?$basic_streambuf@DU?$char_traits@D@std@@@std@@MAEHXZ 10006b83 f i libcpmt:cout.obj
 0001:00005b87       ?what@exception@std@@UBEPBDXZ 10006b87 f i libcpmt:cout.obj
 0001:00005b94       ?xsgetn@?$basic_streambuf@DU?$char_traits@D@std@@@std@@MAE_JPAD_J@Z 10006b94 f i libcpmt:cout.obj
 0001:00005c8d       ?xsputn@?$basic_streambuf@DU?$char_traits@D@std@@@std@@MAE_JPBD_J@Z 10006c8d f i libcpmt:cout.obj
 0001:00005e07       ??0_Locimp@locale@std@@AAE@_N@Z 10006e07 f i libcpmt:locale0.obj
 0001:00005e4a       ??1_Fac_node@std@@QAE@XZ   10006e4a f i libcpmt:locale0.obj
 0001:00005ea9       ??1_Fac_tidy_reg_t@std@@QAE@XZ 10006ea9 f i libcpmt:locale0.obj
 0001:00005ed0       ??1_Locimp@locale@std@@MAE@XZ 10006ed0 f i libcpmt:locale0.obj
 0001:00005f2b       ??4?$_Yarn@D@std@@QAEAAV01@PBD@Z 10006f2b f i libcpmt:locale0.obj
 0001:00005f7f       ??_G_Locimp@locale@std@@MAEPAXI@Z 10006f7f f i libcpmt:locale0.obj
 0001:00005f7f       ??_E_Locimp@locale@std@@MAEPAXI@Z 10006f7f f i libcpmt:locale0.obj
 0001:00005fa1       ?_Facet_Register@std@@YAXPAV_Facet_base@1@@Z 10006fa1 f   libcpmt:locale0.obj
 0001:00005fcf       ?_Getgloballocale@locale@std@@CAPAV_Locimp@12@XZ 10006fcf f   libcpmt:locale0.obj
 0001:00005fd5       ?_Init@locale@std@@CAPAV_Locimp@12@_N@Z 10006fd5 f   libcpmt:locale0.obj
 0001:00006063       ?_Locimp_dtor@_Locimp@locale@std@@CAXPAV123@@Z 10007063 f   libcpmt:locale0.obj
 0001:000060d8       ?_Locinfo_ctor@_Locinfo@std@@SAXPAV12@PBD@Z 100070d8 f   libcpmt:locale0.obj
 0001:00006123       ?_Locinfo_dtor@_Locinfo@std@@SAXPAV12@@Z 10007123 f   libcpmt:locale0.obj
 0001:00006145       ?_New_Locimp@_Locimp@locale@std@@CAPAV123@_N@Z 10007145 f   libcpmt:locale0.obj
 0001:0000616a       ?_Setgloballocale@locale@std@@CAXPAX@Z 1000716a f   libcpmt:locale0.obj
 0001:00006192       __Deletegloballocale       10007192 f   libcpmt:locale0.obj
 0001:000061f7       ??0bad_alloc@std@@QAE@ABV01@@Z 100071f7 f i libcpmt:xthrow.obj
 0001:00006212       ??0bad_alloc@std@@QAE@XZ   10007212 f i libcpmt:xthrow.obj
 0001:0000622a       ??0length_error@std@@QAE@ABV01@@Z 1000722a f i libcpmt:xthrow.obj
 0001:00006245       ??0length_error@std@@QAE@PBD@Z 10007245 f i libcpmt:xthrow.obj
 0001:00006266       ??0logic_error@std@@QAE@ABV01@@Z 10007266 f i libcpmt:xthrow.obj
 0001:00006281       ??0out_of_range@std@@QAE@ABV01@@Z 10007281 f i libcpmt:xthrow.obj
 0001:0000629c       ??0out_of_range@std@@QAE@PBD@Z 1000729c f i libcpmt:xthrow.obj
 0001:000062bd       ??1bad_array_new_length@std@@UAE@XZ 100072bd f i LIBCMT:throw_bad_alloc.obj
 0001:000062bd       ??1bad_cast@std@@UAE@XZ    100072bd f i libcpmt:cout.obj
 0001:000062bd       ??1bad_alloc@std@@UAE@XZ   100072bd f i libcpmt:xthrow.obj
 0001:000062bd       ??1out_of_range@std@@UAE@XZ 100072bd f i libcpmt:xthrow.obj
 0001:000062bd       ??1bad_exception@std@@UAE@XZ 100072bd f i libvcruntime:frame.obj
 0001:000062bd       ??1length_error@std@@UAE@XZ 100072bd f i libcpmt:xthrow.obj
 0001:000062ce       ?_Xlength_error@std@@YAXPBD@Z 100072ce f   libcpmt:xthrow.obj
 0001:000062ee       ?_Xout_of_range@std@@YAXPBD@Z 100072ee f   libcpmt:xthrow.obj
 0001:0000630e       ?_Syserror_map@std@@YAPBDH@Z 1000730e f   libcpmt:syserror.obj
 0001:00006333       __Getctype                 10007333 f   libcpmt:_tolower.obj
 0001:0000639e       __Tolower                  1000739e f   libcpmt:_tolower.obj
 0001:00006498       __Getcvt                   10007498 f   libcpmt:xwctomb.obj
 0001:00006505       __Toupper                  10007505 f   libcpmt:_toupper.obj
 0001:000065ff       __Mtxdst                   100075ff f   libcpmt:xmtx.obj
 0001:0000660d       __Mtxinit                  1000760d f   libcpmt:xmtx.obj
 0001:00006624       __Mtxlock                  10007624 f   libcpmt:xmtx.obj
 0001:00006632       __Mtxunlock                10007632 f   libcpmt:xmtx.obj
 0001:00006640       ?_Addstd@ios_base@std@@SAXPAV12@@Z 10007640 f   libcpmt:ios.obj
 0001:00006691       ?_Callfns@ios_base@std@@AAEXW4event@12@@Z 10007691 f i libcpmt:ios.obj
 0001:000066c3       ?_Ios_base_dtor@ios_base@std@@CAXPAV12@@Z 100076c3 f   libcpmt:ios.obj
 0001:00006703       ?_Tidy@ios_base@std@@AAEXXZ 10007703 f i libcpmt:ios.obj
 0001:0000674b       ??1_Init_atexit@@QAE@XZ    1000774b f i libcpmt:iosptrs.obj
 0001:000067af       ?_Atexit@@YAXP6AXXZ@Z      100077af f   libcpmt:iosptrs.obj
 0001:000067dd       ___crtLCMapStringA         100077dd f   libcpmt:StlLCMapStringA.obj
 0001:000069e0       __freea_crt                100079e0 f i libcpmt:StlLCMapStringA.obj
 0001:00006da8       ___crtInitializeCriticalSectionEx 10007da8 f   libcpmt:winapisupp.obj
 0001:00006de0       _GetTableIndexFromLocaleName 10007de0 f   libcpmt:winapinls.obj
 0001:00006e2e       ___crtDownlevelLocaleNameToLCID 10007e2e f   libcpmt:winapinls.obj
 0001:00006e58       ___crtLCMapStringEx        10007e58 f   libcpmt:winapinls.obj
 0001:00006eae       ___wcsnicmp_ascii          10007eae f   libcpmt:winapinls.obj
 0001:00006f21       @__security_check_cookie@4 10007f21 f   LIBCMT:_secchk_.obj
 0001:00006f32       ??_V@YAXPAX@Z              10007f32 f   LIBCMT:delete_array.obj
 0001:00006ff7       ??$__crt_fast_encode_pointer@P6GHPAU_RTL_CONDITION_VARIABLE@@PAU_RTL_CRITICAL_SECTION@@K@Z@@YAP6GHPAU_RTL_CONDITION_VARIABLE@@PAU_RTL_CRITICAL_SECTION@@K@ZQ6GH01K@Z@Z 10007ff7 f i LIBCMT:thread_safe_statics.obj
 0001:00006ff7       ??$__crt_fast_encode_pointer@PAX@@YAPAXQAX@Z 10007ff7 f i libvcruntime:winapi_downlevel.obj
 0001:00006ff7       ??$__crt_fast_encode_pointer@P6GXPAU_RTL_CONDITION_VARIABLE@@@Z@@YAP6GXPAU_RTL_CONDITION_VARIABLE@@@ZQ6GX0@Z@Z 10007ff7 f i LIBCMT:thread_safe_statics.obj
 0001:00006ff7       ??$__crt_fast_encode_pointer@PAP6AXXZ@@YAPAP6AXXZQAP6AXXZ@Z 10007ff7 f i LIBCMT:utility.obj
 0001:00007030       __Init_thread_footer       10008030 f   LIBCMT:thread_safe_statics.obj
 0001:0000706f       __Init_thread_header       1000806f f   LIBCMT:thread_safe_statics.obj
 0001:000070b5       __Init_thread_lock         100080b5 f   LIBCMT:thread_safe_statics.obj
 0001:000070c1       __Init_thread_notify       100080c1 f   LIBCMT:thread_safe_statics.obj
 0001:00007102       __Init_thread_unlock       10008102 f   LIBCMT:thread_safe_statics.obj
 0001:0000710e       __Init_thread_wait         1000810e f   LIBCMT:thread_safe_statics.obj
 0001:00007173       ??2@YAPAXI@Z               10008173 f   LIBCMT:new_scalar.obj
 0001:000071ea       ___scrt_acquire_startup_lock 100081ea f   LIBCMT:utility.obj
 0001:0000721f       ___scrt_dllmain_after_initialize_c 1000821f f   LIBCMT:utility.obj
 0001:0000724a       ___scrt_dllmain_before_initialize_c 1000824a f   LIBCMT:utility.obj
 0001:00007258       ___scrt_dllmain_crt_thread_attach 10008258 f   LIBCMT:utility.obj
 0001:00007277       ___scrt_dllmain_crt_thread_detach 10008277 f   LIBCMT:utility.obj
 0001:00007284       ___scrt_dllmain_exception_filter 10008284 f   LIBCMT:utility.obj
 0001:000072b7       ___scrt_dllmain_uninitialize_c 100082b7 f   LIBCMT:utility.obj
 0001:000072da       ___scrt_dllmain_uninitialize_critical 100082da f   LIBCMT:utility.obj
 0001:000072e7       ___scrt_initialize_crt     100082e7 f   LIBCMT:utility.obj
 0001:00007320       ___scrt_initialize_onexit_tables 10008320 f   LIBCMT:utility.obj
 0001:000073b7       ___scrt_is_nonwritable_in_current_image 100083b7 f   LIBCMT:utility.obj
 0001:00007441       ___scrt_release_startup_lock 10008441 f   LIBCMT:utility.obj
 0001:0000745e       ___scrt_uninitialize_crt   1000845e f   LIBCMT:utility.obj
 0001:00007486       __onexit                   10008486 f   LIBCMT:utility.obj
 0001:000074c1       _atexit                    100084c1 f   LIBCMT:utility.obj
 0001:000074d6       ??3@YAXPAX@Z               100084d6 f   LIBCMT:delete_scalar.obj
 0001:000074db       ??3@YAXPAXI@Z              100084db f   LIBCMT:delete_scalar_size.obj
 0001:000077f1       __DllMainCRTStartup@12     100087f1 f   LIBCMT:dll_dllmain.obj
 0001:00007814       @_guard_check_icall@4      10008814 f i LIBCMT:checkcfg.obj
 0001:0000781a       __EH_epilog3               1000881a f   LIBCMT:ehprolg3.obj
 0001:0000782f       __EH_epilog3_GS            1000882f f   LIBCMT:ehprolg3.obj
 0001:00007840       __EH_prolog3               10008840 f   LIBCMT:ehprolg3.obj
 0001:00007874       __EH_prolog3_GS            10008874 f   LIBCMT:ehprolg3.obj
 0001:000078ab       __EH_prolog3_catch         100088ab f   LIBCMT:ehprolg3.obj
 0001:000078e2       ??_Gtype_info@@UAEPAXI@Z   100088e2 f i LIBCMT:std_type_info_static.obj
 0001:000078e2       ??_Etype_info@@UAEPAXI@Z   100088e2 f i LIBCMT:std_type_info_static.obj
 0001:00007910       __alloca_probe_16          10008910 f   LIBCMT:alloca16.obj
 0001:00007926       __alloca_probe_8           10008926     LIBCMT:alloca16.obj
 0001:00007940       __allmul                   10008940 f   LIBCMT:llmul.obj
 0001:00007980       __aulldiv                  10008980 f   LIBCMT:ulldiv.obj
 0001:000079e8       ___raise_securityfailure   100089e8 f   LIBCMT:gs_report.obj
 0001:00007a10       ___report_gsfailure        10008a10 f   LIBCMT:gs_report.obj
 0001:00007b0b       ___report_rangecheckfailure 10008b0b f   LIBCMT:gs_report.obj
 0001:00007b17       ___report_securityfailure  10008b17 f   LIBCMT:gs_report.obj
 0001:00007be7       ___scrt_fastfail           10008be7 f   LIBCMT:utility_desktop.obj
 0001:00007d02       __crt_debugger_hook        10008d02 f   LIBCMT:utility_desktop.obj
 0001:00007d0a       ??0bad_array_new_length@std@@QAE@ABV01@@Z 10008d0a f i LIBCMT:throw_bad_alloc.obj
 0001:00007d25       ??0bad_array_new_length@std@@QAE@XZ 10008d25 f i LIBCMT:throw_bad_alloc.obj
 0001:00007d3d       ?_Xbad_alloc@std@@YAXXZ    10008d3d f   libcpmt:xthrow.obj
 0001:00007d3d       ?__scrt_throw_std_bad_alloc@@YAXXZ 10008d3d f   LIBCMT:throw_bad_alloc.obj
 0001:00007d5a       ?__scrt_throw_std_bad_array_new_length@@YAXXZ 10008d5a f   LIBCMT:throw_bad_alloc.obj
 0001:00007d77       ___isa_available_init      10008d77 f   LIBCMT:_cpu_disp_.obj
 0001:00007f11       ___scrt_is_ucrt_dll_in_use 10008f11 f   LIBCMT:ucrt_detection.obj
 0001:00007f20       __SEH_prolog4              10008f20 f   LIBCMT:_sehprolg4_.obj
 0001:00007f66       __SEH_epilog4              10008f66 f   LIBCMT:_sehprolg4_.obj
 0001:00007f7b       ___security_init_cookie    10008f7b f   LIBCMT:gs_support.obj
 0001:00008017       _DllMain@12                10009017 f   LIBCMT:dll_dllmain_stub.obj
 0001:0000801d       ?__scrt_initialize_type_info@@YAXXZ 1000901d f   LIBCMT:tncleanup.obj
 0001:00008029       ?__scrt_uninitialize_type_info@@YAXXZ 10009029 f   LIBCMT:tncleanup.obj
 0001:00008035       ___local_stdio_scanf_options 10009035 f i LIBCMT:default_local_stdio_options.obj
 0001:0000803b       ___scrt_initialize_default_local_stdio_options 1000903b f   LIBCMT:default_local_stdio_options.obj
 0001:00008058       ___scrt_get_dyn_tls_init_callback 10009058 f   LIBCMT:dyn_tls_init.obj
 0001:0000805e       __RTC_Initialize           1000905e f   LIBCMT:_initsect_.obj
 0001:00008089       __RTC_Terminate            10009089 f   LIBCMT:_initsect_.obj
 0001:000080c0       __chkstk                   100090c0 f   LIBCMT:chkstk.obj
 0001:000080c0       __alloca_probe             100090c0 f   LIBCMT:chkstk.obj
 0001:000080f0       _memmove                   100090f0 f   libvcruntime:memmove.obj
 0001:00008664       __get_purecall_handler     10009664 f   libvcruntime:purevirt.obj
 0001:00008683       __purecall                 10009683 f   libvcruntime:purevirt.obj
 0001:0000869e       ___DestructExceptionObject 1000969e f   libvcruntime:frame.obj
 0001:00008732       ??0bad_exception@std@@QAE@ABV01@@Z 10009732 f i libvcruntime:frame.obj
 0001:0000874d       ??0bad_exception@std@@QAE@XZ 1000974d f i libvcruntime:frame.obj
 0001:00008f7e       ?_CallMemberFunction1@@YGXQAX00@Z 10009f7e f i libvcruntime:frame.obj
 0001:00008f7e       ?_CallMemberFunction0@@YGXQAX0@Z 10009f7e f i libvcruntime:frame.obj
 0001:00008f7e       ?_CallMemberFunction2@@YGXQAX00H@Z 10009f7e f i libvcruntime:frame.obj
 0001:00008f85       ___AdjustPointer           10009f85 f   libvcruntime:frame.obj
 0001:00008faa       ___BuildCatchObject        10009faa f   libvcruntime:frame.obj
 0001:00009039       ___BuildCatchObjectHelper  1000a039 f   libvcruntime:frame.obj
 0001:00009167       ___FrameUnwindFilter       1000a167 f   libvcruntime:frame.obj
 0001:000091ac       ___FrameUnwindToState      1000a1ac f   libvcruntime:frame.obj
 0001:00009274       ___InternalCxxFrameHandler 1000a274 f   libvcruntime:frame.obj
 0001:00009370       ___TypeMatch               1000a370 f   libvcruntime:frame.obj
 0001:000093fe       ___std_terminate           1000a3fe f   libvcruntime:frame.obj
 0001:00009403       ___std_exception_copy      1000a403 f   libvcruntime:std_exception.obj
 0001:00009466       ___std_exception_destroy   1000a466 f   libvcruntime:std_exception.obj
 0001:00009485       __CxxThrowException@8      1000a485 f   libvcruntime:throw.obj
 0001:000094f3       ?_CallCatchBlock2@@YAPAXPAUEHRegistrationNode@@PBU_s_FuncInfo@@PAXHK@Z 1000a4f3 f   libvcruntime:trnsctrl.obj
 0001:00009553       ?_CallSETranslator@@YAHPAUEHExceptionRecord@@PAUEHRegistrationNode@@PAX2PBU_s_FuncInfo@@H1@Z 1000a553 f   libvcruntime:trnsctrl.obj
 0001:00009630       ?_GetRangeOfTrysToCheck@@YAPBU_s_TryBlockMapEntry@@PBU_s_FuncInfo@@HHPAI1@Z 1000a630 f   libvcruntime:trnsctrl.obj
 0001:000096a8       ?_JumpToContinuation@@YGXPAXPAUEHRegistrationNode@@@Z 1000a6a8 f   libvcruntime:trnsctrl.obj
 0001:000096da       ?_UnwindNestedFrames@@YGXPAUEHRegistrationNode@@PAUEHExceptionRecord@@@Z 1000a6da f   libvcruntime:trnsctrl.obj
 0001:0000972f       __CatchGuardHandler        1000a72f f   libvcruntime:trnsctrl.obj
 0001:00009760       __CreateFrameInfo          1000a760 f   libvcruntime:trnsctrl.obj
 0001:00009784       __FindAndUnlinkFrame       1000a784 f   libvcruntime:trnsctrl.obj
 0001:000097ce       __IsExceptionObjectToBeDestroyed 1000a7ce f   libvcruntime:trnsctrl.obj
 0001:000097f4       __TranslatorGuardHandler   1000a7f4 f   libvcruntime:trnsctrl.obj
 0001:00009893       ___CxxFrameHandler3        1000a893 f   libvcruntime:trnsctrl.obj
 0001:000098d0       _memcpy                    1000a8d0 f   libvcruntime:memcpy.obj
 0001:00009e50       _memset                    1000ae50 f   libvcruntime:memset.obj
 0001:00009fb0       _memchr                    1000afb0 f   libvcruntime:memchr.obj
 0001:0000a05d       _memcmp                    1000b05d f   libvcruntime:_memcmp_.obj
 0001:0000b8fe       ___vcrt_FlsAlloc           1000c8fe f   libvcruntime:winapi_downlevel.obj
 0001:0000b938       ___vcrt_FlsFree            1000c938 f   libvcruntime:winapi_downlevel.obj
 0001:0000b972       ___vcrt_FlsGetValue        1000c972 f   libvcruntime:winapi_downlevel.obj
 0001:0000b9ac       ___vcrt_FlsSetValue        1000c9ac f   libvcruntime:winapi_downlevel.obj
 0001:0000b9e9       ___vcrt_InitializeCriticalSectionEx 1000c9e9 f   libvcruntime:winapi_downlevel.obj
 0001:0000ba2f       ___vcrt_initialize_winapi_thunks 1000ca2f f   libvcruntime:winapi_downlevel.obj
 0001:0000ba69       ___vcrt_uninitialize_winapi_thunks 1000ca69 f   libvcruntime:winapi_downlevel.obj
 0001:0000ba9b       ___vcrt_initialize         1000ca9b f   libvcruntime:initialization.obj
 0001:0000bac4       ___vcrt_thread_attach      1000cac4 f   libvcruntime:initialization.obj
 0001:0000bacf       ___vcrt_thread_detach      1000cacf f   libvcruntime:initialization.obj
 0001:0000bada       ___vcrt_uninitialize       1000cada f   libvcruntime:initialization.obj
 0001:0000baf9       ___vcrt_uninitialize_critical 1000caf9 f   libvcruntime:initialization.obj
 0001:0000bb50       __except_handler4          1000cb50 f   libvcruntime:_chandler4_.obj
 0001:0000bcb6       ___std_type_info_compare   1000ccb6 f   libvcruntime:std_type_info.obj
 0001:0000bcf2       ___std_type_info_destroy_list 1000ccf2 f   libvcruntime:std_type_info.obj
 0001:0000bd15       ___vcrt_initialize_pure_virtual_call_handler 1000cd15 f   libvcruntime:purevirt_data.obj
 0001:0000bd32       _unexpected                1000cd32 f   libvcruntime:unexpected.obj
 0001:0000bd4e       ___vcrt_freefls@4          1000cd4e f   libvcruntime:per_thread_data.obj
 0001:0000bd6a       ___vcrt_freeptd            1000cd6a f   libvcruntime:per_thread_data.obj
 0001:0000bda0       ___vcrt_getptd             1000cda0 f   libvcruntime:per_thread_data.obj
 0001:0000bdae       ___vcrt_getptd_noexit      1000cdae f   libvcruntime:per_thread_data.obj
 0001:0000be40       ___vcrt_initialize_ptd     1000ce40 f   libvcruntime:per_thread_data.obj
 0001:0000be73       ___vcrt_uninitialize_ptd   1000ce73 f   libvcruntime:per_thread_data.obj
 0001:0000be90       __CallSettingFrame@12      1000ce90 f   libvcruntime:lowhelpr.obj
 0001:0000beb7       __NLG_Return               1000ceb7     libvcruntime:lowhelpr.obj
 0001:0000bedc       ___vcrt_initialize_locks   1000cedc f   libvcruntime:locks.obj
 0001:0000bf18       ___vcrt_uninitialize_locks 1000cf18 f   libvcruntime:locks.obj
 0001:0000bf50       __local_unwind4            1000cf50 f   libvcruntime:_exsup4_.obj
 0001:0000c026       __seh_longjmp_unwind4@4    1000d026 f   libvcruntime:_exsup4_.obj
 0001:0000c04e       @_EH4_CallFilterFunc@8     1000d04e f   libvcruntime:_exsup4_.obj
 0001:0000c065       @_EH4_TransferToHandler@8  1000d065 f   libvcruntime:_exsup4_.obj
 0001:0000c07e       @_EH4_GlobalUnwind2@8      1000d07e f   libvcruntime:_exsup4_.obj
 0001:0000c097       @_EH4_LocalUnwind@16       1000d097 f   libvcruntime:_exsup4_.obj
 0001:0000c0b0       __global_unwind2           1000d0b0 f   libvcruntime:_exsup_.obj
 0001:0000c115       __local_unwind2            1000d115 f   libvcruntime:_exsup_.obj
 0001:0000c199       __abnormal_termination     1000d199 f   libvcruntime:_exsup_.obj
 0001:0000c1bc       __NLG_Notify1              1000d1bc f   libvcruntime:_exsup_.obj
 0001:0000c1c5       __NLG_Notify               1000d1c5 f   libvcruntime:_exsup_.obj
 0001:0000c1dc       __NLG_Dispatch2            1000d1dc     libvcruntime:_exsup_.obj
 0001:0000c1dc       __NLG_Dispatch             1000d1dc     libvcruntime:_exsup_.obj
 0001:0000c1e4       __NLG_Call                 1000d1e4 f   libvcruntime:_exsup_.obj
 0001:0000c1e6       __NLG_Return2              1000d1e6     libvcruntime:_exsup_.obj
 0001:0000c1e7       _abort                     1000d1e7 f   libucrt:abort.obj
 0001:0000c22a       _calloc                    1000d22a f   libucrt:calloc.obj
 0001:0000c235       ___acrt_call_reportfault   1000d235 f   libucrt:invalid_parameter.obj
 0001:0000c370       ___acrt_initialize_invalid_parameter_handler 1000d370 f   libucrt:invalid_parameter.obj
 0001:0000c384       __invalid_parameter        1000d384 f   libucrt:invalid_parameter.obj
 0001:0000c3ff       __invalid_parameter_noinfo 1000d3ff f   libucrt:invalid_parameter.obj
 0001:0000c40f       __invalid_parameter_noinfo_noreturn 1000d40f f   libucrt:invalid_parameter.obj
 0001:0000c42c       __invoke_watson            1000d42c f   libucrt:invalid_parameter.obj
 0001:0000c460       _strcspn                   1000d460 f   libucrt:strcspn.obj
 0001:0000c4a6       ??$?RV<lambda_ab9923ffb5d694ec0d78876dd103e44f>@@AAV<lambda_481dd5778c961fbcd3b60b650e9b9dc4>@@V<lambda_7923d86c9e3f319b415918ec4b39749c>@@@?$__crt_seh_guarded_call@H@@QAEH$$QAV<lambda_ab9923ffb5d694ec0d78876dd103e44f>@@AAV<lambda_481dd5778c961fbcd3b60b650e9b9dc4>@@$$QAV<lambda_7923d86c9e3f319b415918ec4b39749c>@@@Z 1000d4a6 f i libucrt:output.obj
 0001:0000c4f7       ??$__acrt_lock_stream_and_call@V<lambda_481dd5778c961fbcd3b60b650e9b9dc4>@@@@YAHQAU_iobuf@@$$QAV<lambda_481dd5778c961fbcd3b60b650e9b9dc4>@@@Z 1000d4f7 f i libucrt:output.obj
 0001:0000ca14       ??$count@D@formatting_buffer@__crt_stdio_output@@QBEIXZ 1000da14 f i libucrt:output.obj
 0001:0000ca2c       ??$ensure_buffer_is_big_enough@D@formatting_buffer@__crt_stdio_output@@QAE_NI@Z 1000da2c f i libucrt:output.obj
 0001:0000cab2       ??$is_wide_character_specifier@D@__crt_stdio_output@@YA_N_KDW4length_modifier@0@@Z 1000dab2 f i libucrt:output.obj
 0001:0000caf2       ??$is_wide_character_specifier@_W@__crt_stdio_output@@YA_N_K_WW4length_modifier@0@@Z 1000daf2 f i libucrt:output.obj
 0001:0000cb41       ??$scratch_data@D@formatting_buffer@__crt_stdio_output@@QAEPADXZ 1000db41 f i libucrt:output.obj
 0001:0000cb5f       ??$type_case_integer_parse_into_buffer@I@?$output_processor@DV?$string_output_adapter@D@__crt_stdio_output@@V?$format_validation_base@DV?$string_output_adapter@D@__crt_stdio_output@@@2@@__crt_stdio_output@@AAEXII_N@Z 1000db5f f i libucrt:output.obj
 0001:0000cb5f       ??$type_case_integer_parse_into_buffer@I@?$output_processor@DV?$string_output_adapter@D@__crt_stdio_output@@V?$standard_base@DV?$string_output_adapter@D@__crt_stdio_output@@@2@@__crt_stdio_output@@AAEXII_N@Z 1000db5f f i libucrt:output.obj
 0001:0000cb5f       ??$type_case_integer_parse_into_buffer@I@?$output_processor@_WV?$string_output_adapter@_W@__crt_stdio_output@@V?$standard_base@_WV?$string_output_adapter@_W@__crt_stdio_output@@@2@@__crt_stdio_output@@AAEXII_N@Z 1000db5f f i libucrt:output.obj
 0001:0000cb5f       ??$type_case_integer_parse_into_buffer@I@?$output_processor@_WV?$stream_output_adapter@_W@__crt_stdio_output@@V?$standard_base@_WV?$stream_output_adapter@_W@__crt_stdio_output@@@2@@__crt_stdio_output@@AAEXII_N@Z 1000db5f f i libucrt:output.obj
 0001:0000cbd4       ??$type_case_integer_parse_into_buffer@_K@?$output_processor@_WV?$string_output_adapter@_W@__crt_stdio_output@@V?$standard_base@_WV?$string_output_adapter@_W@__crt_stdio_output@@@2@@__crt_stdio_output@@AAEX_KI_N@Z 1000dbd4 f i libucrt:output.obj
 0001:0000cbd4       ??$type_case_integer_parse_into_buffer@_K@?$output_processor@DV?$string_output_adapter@D@__crt_stdio_output@@V?$standard_base@DV?$string_output_adapter@D@__crt_stdio_output@@@2@@__crt_stdio_output@@AAEX_KI_N@Z 1000dbd4 f i libucrt:output.obj
 0001:0000cbd4       ??$type_case_integer_parse_into_buffer@_K@?$output_processor@_WV?$stream_output_adapter@_W@__crt_stdio_output@@V?$standard_base@_WV?$stream_output_adapter@_W@__crt_stdio_output@@@2@@__crt_stdio_output@@AAEX_KI_N@Z 1000dbd4 f i libucrt:output.obj
 0001:0000cbd4       ??$type_case_integer_parse_into_buffer@_K@?$output_processor@DV?$string_output_adapter@D@__crt_stdio_output@@V?$format_validation_base@DV?$string_output_adapter@D@__crt_stdio_output@@@2@@__crt_stdio_output@@AAEX_KI_N@Z 1000dbd4 f i libucrt:output.obj
 0001:0000cc5c       ??$write_multiple_characters@V?$stream_output_adapter@_W@__crt_stdio_output@@D@__crt_stdio_output@@YAXABV?$stream_output_adapter@_W@0@DHQAH@Z 1000dc5c f i libucrt:output.obj
 0001:0000cc8d       ??$write_multiple_characters@V?$string_output_adapter@D@__crt_stdio_output@@D@__crt_stdio_output@@YAXABV?$string_output_adapter@D@0@DHQAH@Z 1000dc8d f i libucrt:output.obj
 0001:0000ccb9       ??$write_multiple_characters@V?$string_output_adapter@_W@__crt_stdio_output@@D@__crt_stdio_output@@YAXABV?$string_output_adapter@_W@0@DHQAH@Z 1000dcb9 f i libucrt:output.obj
 0001:0000ccea       ??0?$common_data@D@__crt_stdio_output@@IAE@XZ 1000dcea f i libucrt:output.obj
 0001:0000cd31       ??0?$common_data@_W@__crt_stdio_output@@IAE@XZ 1000dd31 f i libucrt:output.obj
 0001:0000cd7d       ??0?$output_adapter_data@DV?$string_output_adapter@D@__crt_stdio_output@@@__crt_stdio_output@@IAE@ABV?$string_output_adapter@D@1@_KQBDQAU__crt_locale_pointers@@QAD@Z 1000dd7d f i libucrt:output.obj
 0001:0000cdb9       ??0?$output_adapter_data@_WV?$stream_output_adapter@_W@__crt_stdio_output@@@__crt_stdio_output@@IAE@ABV?$stream_output_adapter@_W@1@_KQB_WQAU__crt_locale_pointers@@QAD@Z 1000ddb9 f i libucrt:output.obj
 0001:0000cdb9       ??0?$output_adapter_data@_WV?$string_output_adapter@_W@__crt_stdio_output@@@__crt_stdio_output@@IAE@ABV?$string_output_adapter@_W@1@_KQB_WQAU__crt_locale_pointers@@QAD@Z 1000ddb9 f i libucrt:output.obj
 0001:0000cdf5       ??0?$output_processor@DV?$string_output_adapter@D@__crt_stdio_output@@V?$standard_base@DV?$string_output_adapter@D@__crt_stdio_output@@@2@@__crt_stdio_output@@QAE@ABV?$string_output_adapter@D@1@_KQBDQAU__crt_locale_pointers@@QAD@Z 1000ddf5 f i libucrt:output.obj
 0001:0000cdf5       ??0?$output_processor@DV?$string_output_adapter@D@__crt_stdio_output@@V?$format_validation_base@DV?$string_output_adapter@D@__crt_stdio_output@@@2@@__crt_stdio_output@@QAE@ABV?$string_output_adapter@D@1@_KQBDQAU__crt_locale_pointers@@QAD@Z 1000ddf5 f i libucrt:output.obj
 0001:0000ce2a       ??0?$output_processor@_WV?$stream_output_adapter@_W@__crt_stdio_output@@V?$standard_base@_WV?$stream_output_adapter@_W@__crt_stdio_output@@@2@@__crt_stdio_output@@QAE@ABV?$stream_output_adapter@_W@1@_KQB_WQAU__crt_locale_pointers@@QAD@Z 1000de2a f i libucrt:output.obj
 0001:0000ce2a       ??0?$output_processor@_WV?$string_output_adapter@_W@__crt_stdio_output@@V?$standard_base@_WV?$string_output_adapter@_W@__crt_stdio_output@@@2@@__crt_stdio_output@@QAE@ABV?$string_output_adapter@_W@1@_KQB_WQAU__crt_locale_pointers@@QAD@Z 1000de2a f i libucrt:output.obj
 0001:0000ce5f       ??0_LocaleUpdate@@QAE@QAU__crt_locale_pointers@@@Z 1000de5f f i libucrt:output.obj
 0001:0000cee2       ??1formatting_buffer@__crt_stdio_output@@QAE@XZ 1000dee2 f i libucrt:output.obj
 0001:0000cefc       ??4?$__crt_unique_heap_ptr@DU__crt_internal_free_policy@@@@QAEAAV0@$$QAV0@@Z 1000defc f i libucrt:output.obj
 0001:0000cfdd       ?crop_zeroes@__crt_stdio_output@@YAXPADQAU__crt_locale_pointers@@@Z 1000dfdd f i libucrt:output.obj
 0001:0000d034       ?find_next_state@?$output_processor@DV?$string_output_adapter@D@__crt_stdio_output@@V?$format_validation_base@DV?$string_output_adapter@D@__crt_stdio_output@@@2@@__crt_stdio_output@@ABE?AW4state@2@DW432@@Z 1000e034 f i libucrt:output.obj
 0001:0000d069       ?find_next_state@?$output_processor@DV?$string_output_adapter@D@__crt_stdio_output@@V?$standard_base@DV?$string_output_adapter@D@__crt_stdio_output@@@2@@__crt_stdio_output@@ABE?AW4state@2@DW432@@Z 1000e069 f i libucrt:output.obj
 0001:0000d09b       ?find_next_state@?$output_processor@_WV?$stream_output_adapter@_W@__crt_stdio_output@@V?$standard_base@_WV?$stream_output_adapter@_W@__crt_stdio_output@@@2@@__crt_stdio_output@@ABE?AW4state@2@_WW432@@Z 1000e09b f i libucrt:output.obj
 0001:0000d09b       ?find_next_state@?$output_processor@_WV?$string_output_adapter@_W@__crt_stdio_output@@V?$standard_base@_WV?$string_output_adapter@_W@__crt_stdio_output@@@2@@__crt_stdio_output@@ABE?AW4state@2@_WW432@@Z 1000e09b f i libucrt:output.obj
 0001:0000d0cf       ?force_decimal_point@__crt_stdio_output@@YAXPADQAU__crt_locale_pointers@@@Z 1000e0cf f i libucrt:output.obj
 0001:0000d12b       ?parse_int_from_format_string@?$output_processor@DV?$string_output_adapter@D@__crt_stdio_output@@V?$standard_base@DV?$string_output_adapter@D@__crt_stdio_output@@@2@@__crt_stdio_output@@AAE_NQAH@Z 1000e12b f i libucrt:output.obj
 0001:0000d12b       ?parse_int_from_format_string@?$output_processor@DV?$string_output_adapter@D@__crt_stdio_output@@V?$format_validation_base@DV?$string_output_adapter@D@__crt_stdio_output@@@2@@__crt_stdio_output@@AAE_NQAH@Z 1000e12b f i libucrt:output.obj
 0001:0000d187       ?parse_int_from_format_string@?$output_processor@_WV?$string_output_adapter@_W@__crt_stdio_output@@V?$standard_base@_WV?$string_output_adapter@_W@__crt_stdio_output@@@2@@__crt_stdio_output@@AAE_NQAH@Z 1000e187 f i libucrt:output.obj
 0001:0000d187       ?parse_int_from_format_string@?$output_processor@_WV?$stream_output_adapter@_W@__crt_stdio_output@@V?$standard_base@_WV?$stream_output_adapter@_W@__crt_stdio_output@@@2@@__crt_stdio_output@@AAE_NQAH@Z 1000e187 f i libucrt:output.obj
 0001:0000d1e5       ?process@?$output_processor@DV?$string_output_adapter@D@__crt_stdio_output@@V?$format_validation_base@DV?$string_output_adapter@D@__crt_stdio_output@@@2@@__crt_stdio_output@@QAEHXZ 1000e1e5 f i libucrt:output.obj
 0001:0000d30d       ?process@?$output_processor@DV?$string_output_adapter@D@__crt_stdio_output@@V?$standard_base@DV?$string_output_adapter@D@__crt_stdio_output@@@2@@__crt_stdio_output@@QAEHXZ 1000e30d f i libucrt:output.obj
 0001:0000d429       ?process@?$output_processor@_WV?$stream_output_adapter@_W@__crt_stdio_output@@V?$standard_base@_WV?$stream_output_adapter@_W@__crt_stdio_output@@@2@@__crt_stdio_output@@QAEHXZ 1000e429 f i libucrt:output.obj
 0001:0000d549       ?process@?$output_processor@_WV?$string_output_adapter@_W@__crt_stdio_output@@V?$standard_base@_WV?$string_output_adapter@_W@__crt_stdio_output@@@2@@__crt_stdio_output@@QAEHXZ 1000e549 f i libucrt:output.obj
 0001:0000d669       ?state_case_flag@?$output_processor@DV?$string_output_adapter@D@__crt_stdio_output@@V?$format_validation_base@DV?$string_output_adapter@D@__crt_stdio_output@@@2@@__crt_stdio_output@@AAE_NXZ 1000e669 f i libucrt:output.obj
 0001:0000d669       ?state_case_flag@?$output_processor@DV?$string_output_adapter@D@__crt_stdio_output@@V?$standard_base@DV?$string_output_adapter@D@__crt_stdio_output@@@2@@__crt_stdio_output@@AAE_NXZ 1000e669 f i libucrt:output.obj
 0001:0000d6a6       ?state_case_flag@?$output_processor@_WV?$string_output_adapter@_W@__crt_stdio_output@@V?$standard_base@_WV?$string_output_adapter@_W@__crt_stdio_output@@@2@@__crt_stdio_output@@AAE_NXZ 1000e6a6 f i libucrt:output.obj
 0001:0000d6a6       ?state_case_flag@?$output_processor@_WV?$stream_output_adapter@_W@__crt_stdio_output@@V?$standard_base@_WV?$stream_output_adapter@_W@__crt_stdio_output@@@2@@__crt_stdio_output@@AAE_NXZ 1000e6a6 f i libucrt:output.obj
 0001:0000d6e3       ?state_case_normal@?$output_processor@DV?$string_output_adapter@D@__crt_stdio_output@@V?$standard_base@DV?$string_output_adapter@D@__crt_stdio_output@@@2@@__crt_stdio_output@@AAE_NXZ 1000e6e3 f i libucrt:output.obj
 0001:0000d6e3       ?state_case_normal@?$output_processor@DV?$string_output_adapter@D@__crt_stdio_output@@V?$format_validation_base@DV?$string_output_adapter@D@__crt_stdio_output@@@2@@__crt_stdio_output@@AAE_NXZ 1000e6e3 f i libucrt:output.obj
 0001:0000d702       ?state_case_normal@?$output_processor@_WV?$stream_output_adapter@_W@__crt_stdio_output@@V?$standard_base@_WV?$stream_output_adapter@_W@__crt_stdio_output@@@2@@__crt_stdio_output@@AAE_NXZ 1000e702 f i libucrt:output.obj
 0001:0000d721       ?state_case_normal@?$output_processor@_WV?$string_output_adapter@_W@__crt_stdio_output@@V?$standard_base@_WV?$string_output_adapter@_W@__crt_stdio_output@@@2@@__crt_stdio_output@@AAE_NXZ 1000e721 f i libucrt:output.obj
 0001:0000d740       ?state_case_normal_common@?$output_processor@DV?$string_output_adapter@D@__crt_stdio_output@@V?$format_validation_base@DV?$string_output_adapter@D@__crt_stdio_output@@@2@@__crt_stdio_output@@AAE_NXZ 1000e740 f i libucrt:output.obj
 0001:0000d740       ?state_case_normal_common@?$output_processor@DV?$string_output_adapter@D@__crt_stdio_output@@V?$standard_base@DV?$string_output_adapter@D@__crt_stdio_output@@@2@@__crt_stdio_output@@AAE_NXZ 1000e740 f i libucrt:output.obj
 0001:0000d76a       ?state_case_normal_common@?$output_processor@_WV?$stream_output_adapter@_W@__crt_stdio_output@@V?$standard_base@_WV?$stream_output_adapter@_W@__crt_stdio_output@@@2@@__crt_stdio_output@@AAE_NXZ 1000e76a f i libucrt:output.obj
 0001:0000d785       ?state_case_normal_common@?$output_processor@_WV?$string_output_adapter@_W@__crt_stdio_output@@V?$standard_base@_WV?$string_output_adapter@_W@__crt_stdio_output@@@2@@__crt_stdio_output@@AAE_NXZ 1000e785 f i libucrt:output.obj
 0001:0000d7a0       ?state_case_normal_tchar@?$output_processor@DV?$string_output_adapter@D@__crt_stdio_output@@V?$standard_base@DV?$string_output_adapter@D@__crt_stdio_output@@@2@@__crt_stdio_output@@AAE_ND@Z 1000e7a0 f i libucrt:output.obj
 0001:0000d7a0       ?state_case_normal_tchar@?$output_processor@DV?$string_output_adapter@D@__crt_stdio_output@@V?$format_validation_base@DV?$string_output_adapter@D@__crt_stdio_output@@@2@@__crt_stdio_output@@AAE_ND@Z 1000e7a0 f i libucrt:output.obj
 0001:0000d801       ?state_case_precision@?$output_processor@DV?$string_output_adapter@D@__crt_stdio_output@@V?$format_validation_base@DV?$string_output_adapter@D@__crt_stdio_output@@@2@@__crt_stdio_output@@AAE_NXZ 1000e801 f i libucrt:output.obj
 0001:0000d801       ?state_case_precision@?$output_processor@DV?$string_output_adapter@D@__crt_stdio_output@@V?$standard_base@DV?$string_output_adapter@D@__crt_stdio_output@@@2@@__crt_stdio_output@@AAE_NXZ 1000e801 f i libucrt:output.obj
 0001:0000d829       ?state_case_precision@?$output_processor@_WV?$stream_output_adapter@_W@__crt_stdio_output@@V?$standard_base@_WV?$stream_output_adapter@_W@__crt_stdio_output@@@2@@__crt_stdio_output@@AAE_NXZ 1000e829 f i libucrt:output.obj
 0001:0000d829       ?state_case_precision@?$output_processor@_WV?$string_output_adapter@_W@__crt_stdio_output@@V?$standard_base@_WV?$string_output_adapter@_W@__crt_stdio_output@@@2@@__crt_stdio_output@@AAE_NXZ 1000e829 f i libucrt:output.obj
 0001:0000d852       ?state_case_size@?$output_processor@DV?$string_output_adapter@D@__crt_stdio_output@@V?$format_validation_base@DV?$string_output_adapter@D@__crt_stdio_output@@@2@@__crt_stdio_output@@AAE_NXZ 1000e852 f i libucrt:output.obj
 0001:0000d852       ?state_case_size@?$output_processor@DV?$string_output_adapter@D@__crt_stdio_output@@V?$standard_base@DV?$string_output_adapter@D@__crt_stdio_output@@@2@@__crt_stdio_output@@AAE_NXZ 1000e852 f i libucrt:output.obj
 0001:0000d9bb       ?state_case_size@?$output_processor@_WV?$stream_output_adapter@_W@__crt_stdio_output@@V?$standard_base@_WV?$stream_output_adapter@_W@__crt_stdio_output@@@2@@__crt_stdio_output@@AAE_NXZ 1000e9bb f i libucrt:output.obj
 0001:0000db37       ?state_case_size@?$output_processor@_WV?$string_output_adapter@_W@__crt_stdio_output@@V?$standard_base@_WV?$string_output_adapter@_W@__crt_stdio_output@@@2@@__crt_stdio_output@@AAE_NXZ 1000eb37 f i libucrt:output.obj
 0001:0000dcb3       ?state_case_type@?$output_processor@DV?$string_output_adapter@D@__crt_stdio_output@@V?$standard_base@DV?$string_output_adapter@D@__crt_stdio_output@@@2@@__crt_stdio_output@@AAE_NXZ 1000ecb3 f i libucrt:output.obj
 0001:0000dcb3       ?state_case_type@?$output_processor@DV?$string_output_adapter@D@__crt_stdio_output@@V?$format_validation_base@DV?$string_output_adapter@D@__crt_stdio_output@@@2@@__crt_stdio_output@@AAE_NXZ 1000ecb3 f i libucrt:output.obj
 0001:0000dee2       ?state_case_type@?$output_processor@_WV?$stream_output_adapter@_W@__crt_stdio_output@@V?$standard_base@_WV?$stream_output_adapter@_W@__crt_stdio_output@@@2@@__crt_stdio_output@@AAE_NXZ 1000eee2 f i libucrt:output.obj
 0001:0000e13f       ?state_case_type@?$output_processor@_WV?$string_output_adapter@_W@__crt_stdio_output@@V?$standard_base@_WV?$string_output_adapter@_W@__crt_stdio_output@@@2@@__crt_stdio_output@@AAE_NXZ 1000f13f f i libucrt:output.obj
 0001:0000e39c       ?state_case_width@?$output_processor@DV?$string_output_adapter@D@__crt_stdio_output@@V?$format_validation_base@DV?$string_output_adapter@D@__crt_stdio_output@@@2@@__crt_stdio_output@@AAE_NXZ 1000f39c f i libucrt:output.obj
 0001:0000e39c       ?state_case_width@?$output_processor@DV?$string_output_adapter@D@__crt_stdio_output@@V?$standard_base@DV?$string_output_adapter@D@__crt_stdio_output@@@2@@__crt_stdio_output@@AAE_NXZ 1000f39c f i libucrt:output.obj
 0001:0000e3c7       ?state_case_width@?$output_processor@_WV?$stream_output_adapter@_W@__crt_stdio_output@@V?$standard_base@_WV?$stream_output_adapter@_W@__crt_stdio_output@@@2@@__crt_stdio_output@@AAE_NXZ 1000f3c7 f i libucrt:output.obj
 0001:0000e3c7       ?state_case_width@?$output_processor@_WV?$string_output_adapter@_W@__crt_stdio_output@@V?$standard_base@_WV?$string_output_adapter@_W@__crt_stdio_output@@@2@@__crt_stdio_output@@AAE_NXZ 1000f3c7 f i libucrt:output.obj
 0001:0000e3f3       ?to_integer_size@__crt_stdio_output@@YAIW4length_modifier@1@@Z 1000f3f3 f i libucrt:output.obj
 0001:0000e44f       ?type_case_Z@?$output_processor@DV?$string_output_adapter@D@__crt_stdio_output@@V?$format_validation_base@DV?$string_output_adapter@D@__crt_stdio_output@@@2@@__crt_stdio_output@@AAE_NXZ 1000f44f f i libucrt:output.obj
 0001:0000e44f       ?type_case_Z@?$output_processor@DV?$string_output_adapter@D@__crt_stdio_output@@V?$standard_base@DV?$string_output_adapter@D@__crt_stdio_output@@@2@@__crt_stdio_output@@AAE_NXZ 1000f44f f i libucrt:output.obj
 0001:0000e4b2       ?type_case_Z@?$output_processor@_WV?$stream_output_adapter@_W@__crt_stdio_output@@V?$standard_base@_WV?$stream_output_adapter@_W@__crt_stdio_output@@@2@@__crt_stdio_output@@AAE_NXZ 1000f4b2 f i libucrt:output.obj
 0001:0000e4b2       ?type_case_Z@?$output_processor@_WV?$string_output_adapter@_W@__crt_stdio_output@@V?$standard_base@_WV?$string_output_adapter@_W@__crt_stdio_output@@@2@@__crt_stdio_output@@AAE_NXZ 1000f4b2 f i libucrt:output.obj
 0001:0000e515       ?type_case_a@?$output_processor@DV?$string_output_adapter@D@__crt_stdio_output@@V?$standard_base@DV?$string_output_adapter@D@__crt_stdio_output@@@2@@__crt_stdio_output@@AAE_NXZ 1000f515 f i libucrt:output.obj
 0001:0000e515       ?type_case_a@?$output_processor@DV?$string_output_adapter@D@__crt_stdio_output@@V?$format_validation_base@DV?$string_output_adapter@D@__crt_stdio_output@@@2@@__crt_stdio_output@@AAE_NXZ 1000f515 f i libucrt:output.obj
 0001:0000e66f       ?type_case_a@?$output_processor@_WV?$stream_output_adapter@_W@__crt_stdio_output@@V?$standard_base@_WV?$stream_output_adapter@_W@__crt_stdio_output@@@2@@__crt_stdio_output@@AAE_NXZ 1000f66f f i libucrt:output.obj
 0001:0000e66f       ?type_case_a@?$output_processor@_WV?$string_output_adapter@_W@__crt_stdio_output@@V?$standard_base@_WV?$string_output_adapter@_W@__crt_stdio_output@@@2@@__crt_stdio_output@@AAE_NXZ 1000f66f f i libucrt:output.obj
 0001:0000e7e1       ?type_case_c_tchar@?$output_processor@DV?$string_output_adapter@D@__crt_stdio_output@@V?$standard_base@DV?$string_output_adapter@D@__crt_stdio_output@@@2@@__crt_stdio_output@@AAE_ND@Z 1000f7e1 f i libucrt:output.obj
 0001:0000e7e1       ?type_case_c_tchar@?$output_processor@DV?$string_output_adapter@D@__crt_stdio_output@@V?$format_validation_base@DV?$string_output_adapter@D@__crt_stdio_output@@@2@@__crt_stdio_output@@AAE_ND@Z 1000f7e1 f i libucrt:output.obj
 0001:0000e871       ?type_case_c_tchar@?$output_processor@_WV?$stream_output_adapter@_W@__crt_stdio_output@@V?$standard_base@_WV?$stream_output_adapter@_W@__crt_stdio_output@@@2@@__crt_stdio_output@@AAE_N_W@Z 1000f871 f i libucrt:output.obj
 0001:0000e871       ?type_case_c_tchar@?$output_processor@_WV?$string_output_adapter@_W@__crt_stdio_output@@V?$standard_base@_WV?$string_output_adapter@_W@__crt_stdio_output@@@2@@__crt_stdio_output@@AAE_N_W@Z 1000f871 f i libucrt:output.obj
 0001:0000e909       ?type_case_integer@?$output_processor@DV?$string_output_adapter@D@__crt_stdio_output@@V?$standard_base@DV?$string_output_adapter@D@__crt_stdio_output@@@2@@__crt_stdio_output@@AAE_NI_N@Z 1000f909 f i libucrt:output.obj
 0001:0000e909       ?type_case_integer@?$output_processor@_WV?$string_output_adapter@_W@__crt_stdio_output@@V?$standard_base@_WV?$string_output_adapter@_W@__crt_stdio_output@@@2@@__crt_stdio_output@@AAE_NI_N@Z 1000f909 f i libucrt:output.obj
 0001:0000e909       ?type_case_integer@?$output_processor@DV?$string_output_adapter@D@__crt_stdio_output@@V?$format_validation_base@DV?$string_output_adapter@D@__crt_stdio_output@@@2@@__crt_stdio_output@@AAE_NI_N@Z 1000f909 f i libucrt:output.obj
 0001:0000e909       ?type_case_integer@?$output_processor@_WV?$stream_output_adapter@_W@__crt_stdio_output@@V?$standard_base@_WV?$stream_output_adapter@_W@__crt_stdio_output@@@2@@__crt_stdio_output@@AAE_NI_N@Z 1000f909 f i libucrt:output.obj
 0001:0000ea53       ?type_case_n@?$output_processor@DV?$string_output_adapter@D@__crt_stdio_output@@V?$standard_base@DV?$string_output_adapter@D@__crt_stdio_output@@@2@@__crt_stdio_output@@AAE_NXZ 1000fa53 f i libucrt:output.obj
 0001:0000ea53       ?type_case_n@?$output_processor@DV?$string_output_adapter@D@__crt_stdio_output@@V?$format_validation_base@DV?$string_output_adapter@D@__crt_stdio_output@@@2@@__crt_stdio_output@@AAE_NXZ 1000fa53 f i libucrt:output.obj
 0001:0000ea53       ?type_case_n@?$output_processor@_WV?$string_output_adapter@_W@__crt_stdio_output@@V?$standard_base@_WV?$string_output_adapter@_W@__crt_stdio_output@@@2@@__crt_stdio_output@@AAE_NXZ 1000fa53 f i libucrt:output.obj
 0001:0000ea53       ?type_case_n@?$output_processor@_WV?$stream_output_adapter@_W@__crt_stdio_output@@V?$standard_base@_WV?$stream_output_adapter@_W@__crt_stdio_output@@@2@@__crt_stdio_output@@AAE_NXZ 1000fa53 f i libucrt:output.obj
 0001:0000eac7       ?type_case_o@?$output_processor@_WV?$stream_output_adapter@_W@__crt_stdio_output@@V?$standard_base@_WV?$stream_output_adapter@_W@__crt_stdio_output@@@2@@__crt_stdio_output@@AAE_NXZ 1000fac7 f i libucrt:output.obj
 0001:0000eac7       ?type_case_o@?$output_processor@DV?$string_output_adapter@D@__crt_stdio_output@@V?$standard_base@DV?$string_output_adapter@D@__crt_stdio_output@@@2@@__crt_stdio_output@@AAE_NXZ 1000fac7 f i libucrt:output.obj
 0001:0000eac7       ?type_case_o@?$output_processor@_WV?$string_output_adapter@_W@__crt_stdio_output@@V?$standard_base@_WV?$string_output_adapter@_W@__crt_stdio_output@@@2@@__crt_stdio_output@@AAE_NXZ 1000fac7 f i libucrt:output.obj
 0001:0000eac7       ?type_case_o@?$output_processor@DV?$string_output_adapter@D@__crt_stdio_output@@V?$format_validation_base@DV?$string_output_adapter@D@__crt_stdio_output@@@2@@__crt_stdio_output@@AAE_NXZ 1000fac7 f i libucrt:output.obj
 0001:0000eae6       ?type_case_p@?$output_processor@DV?$string_output_adapter@D@__crt_stdio_output@@V?$format_validation_base@DV?$string_output_adapter@D@__crt_stdio_output@@@2@@__crt_stdio_output@@AAE_NXZ 1000fae6 f i libucrt:output.obj
 0001:0000eae6       ?type_case_p@?$output_processor@_WV?$stream_output_adapter@_W@__crt_stdio_output@@V?$standard_base@_WV?$stream_output_adapter@_W@__crt_stdio_output@@@2@@__crt_stdio_output@@AAE_NXZ 1000fae6 f i libucrt:output.obj
 0001:0000eae6       ?type_case_p@?$output_processor@_WV?$string_output_adapter@_W@__crt_stdio_output@@V?$standard_base@_WV?$string_output_adapter@_W@__crt_stdio_output@@@2@@__crt_stdio_output@@AAE_NXZ 1000fae6 f i libucrt:output.obj
 0001:0000eae6       ?type_case_p@?$output_processor@DV?$string_output_adapter@D@__crt_stdio_output@@V?$standard_base@DV?$string_output_adapter@D@__crt_stdio_output@@@2@@__crt_stdio_output@@AAE_NXZ 1000fae6 f i libucrt:output.obj
 0001:0000eafe       ?type_case_s@?$output_processor@DV?$string_output_adapter@D@__crt_stdio_output@@V?$standard_base@DV?$string_output_adapter@D@__crt_stdio_output@@@2@@__crt_stdio_output@@AAE_NXZ 1000fafe f i libucrt:output.obj
 0001:0000eafe       ?type_case_s@?$output_processor@DV?$string_output_adapter@D@__crt_stdio_output@@V?$format_validation_base@DV?$string_output_adapter@D@__crt_stdio_output@@@2@@__crt_stdio_output@@AAE_NXZ 1000fafe f i libucrt:output.obj
 0001:0000eb71       ?type_case_s@?$output_processor@_WV?$string_output_adapter@_W@__crt_stdio_output@@V?$standard_base@_WV?$string_output_adapter@_W@__crt_stdio_output@@@2@@__crt_stdio_output@@AAE_NXZ 1000fb71 f i libucrt:output.obj
 0001:0000eb71       ?type_case_s@?$output_processor@_WV?$stream_output_adapter@_W@__crt_stdio_output@@V?$standard_base@_WV?$stream_output_adapter@_W@__crt_stdio_output@@@2@@__crt_stdio_output@@AAE_NXZ 1000fb71 f i libucrt:output.obj
 0001:0000ebe5       ?type_case_s_compute_narrow_string_length@?$output_processor@_WV?$stream_output_adapter@_W@__crt_stdio_output@@V?$standard_base@_WV?$stream_output_adapter@_W@__crt_stdio_output@@@2@@__crt_stdio_output@@ABEHH_W@Z 1000fbe5 f i libucrt:output.obj
 0001:0000ebe5       ?type_case_s_compute_narrow_string_length@?$output_processor@_WV?$string_output_adapter@_W@__crt_stdio_output@@V?$standard_base@_WV?$string_output_adapter@_W@__crt_stdio_output@@@2@@__crt_stdio_output@@ABEHH_W@Z 1000fbe5 f i libucrt:output.obj
 0001:0000ec25       ?validate_and_update_state_at_end_of_format_string@?$format_validation_base@DV?$string_output_adapter@D@__crt_stdio_output@@@__crt_stdio_output@@IBE_NXZ 1000fc25 f i libucrt:output.obj
 0001:0000ec47       ?write_character@?$stream_output_adapter@_W@__crt_stdio_output@@QBEX_WQAH@Z 1000fc47 f i libucrt:output.obj
 0001:0000ec87       ?write_character@?$string_output_adapter@D@__crt_stdio_output@@QBE_NDQAH@Z 1000fc87 f i libucrt:output.obj
 0001:0000ecc9       ?write_character@?$string_output_adapter@_W@__crt_stdio_output@@QBE_N_WQAH@Z 1000fcc9 f i libucrt:output.obj
 0001:0000ed0e       ?write_stored_string_tchar@?$output_processor@DV?$string_output_adapter@D@__crt_stdio_output@@V?$format_validation_base@DV?$string_output_adapter@D@__crt_stdio_output@@@2@@__crt_stdio_output@@AAE_ND@Z 1000fd0e f i libucrt:output.obj
 0001:0000ed0e       ?write_stored_string_tchar@?$output_processor@DV?$string_output_adapter@D@__crt_stdio_output@@V?$standard_base@DV?$string_output_adapter@D@__crt_stdio_output@@@2@@__crt_stdio_output@@AAE_ND@Z 1000fd0e f i libucrt:output.obj
 0001:0000edb5       ?write_stored_string_tchar@?$output_processor@_WV?$stream_output_adapter@_W@__crt_stdio_output@@V?$standard_base@_WV?$stream_output_adapter@_W@__crt_stdio_output@@@2@@__crt_stdio_output@@AAE_N_W@Z 1000fdb5 f i libucrt:output.obj
 0001:0000ee40       ?write_stored_string_tchar@?$output_processor@_WV?$string_output_adapter@_W@__crt_stdio_output@@V?$standard_base@_WV?$string_output_adapter@_W@__crt_stdio_output@@@2@@__crt_stdio_output@@AAE_N_W@Z 1000fe40 f i libucrt:output.obj
 0001:0000eecb       ?write_string@?$stream_output_adapter@_W@__crt_stdio_output@@QBEXQB_WHQAH1@Z 1000fecb f i libucrt:output.obj
 0001:0000ef58       ?write_string@?$string_output_adapter@D@__crt_stdio_output@@QBEXQBDHQAH1@Z 1000ff58 f i libucrt:output.obj
 0001:0000efeb       ?write_string@?$string_output_adapter@_W@__crt_stdio_output@@QBEXQB_WHQAH1@Z 1000ffeb f i libucrt:output.obj
 0001:0000f085       ___stdio_common_vfwprintf  10010085 f   libucrt:output.obj
 0001:0000f0fc       ___stdio_common_vsprintf   100100fc f   libucrt:output.obj
 0001:0000f120       ___stdio_common_vsprintf_s 10010120 f   libucrt:output.obj
 0001:0000f144       ___stdio_common_vswprintf  10010144 f   libucrt:output.obj
 0001:0000f168       _localeconv                10010168 f   libucrt:localeconv.obj
 0001:0000f192       _free                      10010192 f   libucrt:free.obj
 0001:0000f197       _frexp                     10010197 f   libucrt:frexp.obj
 0001:0000f8f7       ??$ftprintf@PAU_iobuf@@PB_WABQB_WABQB_WABI@?$__crt_char_traits@_W@@SAH$$QAPAU_iobuf@@$$QAPB_WABQB_W2ABI@Z 100108f7 f i libucrt:assert.obj
 0001:0000f9d6       __vfwprintf_l              100109d6 f i libucrt:assert.obj
 0001:0000f9fb       __vswprintf_c_l            100109fb f i libucrt:assert.obj
 0001:0000fa2a       __wassert                  10010a2a f   libucrt:assert.obj
 0001:0000fa72       _fwprintf                  10010a72 f i libucrt:assert.obj
 0001:0000fa8d       _swprintf                  10010a8d f i libucrt:assert.obj
 0001:0000faab       ___acrt_initialize_locks   10010aab f   libucrt:locks.obj
 0001:0000faec       ___acrt_lock               10010aec f   libucrt:locks.obj
 0001:0000fb03       ___acrt_uninitialize_locks 10010b03 f   libucrt:locks.obj
 0001:0000fb34       ___acrt_unlock             10010b34 f   libucrt:locks.obj
 0001:0000fb4b       __lock_locales             10010b4b f   libucrt:locks.obj
 0001:0000fb54       __unlock_locales           10010b54 f   libucrt:locks.obj
 0001:0000fb5d       ___acrt_errno_from_os_error 10010b5d f   libucrt:errno.obj
 0001:0000fba0       ___acrt_errno_map_os_error 10010ba0 f   libucrt:errno.obj
 0001:0000fbc3       ___doserrno                10010bc3 f   libucrt:errno.obj
 0001:0000fbd6       __errno                    10010bd6 f   libucrt:errno.obj
 0001:0000fbe9       ___acrt_initialize_stdio   10010be9 f   libucrt:_file.obj
 0001:0000fcb1       ___acrt_iob_func           10010cb1 f   libucrt:_file.obj
 0001:0000fcc1       ___acrt_uninitialize_stdio 10010cc1 f   libucrt:_file.obj
 0001:0000fd0d       __get_stream_buffer_pointers 10010d0d f   libucrt:_file.obj
 0001:0000fd53       __lock_file                10010d53 f   libucrt:_file.obj
 0001:0000fd67       __unlock_file              10010d67 f   libucrt:_file.obj
 0001:0000fd7b       __fclose_nolock            10010d7b f   libucrt:fclose.obj
 0001:0000fdf1       _fclose                    10010df1 f   libucrt:fclose.obj
 0001:0000fe71       ___acrt_stdio_flush_nolock 10010e71 f   libucrt:fflush.obj
 0001:0000fed7       __fflush_nolock            10010ed7 f   libucrt:fflush.obj
 0001:0000ff1e       __flushall                 10010f1e f   libucrt:fflush.obj
 0001:0000ffff       _fflush                    10010fff f   libucrt:fflush.obj
 0001:00010058       __fgetc_nolock             10011058 f   libucrt:fgetc.obj
 0001:00010094       _fgetc                     10011094 f   libucrt:fgetc.obj
 0001:00010196       _fgetpos                   10011196 f   libucrt:fgetpos.obj
 0001:000101f1       __fputc_nolock             100111f1 f   libucrt:fputc.obj
 0001:0001021a       _fputc                     1001121a f   libucrt:fputc.obj
 0001:0001031e       _fsetpos                   1001131e f   libucrt:fsetpos.obj
 0001:00010359       ?LongLongSub@@YAJ_J0PA_J@Z 10011359 f i libucrt:fseek.obj
 0001:00010613       __fseeki64                 10011613 f   libucrt:fseek.obj
 0001:0001062e       ??$?RV<lambda_11b4f7b0d3157825a5656a18eba1ae27>@@AAV<lambda_b51c0495177f500e782686251704ae76>@@V<lambda_cf89b47920b5017557bfe891e78aca36>@@@?$__crt_seh_guarded_call@I@@QAEI$$QAV<lambda_11b4f7b0d3157825a5656a18eba1ae27>@@AAV<lambda_b51c0495177f500e782686251704ae76>@@$$QAV<lambda_cf89b47920b5017557bfe891e78aca36>@@@Z 1001162e f i libucrt:fwrite.obj
 0001:0001067f       ??$__acrt_lock_stream_and_call@V<lambda_b51c0495177f500e782686251704ae76>@@@@YAIQAU_iobuf@@$$QAV<lambda_b51c0495177f500e782686251704ae76>@@@Z 1001167f f i libucrt:fwrite.obj
 0001:000106ed       __fwrite_nolock            100116ed f   libucrt:fwrite.obj
 0001:00010866       _fwrite                    10011866 f   libucrt:fwrite.obj
 0001:000108be       ??$?RV<lambda_d92cfe8357b99225085016881b624cb0>@@AAV<lambda_b721fa326cdb32351d23dfa67958c160>@@V<lambda_42d75b0848218ec137fa420c8ba9fdf9>@@@?$__crt_seh_guarded_call@H@@QAEH$$QAV<lambda_d92cfe8357b99225085016881b624cb0>@@AAV<lambda_b721fa326cdb32351d23dfa67958c160>@@$$QAV<lambda_42d75b0848218ec137fa420c8ba9fdf9>@@@Z 100118be f i libucrt:setvbuf.obj
 0001:0001090f       ??$__acrt_lock_stream_and_call@V<lambda_b721fa326cdb32351d23dfa67958c160>@@@@YAHQAU_iobuf@@$$QAV<lambda_b721fa326cdb32351d23dfa67958c160>@@@Z 1001190f f i libucrt:setvbuf.obj
 0001:00010a04       _setvbuf                   10011a04 f   libucrt:setvbuf.obj
 0001:00010a7a       __ungetc_nolock            10011a7a f   libucrt:ungetc.obj
 0001:00010b69       _ungetc                    10011b69 f   libucrt:ungetc.obj
 0001:00010bd9       _malloc                    10011bd9 f   libucrt:malloc.obj
 0001:00010c81       _setlocale                 10011c81 f   libucrt:setlocale.obj
 0001:00010dde       __calloc_base              10011dde f   libucrt:calloc_base.obj
 0001:00010e3b       ___pctype_func             10011e3b f   libucrt:ctype.obj
 0001:00010e61       __chvalidchk_l             10011e61 f i libucrt:_ctype.obj
 0001:00010e8b       __ischartype_l             10011e8b f i libucrt:_ctype.obj
 0001:00010ebe       __isdigit_l                10011ebe f i libucrt:_ctype.obj
 0001:00010ef6       __islower_l                10011ef6 f i libucrt:_ctype.obj
 0001:00010f2e       __isupper_l                10011f2e f i libucrt:_ctype.obj
 0001:00010f66       _isdigit                   10011f66 f i libucrt:_ctype.obj
 0001:00010f93       _islower                   10011f93 f i libucrt:_ctype.obj
[...]
 0002:0000df60       __sehtable$??$?RV<lambda_3518db117f0e7cdb002338c5d3c47b6c>@@AAV<lambda_b2ea41f6bbb362cd97d94c6828d90b61>@@V<lambda_abdedf541bb04549bc734292b4a045d4>@@@?$__crt_seh_guarded_call@X@@QAEX$$QAV<lambda_3518db117f0e7cdb002338c5d3c47b6c>@@AAV<lambda_b2ea41f6bbb362cd97d94c6828d90b61>@@$$QAV<lambda_abdedf541bb04549bc734292b4a045d4>@@@Z 10032f60     libucrt:per_thread_data.obj
 0002:0000df80       __sehtable$??$?RV<lambda_51b6e8b1eb166f2a3faf91f424b38130>@@AAV<lambda_6250bd4b2a391816dd638c3bf72b0bcb>@@V<lambda_0b5a4a3e68152e1d9b943535f5f47bed>@@@?$__crt_seh_guarded_call@X@@QAEX$$QAV<lambda_51b6e8b1eb166f2a3faf91f424b38130>@@AAV<lambda_6250bd4b2a391816dd638c3bf72b0bcb>@@$$QAV<lambda_0b5a4a3e68152e1d9b943535f5f47bed>@@@Z 10032f80     libucrt:per_thread_data.obj
 0002:0000dfa0       __sehtable$??$?RV<lambda_5b71d36f03204c0beab531769a5b5694>@@AAV<lambda_be2b3da3f62db62e9dad5dc70221a656>@@V<lambda_8f9ce462984622f9bf76b59e2aaaf805>@@@?$__crt_seh_guarded_call@X@@QAEX$$QAV<lambda_5b71d36f03204c0beab531769a5b5694>@@AAV<lambda_be2b3da3f62db62e9dad5dc70221a656>@@$$QAV<lambda_8f9ce462984622f9bf76b59e2aaaf805>@@@Z 10032fa0     libucrt:per_thread_data.obj
 0002:0000dfc0       __sehtable$___acrt_uninitialize_locale 10032fc0     libucrt:wsetlocale.obj
 0002:0000dfe0       __sehtable$??$?RV<lambda_70818de7b02deff9841e8b0962a60ed9>@@AAV<lambda_2af78c5f5901b1372d98f9ab3177dfa6>@@AAV<lambda_f51fe5fd7c79a33db34fc9310f277369>@@@?$__crt_seh_guarded_call@X@@QAEX$$QAV<lambda_70818de7b02deff9841e8b0962a60ed9>@@AAV<lambda_2af78c5f5901b1372d98f9ab3177dfa6>@@AAV<lambda_f51fe5fd7c79a33db34fc9310f277369>@@@Z 10032fe0     libucrt:wsetlocale.obj
 0002:0000e000       __sehtable$??$?RV<lambda_c76fdea48760d5f9368b465f31df4405>@@AAV<lambda_e378711a6f6581bf7f0efd7cdf97f5d9>@@V<lambda_e927a58b2a85c081d733e8c6192ae2d2>@@@?$__crt_seh_guarded_call@X@@QAEX$$QAV<lambda_c76fdea48760d5f9368b465f31df4405>@@AAV<lambda_e378711a6f6581bf7f0efd7cdf97f5d9>@@$$QAV<lambda_e927a58b2a85c081d733e8c6192ae2d2>@@@Z 10033000     libucrt:wsetlocale.obj
 0002:0000e020       __sehtable$___acrt_initialize_lowio 10033020     libucrt:ioinit.obj
 0002:0000e040       __sehtable$??$?RV<lambda_9227be29367c048ad7fd93a717dcb1a1>@@AAV<lambda_a463b7b0560cfcaf9b17f27c6ef46564>@@V<lambda_ccea11b5727ccf69be64f5f5d9a08d9f>@@@?$__crt_seh_guarded_call@H@@QAEH$$QAV<lambda_9227be29367c048ad7fd93a717dcb1a1>@@AAV<lambda_a463b7b0560cfcaf9b17f27c6ef46564>@@$$QAV<lambda_ccea11b5727ccf69be64f5f5d9a08d9f>@@@Z 10033040     libucrt:winapi_thunks.obj
 0002:0000e060       __sehtable$__fcloseall     10033060     libucrt:closeall.obj
 0002:0000e080       __sehtable$??$?RV<lambda_123407a5e2ac06da108355a851863b7a>@@AAV<lambda_2fe9b910cf3cbf4a0ab98a02ba45b3ec>@@V<lambda_ae55bdf541ad94d75914d381c370e64d>@@@?$__crt_seh_guarded_call@H@@QAEH$$QAV<lambda_123407a5e2ac06da108355a851863b7a>@@AAV<lambda_2fe9b910cf3cbf4a0ab98a02ba45b3ec>@@$$QAV<lambda_ae55bdf541ad94d75914d381c370e64d>@@@Z 10033080     libucrt:close.obj
 0002:0000e0a0       __sehtable$??$?RV<lambda_61cee617f5178ae960314fd4d05640a0>@@AAV<lambda_6978c1fb23f02e42e1d9e99668cc68aa>@@V<lambda_9cd88cf8ad10232537feb2133f08c833>@@@?$__crt_seh_guarded_call@H@@QAEH$$QAV<lambda_61cee617f5178ae960314fd4d05640a0>@@AAV<lambda_6978c1fb23f02e42e1d9e99668cc68aa>@@$$QAV<lambda_9cd88cf8ad10232537feb2133f08c833>@@@Z 100330a0     libucrt:commit.obj
 0002:0000e0c0       __sehtable$__write         100330c0     libucrt:write.obj
 0002:0000e0e0       __sehtable$??$common_ftell@_J@@YA_JV__crt_stdio_stream@@@Z 100330e0     libucrt:ftell.obj
 0002:0000e100       __sehtable$??$common_lseek@_J@@YA_JH_JH@Z 10033100     libucrt:lseek.obj
 0002:0000e120       __sehtable$___acrt_update_thread_multibyte_data 10033120     libucrt:mbctype.obj
 0002:0000e140       __sehtable$??$?RV<lambda_978dc153c237d78434369da87b74ff60>@@AAV<lambda_ad1ced32f4ac17aa236e5ef05d6b3b7c>@@V<lambda_4a8533e2866a575feecb8298ce776b0d>@@@?$__crt_seh_guarded_call@X@@QAEX$$QAV<lambda_978dc153c237d78434369da87b74ff60>@@AAV<lambda_ad1ced32f4ac17aa236e5ef05d6b3b7c>@@$$QAV<lambda_4a8533e2866a575feecb8298ce776b0d>@@@Z 10033140     libucrt:mbctype.obj
 0002:0000e160       __sehtable$___acrt_update_thread_locale_data 10033160     libucrt:locale_refcounting.obj
 0002:0000e180       __sehtable$___acrt_lowio_ensure_fh_exists 10033180     libucrt:osfinfo.obj
 0002:0000e1a0       __sehtable$__read          100331a0     libucrt:read.obj
 0002:0000e1c0       __sehtable$__IsNonwritableInCurrentImage 100331c0     LIBCMT:pesect.obj
 0002:0000e1e0       .edata                     100331e0     dhsdk.exp
 0002:0000e208       rgpv                       10033208     dhsdk.exp
 0002:0000e20c       rgszName                   1003320c     dhsdk.exp
 0002:0000e210       rgwOrd                     10033210     dhsdk.exp
 0002:0000e212       szName                     10033212     dhsdk.exp
 0002:0000e21d       $N00001                    1003321d     dhsdk.exp
 0002:0000e468       .idata$6                   10033468     kernel32:KERNEL32.dll
 0002:0000ed70       .idata$6                   10033d70     iojs:node.dll
 0002:0000ed7a       .idata$6                   10033d7a     dhnetsdk:dhnetsdk.dll
 0003:00000000       ?init@std@@3JA             10035000     libcpmt:xlock.obj
 0003:00000008       ?atcount_cdecl@@3IA        10035008     libcpmt:iosptrs.obj
 0003:00000090       ?__vcrt_flsindex@@3KA      10035090     libvcruntime:per_thread_data.obj
 0003:0000011c       _errno_no_memory           1003511c     libucrt:errno.obj
 0003:00000120       _doserrno_no_memory        10035120     libucrt:errno.obj
 0003:000001e0       ___acrt_flsindex           100351e0     libucrt:per_thread_data.obj
 0003:000001e4       __ctype_loc_style          100351e4     libucrt:wsetlocale.obj
 0003:000002f0       _tzstd_program             100352f0     libucrt:timeset.obj
 0003:00000330       _tzdst_program             10035330     libucrt:timeset.obj
 0003:00000370       _tzname_states             10035370     libucrt:timeset.obj
 0003:00000378       ___rgctypeflag             10035378     libucrt:mbctype.obj
 0003:00000380       ___rgcode_page_info        10035380     libucrt:mbctype.obj
 0003:000009b0       __module                   100359b0     adapter.obj
 0003:00000e98       ?initlocks@std@@3V_Init_locks@1@A 10035e98     libcpmt:xlock.obj
 0003:00000ea0       ?mtx@std@@3PAU_RTL_CRITICAL_SECTION@@A 10035ea0     libcpmt:xlock.obj
 0003:00000f60       ?initlocks@@3V_Init_locks@std@@A 10035f60     libcpmt:cout.obj
 0003:00000f61       ?init_cout@std@@3U_Init_cout@1@A 10035f61     libcpmt:cout.obj
 0003:00000fb8       ?fout@std@@3V?$basic_filebuf@DU?$char_traits@D@std@@@1@A 10035fb8     libcpmt:cout.obj
 0003:00001028       _global_locale             10036028     libcpmt:locale0.obj
 0003:0000102c       ?_Fac_head@std@@3PAU_Fac_node@1@A 1003602c     libcpmt:locale0.obj
 0003:00001044       ?classic_locale@std@@3Vlocale@1@A 10036044     libcpmt:locale0.obj
 0003:0000104c       ?_Fac_tidy_reg@std@@3U_Fac_tidy_reg_t@1@B 1003604c     libcpmt:locale0.obj
 0003:0000104d       ?registered@?1??_Setgloballocale@locale@std@@CAXPAX@Z@4_NA 1003604d     libcpmt:locale0.obj
 0003:00001058       ?stdstr@std@@3PAPAVios_base@1@A 10036058     libcpmt:ios.obj
 0003:00001080       ?stdopens@std@@3PADA       10036080     libcpmt:ios.obj
 0003:000010ac       ?atfuns_cdecl@@3PAP6AXXZA  100360ac     libcpmt:iosptrs.obj
 0003:000010d4       ?initlocks@std@@3V_Init_locks@1@A 100360d4     libcpmt:iosptrs.obj
 0003:000010d5       ?init_atexit@@3U_Init_atexit@@A 100360d5     libcpmt:iosptrs.obj
 0003:000011f8       ?_Tss_mutex@@3U_RTL_CRITICAL_SECTION@@A 100361f8     LIBCMT:thread_safe_statics.obj
 0003:00001210       ?_Tss_cv@@3U_RTL_CONDITION_VARIABLE@@A 10036210     LIBCMT:thread_safe_statics.obj
 0003:00001214       ?_Tss_event@@3PAXA         10036214     LIBCMT:thread_safe_statics.obj
 0003:00001218       ?encoded_sleep_condition_variable_cs@@3P6GHPAU_RTL_CONDITION_VARIABLE@@PAU_RTL_CRITICAL_SECTION@@K@ZA 10036218     LIBCMT:thread_safe_statics.obj
 0003:0000121c       ?encoded_wake_all_condition_variable@@3P6GXPAU_RTL_CONDITION_VARIABLE@@@ZA 1003621c     LIBCMT:thread_safe_statics.obj
 0003:00001228       ?module_local_atexit_table@@3U_onexit_table_t@@A 10036228     LIBCMT:utility.obj
 0003:00001234       ?module_local_at_quick_exit_table@@3U_onexit_table_t@@A 10036234     LIBCMT:utility.obj
 0003:00001240       ?is_initialized_as_dll@@3_NA 10036240     LIBCMT:utility.obj
 0003:00001244       ?__proc_attached@@3HA      10036244     LIBCMT:dll_dllmain.obj
 0003:00001248       _GS_ExceptionRecord        10036248     LIBCMT:gs_report.obj
 0003:00001298       _GS_ContextRecord          10036298     LIBCMT:gs_report.obj
 0003:0000158c       ?module_handles@@3PAPAUHINSTANCE__@@A 1003658c     libvcruntime:winapi_downlevel.obj
 0003:0000159c       ?encoded_function_pointers@@3PAPAXA 1003659c     libvcruntime:winapi_downlevel.obj
 0003:000015c4       ?__vcrt_startup_thread_ptd@@3U__vcrt_ptd@@A 100365c4     libvcruntime:per_thread_data.obj
 0003:000015ec       ___vcrt_lock_table         100365ec     libvcruntime:locks.obj
 0003:00001604       ___vcrt_locks_initialized  10036604     libvcruntime:locks.obj
 0003:00001630       ?heap@@3V_HeapManager@@A   10036630     libvcruntime:undname.obj
 0003:00001644       ___acrt_invalid_parameter_handler 10036644     libucrt:invalid_parameter.obj
 0003:00001650       ___acrt_lock_table         10036650     libucrt:locks.obj
 0003:00001788       ___acrt_locks_initialized  10036788     libucrt:locks.obj
 0003:00001798       ___acrt_new_handler        10036798     libucrt:new_handler.obj
 0003:0000179c       _c_termination_complete    1003679c     libucrt:exit.obj
 0003:000017a0       _thread_local_exit_callback_func 100367a0     libucrt:exit.obj
 0003:000017a4       ?c_exit_complete@?5??common_exit@@YAXHW4_crt_exit_cleanup_mode@@W4_crt_exit_return_mode@@@Z@4_NA 100367a4     libucrt:exit.obj
 0003:000017a8       ?program_name@?5???$common_configure_argv@D@@YAHW4_crt_argv_mode@@@Z@4PADA 100367a8     libucrt:argv_parsing.obj
 0003:000018d8       _ctrlc_action              100368d8     libucrt:signal.obj
 0003:000018dc       _ctrlbreak_action          100368dc     libucrt:signal.obj
 0003:000018e0       _abort_action              100368e0     libucrt:signal.obj
 0003:000018e4       _term_action               100368e4     libucrt:signal.obj
 0003:000018e8       _enable_percent_n          100368e8     libucrt:printf_count_output.obj
 0003:00001b04       ___acrt_app_type           10036b04     libucrt:report_runtime_error.obj
 0003:00001b08       ___acrt_error_mode         10036b08     libucrt:set_error_mode.obj
 0003:00001b10       _module_handles            10036b10     libucrt:winapi_thunks.obj
 0003:00001b60       _encoded_function_pointers 10036b60     libucrt:winapi_thunks.obj
 0003:00001be0       ?static_enum_proc@?1??enum_system_locales_ex_nolock@@YAHQ6GHPA_WKJ@Z@Z@4P6GH0KJ@ZA 10036be0     libucrt:winapi_thunks.obj
 0003:00001be4       ?state_cache@?1??__acrt_is_packaged_app@@9@4JA 10036be4     libucrt:winapi_thunks.obj
 0003:00001be8       ___acrt_global_new_mode    10036be8     libucrt:new_mode.obj
 0003:00001c00       __tzname                   10036c00     libucrt:timeset.obj
 0003:00001c08       _tz_api_used               10036c08     libucrt:tzset.obj
 0003:00001c10       _tz_info                   10036c10     libucrt:tzset.obj
 0003:00001cd4       _fSystemSet                10036cd4     libucrt:mbctype.obj
 0003:00001cd8       ?initialized@?1??__acrt_initialize_multibyte@@9@4_NA 10036cd8     libucrt:mbctype.obj
 0003:00001cf4       _user_matherr              10036cf4     libucrt:matherr.obj
 0003:00001cf8       __pmatherr_set             10036cf8     libucrt:libm_error.obj
 0004:00000000       __guard_fids____dcrt_uninitialize_environments_nolock 10037000     libucrt:environment_initialization.obj
 0004:00000008       __guard_fids__             10037008     libucrt:initialization.obj
 0004:00000068       __guard_fids____acrt_initialize_ptd 10037068     libucrt:per_thread_data.obj
 0004:0000006c       __guard_fids__             1003706c     libucrt:wsetlocale.obj
 0004:00000084       __guard_fids_??$common_show_message_box@_W@@YAHQB_W0I@Z 10037084     libucrt:crtmbox.obj
 0004:00000088       __guard_fids_??$?RV<lambda_9227be29367c048ad7fd93a717dcb1a1>@@AAV<lambda_a463b7b0560cfcaf9b17f27c6ef46564>@@V<lambda_ccea11b5727ccf69be64f5f5d9a08d9f>@@@?$__crt_seh_guarded_call@H@@QAEH$$QAV<lambda_9227be29367c048ad7fd93a717dcb1a1>@@AAV<lambda_a463b7b0560cfcaf9b17f27c6ef46564>@@$$QAV<lambda_ccea11b5727ccf69be64f5f5d9a08d9f>@@@Z 10037088     libucrt:winapi_thunks.obj
 0004:0000008c       __guard_fids__             1003708c     libucrt:stdio_initializer.obj
 0004:00000090       __guard_fids__             10037090     libucrt:stdio_initializer.obj
 0004:00000094       __guard_fids_??$expand_argument_wildcards@D@@YAHQAD0AAV?$argument_list@D@?A0xb0e4b824@@@Z 10037094     libucrt:argv_wildcards.obj
 0004:00000098       __guard_fids__             10037098     libucrt:locale_initializer.obj
 0004:0000009c       __guard_fids__GetLocaleNameFromLangCountry 1003709c     libucrt:get_qualified_locale.obj
 0004:000000a0       __guard_fids__GetLocaleNameFromLanguage 100370a0     libucrt:get_qualified_locale.obj
 0004:000000a4       __guard_fids__GetLcidFromLangCountry 100370a4     libucrt:getqloc_downlevel.obj
 0004:000000a8       __guard_fids__GetLcidFromLanguage 100370a8     libucrt:getqloc_downlevel.obj
 0004:000000ac       __guard_fids__GetLcidFromCountry 100370ac     libucrt:getqloc_downlevel.obj
 0004:000000b0       __guard_fids__             100370b0     libucrt:sse2_initializer.obj
 0004:000000b4       __guard_fids____libm_error_support 100370b4     libucrt:libm_error.obj
 0004:000000b8       __guard_fids__             100370b8     libucrt:timeset_initializer.obj
 0004:000000bc       __guard_fids__             100370bc     libucrt:multibyte_initializer.obj
 0004:000000c0       __guard_fids__             100370c0     libucrt:console_output_initializer.obj
 0004:000000c4       __guard_fids_??__Einitlocks@std@@YAXXZ 100370c4     libcpmt:xlock.obj
 0004:000000c8       __guard_fids__             100370c8     libcpmt:xlock.obj
 0004:000000cc       __guard_fids_??__Einitlocks@@YAXXZ 100370cc     libcpmt:cout.obj
 0004:000000d0       __guard_fids_??__Efout@std@@YAXXZ 100370d0     libcpmt:cout.obj
 0004:000000d4       __guard_fids_??__Ecout@std@@YAXXZ 100370d4     libcpmt:cout.obj
 0004:000000d8       __guard_fids__             100370d8     libcpmt:cout.obj
 0004:000000e0       __guard_fids__             100370e0     libcpmt:cout.obj
 0004:000000e8       __guard_fids__             100370e8     libcpmt:cout.obj
 0004:000000f0       __guard_fids__             100370f0     libcpmt:cout.obj
 0004:000000f4       __guard_fids__             100370f4     libcpmt:cout.obj
 0004:00000100       __guard_fids__             10037100     libcpmt:cout.obj
 0004:0000012c       __guard_fids__             1003712c     libcpmt:cout.obj
 0004:00000144       __guard_fids__             10037144     libcpmt:cout.obj
 0004:0000014c       __guard_fids__             1003714c     libcpmt:cout.obj
 0004:00000154       __guard_fids__             10037154     libcpmt:cout.obj
 0004:0000016c       __guard_fids__             1003716c     libcpmt:cout.obj
 0004:00000174       __guard_fids__             10037174     libcpmt:cout.obj
 0004:00000178       __guard_fids__             10037178     libcpmt:cout.obj
 0004:000001b4       __guard_fids__             100371b4     libcpmt:cout.obj
 0004:000001f0       __guard_fids__             100371f0     libcpmt:cout.obj
 0004:000001f4       __guard_fids__             100371f4     libcpmt:cout.obj
 0004:000001f8       __guard_fids__             100371f8     libcpmt:cout.obj
 0004:00000220       __guard_fids__             10037220     libcpmt:cout.obj
 0004:00000224       __guard_fids__             10037224     libcpmt:cout.obj
 0004:00000228       __guard_fids__             10037228     libcpmt:cout.obj
 0004:0000022c       __guard_fids__             1003722c     libcpmt:cout.obj
 0004:00000230       __guard_fids__             10037230     libcpmt:cout.obj
 0004:00000234       __guard_fids__             10037234     libcpmt:cout.obj
 0004:00000238       __guard_fids_??__E_Fac_tidy_reg@std@@YAXXZ 10037238     libcpmt:locale0.obj
 0004:0000023c       __guard_fids_?_Setgloballocale@locale@std@@CAXPAX@Z 1003723c     libcpmt:locale0.obj
 0004:00000240       __guard_fids_??__Eclassic_locale@std@@YAXXZ 10037240     libcpmt:locale0.obj
 0004:00000244       __guard_fids__             10037244     libcpmt:locale0.obj
 0004:00000250       __guard_fids__             10037250     libcpmt:locale0.obj
 0004:00000254       __guard_fids__             10037254     libcpmt:locale0.obj
 0004:00000258       __guard_fids__             10037258     libcpmt:xthrow.obj
 0004:00000260       __guard_fids__             10037260     libcpmt:xthrow.obj
 0004:00000268       __guard_fids__             10037268     libcpmt:xthrow.obj
 0004:00000270       __guard_fids__             10037270     libcpmt:xthrow.obj
 0004:00000278       __guard_fids__             10037278     libcpmt:xthrow.obj
 0004:0000027c       __guard_fids__             1003727c     libcpmt:xthrow.obj
 0004:00000280       __guard_fids__             10037280     libcpmt:xthrow.obj
 0004:00000284       __guard_fids__             10037284     libcpmt:xthrow.obj
 0004:00000288       __guard_fids__             10037288     libcpmt:xthrow.obj
 0004:0000028c       __guard_fids__             1003728c     libcpmt:xthrow.obj
 0004:00000290       __guard_fids__             10037290     libcpmt:xthrow.obj
 0004:00000294       __guard_fids_??__Einitlocks@std@@YAXXZ 10037294     libcpmt:iosptrs.obj
 0004:00000298       __guard_fids_??__Einit_atexit@@YAXXZ 10037298     libcpmt:iosptrs.obj
 0004:0000029c       __guard_fids__             1003729c     libcpmt:iosptrs.obj
 0004:000002a0       __guard_fids__             100372a0     libcpmt:iosptrs.obj
 0004:000002a4       __guard_fids__             100372a4     libcpmt:locale.obj
 0004:000002d0       __guard_fids__             100372d0     libcpmt:locale.obj
 0004:000002f0       __guard_fids__             100372f0     libcpmt:winapisupp.obj
 0004:000002f4       __guard_fids__             100372f4     LIBCMT:thread_safe_statics.obj
 0004:000002f8       __guard_fids_?__scrt_initialize_thread_safe_statics@@YAHXZ 100372f8     LIBCMT:thread_safe_statics.obj
 0004:000002fc       __guard_fids_?dllmain_crt_process_attach@@YAHQAUHINSTANCE__@@QAX@Z 100372fc     LIBCMT:dll_dllmain.obj
 0004:00000304       __guard_fids_?dllmain_dispatch@@YAHQAUHINSTANCE__@@KQAX@Z 10037304     LIBCMT:dll_dllmain.obj
 0004:00000308       __guard_fids__             10037308     LIBCMT:std_type_info_static.obj
 0004:0000030c       __guard_fids__             1003730c     LIBCMT:throw_bad_alloc.obj
 0004:00000314       __guard_fids__             10037314     LIBCMT:throw_bad_alloc.obj
 0004:00000318       __guard_fids__             10037318     LIBCMT:throw_bad_alloc.obj
 0004:0000031c       __guard_fids__             1003731c     LIBCMT:guard_support.obj
 0004:00000320       __guard_fids__             10037320     libvcruntime:frame.obj
 0004:00000324       __guard_fids__             10037324     libvcruntime:frame.obj
 0004:0000032c       __guard_fids__             1003732c     libvcruntime:frame.obj
 0004:00000330       __guard_fids__             10037330     libvcruntime:frame.obj
 0004:00000334       __guard_fids____vcrt_initialize_ptd 10037334     libvcruntime:per_thread_data.obj
 0006:00000060       $R000000                   10039060     * linker generated manifest res *

 Exports

  ordinal    name

        1    __register_dhsdk_
               exported name: _register_dhsdk_
