 dhsdk

 Timestamp is 587df1dc (Tue Jan 17 18:28:44 2017)

 Preferred load address is 10000000

 Start         Length     Name                   Class
 0001:00000000 00000020H .text$di                CODE
 0001:00000020 00013690H .text$mn                CODE
 0001:000136b0 00000001H .text$yd                CODE
 0002:00000000 000001c0H .idata$5                DATA
 0002:000001c0 00000004H .00cfg                  DATA
 0002:000001c4 00000004H .CRT$XCA                DATA
 0002:000001c8 00000008H .CRT$XCU                DATA
 0002:000001d0 00000004H .CRT$XCZ                DATA
 0002:000001d4 00000004H .CRT$XIA                DATA
 0002:000001d8 0000000cH .CRT$XIC                DATA
 0002:000001e4 00000004H .CRT$XIZ                DATA
 0002:000001e8 00000004H .CRT$XPA                DATA
 0002:000001ec 00000008H .CRT$XPX                DATA
 0002:000001f4 00000004H .CRT$XPXA               DATA
 0002:000001f8 00000004H .CRT$XPZ                DATA
 0002:000001fc 00000004H .CRT$XTA                DATA
 0002:00000200 00000010H .CRT$XTZ                DATA
 0002:00000210 00005d24H .rdata                  DATA
 0002:00005f34 0000012cH .rdata$r                DATA
 0002:00006060 0000000cH .rdata$sxdata           DATA
 0002:0000606c 0000035cH .rdata$zzzdbg           DATA
 0002:000063c8 00000004H .rtc$IAA                DATA
 0002:000063cc 00000004H .rtc$IZZ                DATA
 0002:000063d0 00000004H .rtc$TAA                DATA
 0002:000063d4 00000004H .rtc$TZZ                DATA
 0002:000063d8 000004c8H .xdata$x                DATA
 0002:000068a0 00000050H .edata                  DATA
 0002:000068f0 0000003cH .idata$2                DATA
 0002:0000692c 00000014H .idata$3                DATA
 0002:00006940 000001c0H .idata$4                DATA
 0002:00006b00 00000e14H .idata$6                DATA
 0003:00000000 000007b4H .data                   DATA
 0003:000007b4 0000007cH .data$r                 DATA
 0003:00000830 00000a2cH .bss                    DATA
 0004:00000000 00000090H .gfids$x                DATA
 0004:00000090 00000044H .gfids$y                DATA
 0005:00000000 00000060H .rsrc$01                DATA
 0005:00000060 00000180H .rsrc$02                DATA

  Address         Publics by Value              Rva+Base       Lib:Object

 0000:00000000       __except_list              00000000     <absolute>
 0000:00000000       ___guard_longjmp_count     00000000     <absolute>
 0000:00000000       ___guard_fids_count        00000000     <absolute>
 0000:00000000       ___guard_longjmp_table     00000000     <absolute>
 0000:00000000       ___guard_iat_table         00000000     <absolute>
 0000:00000000       ___guard_iat_count         00000000     <absolute>
 0000:00000000       ___guard_fids_table        00000000     <absolute>
 0000:00000000       ___dynamic_value_reloc_table 00000000     <absolute>
 0000:00000003       ___safe_se_handler_count   00000003     <absolute>
 0000:00000100       ___guard_flags             00000100     <absolute>
 0000:00000000       ___ImageBase               10000000     <linker-defined>
 0001:00000020       ?init@demo@@YAXV?$Local@VObject@v8@@@v8@@@Z 10001020 f   adapter.obj
 0001:00000040       ___local_stdio_printf_options 10001040 f i SdkObject.obj
 0001:00000050       _printf                    10001050 f i SdkObject.obj
 0001:00000080       _sprintf                   10001080 f i SdkObject.obj
 0001:000000b0       ?NODE_SET_PROTOTYPE_METHOD@node@@YAXV?$Local@VFunctionTemplate@v8@@@v8@@PBDP6AXABV?$FunctionCallbackInfo@VValue@v8@@@3@@Z@Z 100010b0 f i SdkObject.obj
 0001:00000170       ?Wrap@ObjectWrap@node@@IAEXV?$Local@VObject@v8@@@v8@@@Z 10001170 f i SdkObject.obj
 0001:00000220       ?Ref@ObjectWrap@node@@MAEXXZ 10001220 f i SdkObject.obj
 0001:00000250       ?Unref@ObjectWrap@node@@MAEXXZ 10001250 f i SdkObject.obj
 0001:000002e0       ?WeakCallback@ObjectWrap@node@@CAXABV?$WeakCallbackInfo@VObjectWrap@node@@@v8@@@Z 100012e0 f i SdkObject.obj
 0001:00000330       ??_GObjectWrap@node@@UAEPAXI@Z 10001330 f i SdkObject.obj
 0001:00000330       ??_EObjectWrap@node@@UAEPAXI@Z 10001330 f i * CIL library *:* CIL module *
 0001:000003b0       ??_ECSdkObject@@UAEPAXI@Z  100013b0 f i * CIL library *:* CIL module *
 0001:000003b0       ??_GCSdkObject@@UAEPAXI@Z  100013b0 f i SdkObject.obj
 0001:00000430       ?init@CSdkObject@@SAXV?$Local@VObject@v8@@@v8@@@Z 10001430 f   SdkObject.obj
 0001:000005a0       ?New@CSdkObject@@SAXABV?$FunctionCallbackInfo@VValue@v8@@@v8@@@Z 100015a0 f   SdkObject.obj
 0001:00000730       ?setLogCallback@CSdkObject@@SAXABV?$FunctionCallbackInfo@VValue@v8@@@v8@@@Z 10001730 f   SdkObject.obj
 0001:00000790       ?setAge@CSdkObject@@SAXABV?$FunctionCallbackInfo@VValue@v8@@@v8@@@Z 10001790 f   SdkObject.obj
 0001:00000870       ?getAge@CSdkObject@@SAXABV?$FunctionCallbackInfo@VValue@v8@@@v8@@@Z 10001870 f   SdkObject.obj
 0001:000008c0       ?login@CSdkObject@@SAXABV?$FunctionCallbackInfo@VValue@v8@@@v8@@@Z 100018c0 f   SdkObject.obj
 0001:00000b80       ?fRealStreamCallBack@CSdkObject@@CGXJKPAEKJK@Z 10001b80 f   SdkObject.obj
 0001:00000b90       ?realStream@CSdkObject@@SAXABV?$FunctionCallbackInfo@VValue@v8@@@v8@@@Z 10001b90 f   SdkObject.obj
 0001:00000e50       ?stopStream@CSdkObject@@SAXABV?$FunctionCallbackInfo@VValue@v8@@@v8@@@Z 10001e50 f   SdkObject.obj
 0001:00000e80       ?outLog@CSdkObject@@AAEXV?$FunctionCallbackInfo@VValue@v8@@@v8@@V?$Local@VValue@v8@@@3@@Z 10001e80 f   SdkObject.obj
 0001:00000f00       ??$Unwrap@VCSdkObject@@@ObjectWrap@node@@SAPAVCSdkObject@@V?$Local@VObject@v8@@@v8@@@Z 10001f00 f i SdkObject.obj
 0001:00000f69       @__security_check_cookie@4 10001f69 f   LIBCMT:_secchk_.obj
 0001:00000f7a       ??2@YAPAXI@Z               10001f7a f   LIBCMT:new_scalar.obj
 0001:00000ff1       ___scrt_acquire_startup_lock 10001ff1 f   LIBCMT:utility.obj
 0001:00001026       ___scrt_dllmain_after_initialize_c 10002026 f   LIBCMT:utility.obj
 0001:00001051       ___scrt_dllmain_before_initialize_c 10002051 f   LIBCMT:utility.obj
 0001:0000105f       ___scrt_dllmain_crt_thread_attach 1000205f f   LIBCMT:utility.obj
 0001:0000107e       ___scrt_dllmain_crt_thread_detach 1000207e f   LIBCMT:utility.obj
 0001:0000108b       ___scrt_dllmain_exception_filter 1000208b f   LIBCMT:utility.obj
 0001:000010be       ___scrt_dllmain_uninitialize_c 100020be f   LIBCMT:utility.obj
 0001:000010e1       ___scrt_dllmain_uninitialize_critical 100020e1 f   LIBCMT:utility.obj
 0001:000010ee       ___scrt_initialize_crt     100020ee f   LIBCMT:utility.obj
 0001:00001127       ___scrt_initialize_onexit_tables 10002127 f   LIBCMT:utility.obj
 0001:000011be       ___scrt_is_nonwritable_in_current_image 100021be f   LIBCMT:utility.obj
 0001:00001248       ___scrt_release_startup_lock 10002248 f   LIBCMT:utility.obj
 0001:00001265       ___scrt_uninitialize_crt   10002265 f   LIBCMT:utility.obj
 0001:0000128d       __onexit                   1000228d f   LIBCMT:utility.obj
 0001:000012c8       _atexit                    100022c8 f   LIBCMT:utility.obj
 0001:000012dd       ??3@YAXPAXI@Z              100022dd f   LIBCMT:delete_scalar_size.obj
 0001:000015f3       __DllMainCRTStartup@12     100025f3 f   LIBCMT:dll_dllmain.obj
 0001:00001616       ___raise_securityfailure   10002616 f   LIBCMT:gs_report.obj
 0001:0000163e       ___report_gsfailure        1000263e f   LIBCMT:gs_report.obj
 0001:00001739       ??0bad_alloc@std@@QAE@ABV01@@Z 10002739 f i LIBCMT:throw_bad_alloc.obj
 0001:00001754       ??0bad_alloc@std@@QAE@XZ   10002754 f i LIBCMT:throw_bad_alloc.obj
 0001:0000176c       ??0bad_array_new_length@std@@QAE@ABV01@@Z 1000276c f i LIBCMT:throw_bad_alloc.obj
 0001:00001787       ??0bad_array_new_length@std@@QAE@XZ 10002787 f i LIBCMT:throw_bad_alloc.obj
 0001:0000179f       ??0exception@std@@QAE@ABV01@@Z 1000279f f i LIBCMT:throw_bad_alloc.obj
 0001:000017cb       ??1bad_array_new_length@std@@UAE@XZ 100027cb f i LIBCMT:throw_bad_alloc.obj
 0001:000017cb       ??1bad_alloc@std@@UAE@XZ   100027cb f i LIBCMT:throw_bad_alloc.obj
 0001:000017dc       ??_Gexception@std@@UAEPAXI@Z 100027dc f i LIBCMT:throw_bad_alloc.obj
 0001:000017dc       ??_Eexception@std@@UAEPAXI@Z 100027dc f i LIBCMT:throw_bad_alloc.obj
 0001:000017dc       ??_Gbad_alloc@std@@UAEPAXI@Z 100027dc f i LIBCMT:throw_bad_alloc.obj
 0001:000017dc       ??_Ebad_alloc@std@@UAEPAXI@Z 100027dc f i LIBCMT:throw_bad_alloc.obj
 0001:000017dc       ??_Ebad_array_new_length@std@@UAEPAXI@Z 100027dc f i LIBCMT:throw_bad_alloc.obj
 0001:000017dc       ??_Gbad_array_new_length@std@@UAEPAXI@Z 100027dc f i LIBCMT:throw_bad_alloc.obj
 0001:00001809       ?__scrt_throw_std_bad_alloc@@YAXXZ 10002809 f   LIBCMT:throw_bad_alloc.obj
 0001:00001826       ?__scrt_throw_std_bad_array_new_length@@YAXXZ 10002826 f   LIBCMT:throw_bad_alloc.obj
 0001:00001843       ?what@exception@std@@UBEPBDXZ 10002843 f i LIBCMT:throw_bad_alloc.obj
 0001:00001850       ___isa_available_init      10002850 f   LIBCMT:_cpu_disp_.obj
 0001:000019ea       __get_startup_argv_mode    100029ea f   LIBCMT:argv_mode.obj
 0001:000019ee       ___scrt_is_ucrt_dll_in_use 100029ee f   LIBCMT:ucrt_detection.obj
 0001:000019fa       ___scrt_fastfail           100029fa f   LIBCMT:utility_desktop.obj
 0001:00001b15       __crt_debugger_hook        10002b15 f   LIBCMT:utility_desktop.obj
 0001:00001b1d       @_guard_check_icall@4      10002b1d f i LIBCMT:checkcfg.obj
 0001:00001b30       __SEH_prolog4              10002b30 f   LIBCMT:_sehprolg4_.obj
 0001:00001b76       __SEH_epilog4              10002b76 f   LIBCMT:_sehprolg4_.obj
 0001:00001b8b       ??3@YAXPAX@Z               10002b8b f   LIBCMT:delete_scalar.obj
 0001:00001b90       ___security_init_cookie    10002b90 f   LIBCMT:gs_support.obj
 0001:00001c2c       _DllMain@12                10002c2c f   LIBCMT:dll_dllmain_stub.obj
 0001:00001c32       ?__scrt_initialize_type_info@@YAXXZ 10002c32 f   LIBCMT:tncleanup.obj
 0001:00001c3e       ?__scrt_uninitialize_type_info@@YAXXZ 10002c3e f   LIBCMT:tncleanup.obj
 0001:00001c4a       ___local_stdio_scanf_options 10002c4a f i LIBCMT:default_local_stdio_options.obj
 0001:00001c50       ___scrt_initialize_default_local_stdio_options 10002c50 f   LIBCMT:default_local_stdio_options.obj
 0001:00001c6d       ___scrt_get_dyn_tls_init_callback 10002c6d f   LIBCMT:dyn_tls_init.obj
 0001:00001c73       __RTC_Initialize           10002c73 f   LIBCMT:_initsect_.obj
 0001:00001c9e       __RTC_Terminate            10002c9e f   LIBCMT:_initsect_.obj
 0001:00001cc9       ??_Gtype_info@@UAEPAXI@Z   10002cc9 f i LIBCMT:std_type_info_static.obj
 0001:00001cc9       ??_Etype_info@@UAEPAXI@Z   10002cc9 f i LIBCMT:std_type_info_static.obj
 0001:00001cec       ___vcrt_initialize         10002cec f   libvcruntime:initialization.obj
 0001:00001d15       ___vcrt_thread_attach      10002d15 f   libvcruntime:initialization.obj
 0001:00001d20       ___vcrt_thread_detach      10002d20 f   libvcruntime:initialization.obj
 0001:00001d2b       ___vcrt_uninitialize       10002d2b f   libvcruntime:initialization.obj
 0001:00001d4a       ___vcrt_uninitialize_critical 10002d4a f   libvcruntime:initialization.obj
 0001:00001da0       __except_handler4          10002da0 f   libvcruntime:_chandler4_.obj
 0001:00001f06       ___std_exception_copy      10002f06 f   libvcruntime:std_exception.obj
 0001:00001f69       ___std_exception_destroy   10002f69 f   libvcruntime:std_exception.obj
 0001:00001f88       __CxxThrowException@8      10002f88 f   libvcruntime:throw.obj
 0001:00002000       _memset                    10003000 f   libvcruntime:memset.obj
 0001:0000215a       ___std_type_info_destroy_list 1000315a f   libvcruntime:std_type_info.obj
 0001:0000217d       ___vcrt_freefls@4          1000317d f   libvcruntime:per_thread_data.obj
 0001:00002199       ___vcrt_freeptd            10003199 f   libvcruntime:per_thread_data.obj
 0001:000021cf       ___vcrt_getptd_noexit      100031cf f   libvcruntime:per_thread_data.obj
 0001:00002261       ___vcrt_initialize_ptd     10003261 f   libvcruntime:per_thread_data.obj
 0001:00002294       ___vcrt_uninitialize_ptd   10003294 f   libvcruntime:per_thread_data.obj
 0001:000022af       ___vcrt_initialize_locks   100032af f   libvcruntime:locks.obj
 0001:000022eb       ___vcrt_uninitialize_locks 100032eb f   libvcruntime:locks.obj
 0001:0000231a       ??$__crt_fast_encode_pointer@PAX@@YAPAXQAX@Z 1000331a f i libvcruntime:winapi_downlevel.obj
 0001:0000231a       ??$__crt_fast_encode_pointer@PAP6AXXZ@@YAPAP6AXXZQAP6AXXZ@Z 1000331a f i LIBCMT:utility.obj
 0001:00002458       ___vcrt_FlsAlloc           10003458 f   libvcruntime:winapi_downlevel.obj
 0001:00002492       ___vcrt_FlsFree            10003492 f   libvcruntime:winapi_downlevel.obj
 0001:000024cc       ___vcrt_FlsGetValue        100034cc f   libvcruntime:winapi_downlevel.obj
 0001:00002506       ___vcrt_FlsSetValue        10003506 f   libvcruntime:winapi_downlevel.obj
 0001:00002543       ___vcrt_InitializeCriticalSectionEx 10003543 f   libvcruntime:winapi_downlevel.obj
 0001:00002589       ___vcrt_initialize_winapi_thunks 10003589 f   libvcruntime:winapi_downlevel.obj
 0001:000025c3       ___vcrt_uninitialize_winapi_thunks 100035c3 f   libvcruntime:winapi_downlevel.obj
 0001:000025f5       ___vcrt_initialize_pure_virtual_call_handler 100035f5 f   libvcruntime:purevirt_data.obj
 0001:00002620       __local_unwind4            10003620 f   libvcruntime:_exsup4_.obj
 0001:000026f6       __seh_longjmp_unwind4@4    100036f6 f   libvcruntime:_exsup4_.obj
 0001:0000271e       @_EH4_CallFilterFunc@8     1000371e f   libvcruntime:_exsup4_.obj
 0001:00002735       @_EH4_TransferToHandler@8  10003735 f   libvcruntime:_exsup4_.obj
 0001:0000274e       @_EH4_GlobalUnwind2@8      1000374e f   libvcruntime:_exsup4_.obj
 0001:00002767       @_EH4_LocalUnwind@16       10003767 f   libvcruntime:_exsup4_.obj
 0001:0000277e       ___except_validate_context_record 1000377e f   libvcruntime:jbcxrval.obj
 0001:0000277e       @_guard_check_icall_nop@4  1000377e f   LIBCMT:guard_support.obj
 0001:0000277e       ___except_validate_jump_buffer 1000377e f   libvcruntime:jbcxrval.obj
 0001:00002780       __global_unwind2           10003780 f   libvcruntime:_exsup_.obj
 0001:000027e5       __local_unwind2            100037e5 f   libvcruntime:_exsup_.obj
 0001:00002869       __abnormal_termination     10003869 f   libvcruntime:_exsup_.obj
 0001:0000288c       __NLG_Notify1              1000388c f   libvcruntime:_exsup_.obj
 0001:00002895       __NLG_Notify               10003895 f   libvcruntime:_exsup_.obj
 0001:000028ac       __NLG_Dispatch2            100038ac     libvcruntime:_exsup_.obj
 0001:000028ac       __NLG_Dispatch             100038ac     libvcruntime:_exsup_.obj
 0001:000028b4       __NLG_Call                 100038b4 f   libvcruntime:_exsup_.obj
 0001:000028b6       __NLG_Return2              100038b6     libvcruntime:_exsup_.obj
 0001:000028b7       ___acrt_initialize_stdio   100038b7 f   libucrt:_file.obj
 0001:0000297f       ___acrt_iob_func           1000397f f   libucrt:_file.obj
 0001:0000298f       ___acrt_uninitialize_stdio 1000398f f   libucrt:_file.obj
 0001:000029db       __lock_file                100039db f   libucrt:_file.obj
 0001:000029ef       __unlock_file              100039ef f   libucrt:_file.obj
 0001:00002a03       ??$?RV<lambda_ab9923ffb5d694ec0d78876dd103e44f>@@AAV<lambda_481dd5778c961fbcd3b60b650e9b9dc4>@@V<lambda_7923d86c9e3f319b415918ec4b39749c>@@@?$__crt_seh_guarded_call@H@@QAEH$$QAV<lambda_ab9923ffb5d694ec0d78876dd103e44f>@@AAV<lambda_481dd5778c961fbcd3b60b650e9b9dc4>@@$$QAV<lambda_7923d86c9e3f319b415918ec4b39749c>@@@Z 10003a03 f i libucrt:output.obj
 0001:00002a54       ??$?RV<lambda_db08b09ef7aa9d4f8620ce68402612bc>@@AAV<lambda_4f2c1eaeead2a5fc776db5b62ea0fb9b>@@V<lambda_3ae262bc35d4ba6a3825c4f6bcaaf95c>@@@?$__crt_seh_guarded_call@H@@QAEH$$QAV<lambda_db08b09ef7aa9d4f8620ce68402612bc>@@AAV<lambda_4f2c1eaeead2a5fc776db5b62ea0fb9b>@@$$QAV<lambda_3ae262bc35d4ba6a3825c4f6bcaaf95c>@@@Z 10003a54 f i libucrt:output.obj
 0001:00002aa5       ??$__acrt_lock_stream_and_call@V<lambda_481dd5778c961fbcd3b60b650e9b9dc4>@@@@YAHQAU_iobuf@@$$QAV<lambda_481dd5778c961fbcd3b60b650e9b9dc4>@@@Z 10003aa5 f i libucrt:output.obj
 0001:00002acd       ??$__acrt_lock_stream_and_call@V<lambda_4f2c1eaeead2a5fc776db5b62ea0fb9b>@@@@YAHQAU_iobuf@@$$QAV<lambda_4f2c1eaeead2a5fc776db5b62ea0fb9b>@@@Z 10003acd f i libucrt:output.obj
 0001:00002df6       ??$count@D@formatting_buffer@__crt_stdio_output@@QBEIXZ 10003df6 f i libucrt:output.obj
 0001:00002e0e       ??$ensure_buffer_is_big_enough@D@formatting_buffer@__crt_stdio_output@@QAE_NI@Z 10003e0e f i libucrt:output.obj
 0001:00002e94       ??$is_wide_character_specifier@D@__crt_stdio_output@@YA_N_KDW4length_modifier@0@@Z 10003e94 f i libucrt:output.obj
 0001:00002ed4       ??$is_wide_character_specifier@_W@__crt_stdio_output@@YA_N_K_WW4length_modifier@0@@Z 10003ed4 f i libucrt:output.obj
 0001:00002f23       ??$scratch_data@D@formatting_buffer@__crt_stdio_output@@QAEPADXZ 10003f23 f i libucrt:output.obj
 0001:00002f41       ??$type_case_integer_parse_into_buffer@I@?$output_processor@_WV?$stream_output_adapter@_W@__crt_stdio_output@@V?$standard_base@_WV?$stream_output_adapter@_W@__crt_stdio_output@@@2@@__crt_stdio_output@@AAEXII_N@Z 10003f41 f i libucrt:output.obj
 0001:00002f41       ??$type_case_integer_parse_into_buffer@I@?$output_processor@DV?$stream_output_adapter@D@__crt_stdio_output@@V?$standard_base@DV?$stream_output_adapter@D@__crt_stdio_output@@@2@@__crt_stdio_output@@AAEXII_N@Z 10003f41 f i libucrt:output.obj
 0001:00002f41       ??$type_case_integer_parse_into_buffer@I@?$output_processor@_WV?$string_output_adapter@_W@__crt_stdio_output@@V?$standard_base@_WV?$string_output_adapter@_W@__crt_stdio_output@@@2@@__crt_stdio_output@@AAEXII_N@Z 10003f41 f i libucrt:output.obj
 0001:00002f41       ??$type_case_integer_parse_into_buffer@I@?$output_processor@DV?$string_output_adapter@D@__crt_stdio_output@@V?$standard_base@DV?$string_output_adapter@D@__crt_stdio_output@@@2@@__crt_stdio_output@@AAEXII_N@Z 10003f41 f i libucrt:output.obj
 0001:00002fb6       ??$type_case_integer_parse_into_buffer@_K@?$output_processor@_WV?$string_output_adapter@_W@__crt_stdio_output@@V?$standard_base@_WV?$string_output_adapter@_W@__crt_stdio_output@@@2@@__crt_stdio_output@@AAEX_KI_N@Z 10003fb6 f i libucrt:output.obj
 0001:00002fb6       ??$type_case_integer_parse_into_buffer@_K@?$output_processor@_WV?$stream_output_adapter@_W@__crt_stdio_output@@V?$standard_base@_WV?$stream_output_adapter@_W@__crt_stdio_output@@@2@@__crt_stdio_output@@AAEX_KI_N@Z 10003fb6 f i libucrt:output.obj
 0001:00002fb6       ??$type_case_integer_parse_into_buffer@_K@?$output_processor@DV?$string_output_adapter@D@__crt_stdio_output@@V?$standard_base@DV?$string_output_adapter@D@__crt_stdio_output@@@2@@__crt_stdio_output@@AAEX_KI_N@Z 10003fb6 f i libucrt:output.obj
 0001:00002fb6       ??$type_case_integer_parse_into_buffer@_K@?$output_processor@DV?$stream_output_adapter@D@__crt_stdio_output@@V?$standard_base@DV?$stream_output_adapter@D@__crt_stdio_output@@@2@@__crt_stdio_output@@AAEX_KI_N@Z 10003fb6 f i libucrt:output.obj
 0001:0000303e       ??$write_multiple_characters@V?$stream_output_adapter@D@__crt_stdio_output@@D@__crt_stdio_output@@YAXABV?$stream_output_adapter@D@0@DHQAH@Z 1000403e f i libucrt:output.obj
 0001:0000306a       ??$write_multiple_characters@V?$stream_output_adapter@_W@__crt_stdio_output@@D@__crt_stdio_output@@YAXABV?$stream_output_adapter@_W@0@DHQAH@Z 1000406a f i libucrt:output.obj
 0001:0000309b       ??$write_multiple_characters@V?$string_output_adapter@D@__crt_stdio_output@@D@__crt_stdio_output@@YAXABV?$string_output_adapter@D@0@DHQAH@Z 1000409b f i libucrt:output.obj
 0001:000030c7       ??$write_multiple_characters@V?$string_output_adapter@_W@__crt_stdio_output@@D@__crt_stdio_output@@YAXABV?$string_output_adapter@_W@0@DHQAH@Z 100040c7 f i libucrt:output.obj
 0001:000030f8       ??0?$common_data@D@__crt_stdio_output@@IAE@XZ 100040f8 f i libucrt:output.obj
 0001:0000313f       ??0?$common_data@_W@__crt_stdio_output@@IAE@XZ 1000413f f i libucrt:output.obj
 0001:0000318b       ??0?$output_adapter_data@DV?$string_output_adapter@D@__crt_stdio_output@@@__crt_stdio_output@@IAE@ABV?$string_output_adapter@D@1@_KQBDQAU__crt_locale_pointers@@QAD@Z 1000418b f i libucrt:output.obj
 0001:0000318b       ??0?$output_adapter_data@DV?$stream_output_adapter@D@__crt_stdio_output@@@__crt_stdio_output@@IAE@ABV?$stream_output_adapter@D@1@_KQBDQAU__crt_locale_pointers@@QAD@Z 1000418b f i libucrt:output.obj
 0001:000031c7       ??0?$output_adapter_data@_WV?$stream_output_adapter@_W@__crt_stdio_output@@@__crt_stdio_output@@IAE@ABV?$stream_output_adapter@_W@1@_KQB_WQAU__crt_locale_pointers@@QAD@Z 100041c7 f i libucrt:output.obj
 0001:000031c7       ??0?$output_adapter_data@_WV?$string_output_adapter@_W@__crt_stdio_output@@@__crt_stdio_output@@IAE@ABV?$string_output_adapter@_W@1@_KQB_WQAU__crt_locale_pointers@@QAD@Z 100041c7 f i libucrt:output.obj
 0001:00003203       ??0?$output_processor@DV?$string_output_adapter@D@__crt_stdio_output@@V?$standard_base@DV?$string_output_adapter@D@__crt_stdio_output@@@2@@__crt_stdio_output@@QAE@ABV?$string_output_adapter@D@1@_KQBDQAU__crt_locale_pointers@@QAD@Z 10004203 f i libucrt:output.obj
 0001:00003203       ??0?$output_processor@DV?$stream_output_adapter@D@__crt_stdio_output@@V?$standard_base@DV?$stream_output_adapter@D@__crt_stdio_output@@@2@@__crt_stdio_output@@QAE@ABV?$stream_output_adapter@D@1@_KQBDQAU__crt_locale_pointers@@QAD@Z 10004203 f i libucrt:output.obj
 0001:00003238       ??0?$output_processor@_WV?$string_output_adapter@_W@__crt_stdio_output@@V?$standard_base@_WV?$string_output_adapter@_W@__crt_stdio_output@@@2@@__crt_stdio_output@@QAE@ABV?$string_output_adapter@_W@1@_KQB_WQAU__crt_locale_pointers@@QAD@Z 10004238 f i libucrt:output.obj
 0001:00003238       ??0?$output_processor@_WV?$stream_output_adapter@_W@__crt_stdio_output@@V?$standard_base@_WV?$stream_output_adapter@_W@__crt_stdio_output@@@2@@__crt_stdio_output@@QAE@ABV?$stream_output_adapter@_W@1@_KQB_WQAU__crt_locale_pointers@@QAD@Z 10004238 f i libucrt:output.obj
 0001:0000326d       ??0_LocaleUpdate@@QAE@QAU__crt_locale_pointers@@@Z 1000426d f i libucrt:output.obj
 0001:000032f0       ??1formatting_buffer@__crt_stdio_output@@QAE@XZ 100042f0 f i libucrt:output.obj
 0001:0000330a       ??4?$__crt_unique_heap_ptr@DU__crt_internal_free_policy@@@@QAEAAV0@$$QAV0@@Z 1000430a f i libucrt:output.obj
 0001:000034a8       ?crop_zeroes@__crt_stdio_output@@YAXPADQAU__crt_locale_pointers@@@Z 100044a8 f i libucrt:output.obj
 0001:000034ff       ?find_next_state@?$output_processor@DV?$stream_output_adapter@D@__crt_stdio_output@@V?$standard_base@DV?$stream_output_adapter@D@__crt_stdio_output@@@2@@__crt_stdio_output@@ABE?AW4state@2@DW432@@Z 100044ff f i libucrt:output.obj
 0001:000034ff       ?find_next_state@?$output_processor@DV?$string_output_adapter@D@__crt_stdio_output@@V?$standard_base@DV?$string_output_adapter@D@__crt_stdio_output@@@2@@__crt_stdio_output@@ABE?AW4state@2@DW432@@Z 100044ff f i libucrt:output.obj
 0001:00003531       ?find_next_state@?$output_processor@_WV?$stream_output_adapter@_W@__crt_stdio_output@@V?$standard_base@_WV?$stream_output_adapter@_W@__crt_stdio_output@@@2@@__crt_stdio_output@@ABE?AW4state@2@_WW432@@Z 10004531 f i libucrt:output.obj
 0001:00003531       ?find_next_state@?$output_processor@_WV?$string_output_adapter@_W@__crt_stdio_output@@V?$standard_base@_WV?$string_output_adapter@_W@__crt_stdio_output@@@2@@__crt_stdio_output@@ABE?AW4state@2@_WW432@@Z 10004531 f i libucrt:output.obj
 0001:00003565       ?force_decimal_point@__crt_stdio_output@@YAXPADQAU__crt_locale_pointers@@@Z 10004565 f i libucrt:output.obj
 0001:000035c1       ?parse_int_from_format_string@?$output_processor@DV?$string_output_adapter@D@__crt_stdio_output@@V?$standard_base@DV?$string_output_adapter@D@__crt_stdio_output@@@2@@__crt_stdio_output@@AAE_NQAH@Z 100045c1 f i libucrt:output.obj
 0001:000035c1       ?parse_int_from_format_string@?$output_processor@DV?$stream_output_adapter@D@__crt_stdio_output@@V?$standard_base@DV?$stream_output_adapter@D@__crt_stdio_output@@@2@@__crt_stdio_output@@AAE_NQAH@Z 100045c1 f i libucrt:output.obj
 0001:0000361d       ?parse_int_from_format_string@?$output_processor@_WV?$stream_output_adapter@_W@__crt_stdio_output@@V?$standard_base@_WV?$stream_output_adapter@_W@__crt_stdio_output@@@2@@__crt_stdio_output@@AAE_NQAH@Z 1000461d f i libucrt:output.obj
 0001:0000361d       ?parse_int_from_format_string@?$output_processor@_WV?$string_output_adapter@_W@__crt_stdio_output@@V?$standard_base@_WV?$string_output_adapter@_W@__crt_stdio_output@@@2@@__crt_stdio_output@@AAE_NQAH@Z 1000461d f i libucrt:output.obj
 0001:0000367b       ?process@?$output_processor@DV?$stream_output_adapter@D@__crt_stdio_output@@V?$standard_base@DV?$stream_output_adapter@D@__crt_stdio_output@@@2@@__crt_stdio_output@@QAEHXZ 1000467b f i libucrt:output.obj
 0001:00003797       ?process@?$output_processor@DV?$string_output_adapter@D@__crt_stdio_output@@V?$standard_base@DV?$string_output_adapter@D@__crt_stdio_output@@@2@@__crt_stdio_output@@QAEHXZ 10004797 f i libucrt:output.obj
 0001:000038b3       ?process@?$output_processor@_WV?$stream_output_adapter@_W@__crt_stdio_output@@V?$standard_base@_WV?$stream_output_adapter@_W@__crt_stdio_output@@@2@@__crt_stdio_output@@QAEHXZ 100048b3 f i libucrt:output.obj
 0001:000039d3       ?process@?$output_processor@_WV?$string_output_adapter@_W@__crt_stdio_output@@V?$standard_base@_WV?$string_output_adapter@_W@__crt_stdio_output@@@2@@__crt_stdio_output@@QAEHXZ 100049d3 f i libucrt:output.obj
 0001:00003af3       ?state_case_flag@?$output_processor@DV?$string_output_adapter@D@__crt_stdio_output@@V?$standard_base@DV?$string_output_adapter@D@__crt_stdio_output@@@2@@__crt_stdio_output@@AAE_NXZ 10004af3 f i libucrt:output.obj
 0001:00003af3       ?state_case_flag@?$output_processor@DV?$stream_output_adapter@D@__crt_stdio_output@@V?$standard_base@DV?$stream_output_adapter@D@__crt_stdio_output@@@2@@__crt_stdio_output@@AAE_NXZ 10004af3 f i libucrt:output.obj
 0001:00003b30       ?state_case_flag@?$output_processor@_WV?$stream_output_adapter@_W@__crt_stdio_output@@V?$standard_base@_WV?$stream_output_adapter@_W@__crt_stdio_output@@@2@@__crt_stdio_output@@AAE_NXZ 10004b30 f i libucrt:output.obj
 0001:00003b30       ?state_case_flag@?$output_processor@_WV?$string_output_adapter@_W@__crt_stdio_output@@V?$standard_base@_WV?$string_output_adapter@_W@__crt_stdio_output@@@2@@__crt_stdio_output@@AAE_NXZ 10004b30 f i libucrt:output.obj
 0001:00003b6d       ?state_case_normal@?$output_processor@DV?$stream_output_adapter@D@__crt_stdio_output@@V?$standard_base@DV?$stream_output_adapter@D@__crt_stdio_output@@@2@@__crt_stdio_output@@AAE_NXZ 10004b6d f i libucrt:output.obj
 0001:00003b8c       ?state_case_normal@?$output_processor@DV?$string_output_adapter@D@__crt_stdio_output@@V?$standard_base@DV?$string_output_adapter@D@__crt_stdio_output@@@2@@__crt_stdio_output@@AAE_NXZ 10004b8c f i libucrt:output.obj
 0001:00003bab       ?state_case_normal@?$output_processor@_WV?$stream_output_adapter@_W@__crt_stdio_output@@V?$standard_base@_WV?$stream_output_adapter@_W@__crt_stdio_output@@@2@@__crt_stdio_output@@AAE_NXZ 10004bab f i libucrt:output.obj
 0001:00003bca       ?state_case_normal@?$output_processor@_WV?$string_output_adapter@_W@__crt_stdio_output@@V?$standard_base@_WV?$string_output_adapter@_W@__crt_stdio_output@@@2@@__crt_stdio_output@@AAE_NXZ 10004bca f i libucrt:output.obj
 0001:00003be9       ?state_case_normal_common@?$output_processor@DV?$stream_output_adapter@D@__crt_stdio_output@@V?$standard_base@DV?$stream_output_adapter@D@__crt_stdio_output@@@2@@__crt_stdio_output@@AAE_NXZ 10004be9 f i libucrt:output.obj
 0001:00003c13       ?state_case_normal_common@?$output_processor@DV?$string_output_adapter@D@__crt_stdio_output@@V?$standard_base@DV?$string_output_adapter@D@__crt_stdio_output@@@2@@__crt_stdio_output@@AAE_NXZ 10004c13 f i libucrt:output.obj
 0001:00003c3d       ?state_case_normal_common@?$output_processor@_WV?$stream_output_adapter@_W@__crt_stdio_output@@V?$standard_base@_WV?$stream_output_adapter@_W@__crt_stdio_output@@@2@@__crt_stdio_output@@AAE_NXZ 10004c3d f i libucrt:output.obj
 0001:00003c58       ?state_case_normal_common@?$output_processor@_WV?$string_output_adapter@_W@__crt_stdio_output@@V?$standard_base@_WV?$string_output_adapter@_W@__crt_stdio_output@@@2@@__crt_stdio_output@@AAE_NXZ 10004c58 f i libucrt:output.obj
 0001:00003c73       ?state_case_normal_tchar@?$output_processor@DV?$stream_output_adapter@D@__crt_stdio_output@@V?$standard_base@DV?$stream_output_adapter@D@__crt_stdio_output@@@2@@__crt_stdio_output@@AAE_ND@Z 10004c73 f i libucrt:output.obj
 0001:00003cd4       ?state_case_normal_tchar@?$output_processor@DV?$string_output_adapter@D@__crt_stdio_output@@V?$standard_base@DV?$string_output_adapter@D@__crt_stdio_output@@@2@@__crt_stdio_output@@AAE_ND@Z 10004cd4 f i libucrt:output.obj
 0001:00003d35       ?state_case_precision@?$output_processor@DV?$stream_output_adapter@D@__crt_stdio_output@@V?$standard_base@DV?$stream_output_adapter@D@__crt_stdio_output@@@2@@__crt_stdio_output@@AAE_NXZ 10004d35 f i libucrt:output.obj
 0001:00003d35       ?state_case_precision@?$output_processor@DV?$string_output_adapter@D@__crt_stdio_output@@V?$standard_base@DV?$string_output_adapter@D@__crt_stdio_output@@@2@@__crt_stdio_output@@AAE_NXZ 10004d35 f i libucrt:output.obj
 0001:00003d5d       ?state_case_precision@?$output_processor@_WV?$stream_output_adapter@_W@__crt_stdio_output@@V?$standard_base@_WV?$stream_output_adapter@_W@__crt_stdio_output@@@2@@__crt_stdio_output@@AAE_NXZ 10004d5d f i libucrt:output.obj
 0001:00003d5d       ?state_case_precision@?$output_processor@_WV?$string_output_adapter@_W@__crt_stdio_output@@V?$standard_base@_WV?$string_output_adapter@_W@__crt_stdio_output@@@2@@__crt_stdio_output@@AAE_NXZ 10004d5d f i libucrt:output.obj
 0001:00003d86       ?state_case_size@?$output_processor@DV?$stream_output_adapter@D@__crt_stdio_output@@V?$standard_base@DV?$stream_output_adapter@D@__crt_stdio_output@@@2@@__crt_stdio_output@@AAE_NXZ 10004d86 f i libucrt:output.obj
 0001:00003eef       ?state_case_size@?$output_processor@DV?$string_output_adapter@D@__crt_stdio_output@@V?$standard_base@DV?$string_output_adapter@D@__crt_stdio_output@@@2@@__crt_stdio_output@@AAE_NXZ 10004eef f i libucrt:output.obj
 0001:00004058       ?state_case_size@?$output_processor@_WV?$stream_output_adapter@_W@__crt_stdio_output@@V?$standard_base@_WV?$stream_output_adapter@_W@__crt_stdio_output@@@2@@__crt_stdio_output@@AAE_NXZ 10005058 f i libucrt:output.obj
 0001:000041d4       ?state_case_size@?$output_processor@_WV?$string_output_adapter@_W@__crt_stdio_output@@V?$standard_base@_WV?$string_output_adapter@_W@__crt_stdio_output@@@2@@__crt_stdio_output@@AAE_NXZ 100051d4 f i libucrt:output.obj
 0001:00004350       ?state_case_type@?$output_processor@DV?$stream_output_adapter@D@__crt_stdio_output@@V?$standard_base@DV?$stream_output_adapter@D@__crt_stdio_output@@@2@@__crt_stdio_output@@AAE_NXZ 10005350 f i libucrt:output.obj
 0001:0000457f       ?state_case_type@?$output_processor@DV?$string_output_adapter@D@__crt_stdio_output@@V?$standard_base@DV?$string_output_adapter@D@__crt_stdio_output@@@2@@__crt_stdio_output@@AAE_NXZ 1000557f f i libucrt:output.obj
 0001:000047ae       ?state_case_type@?$output_processor@_WV?$stream_output_adapter@_W@__crt_stdio_output@@V?$standard_base@_WV?$stream_output_adapter@_W@__crt_stdio_output@@@2@@__crt_stdio_output@@AAE_NXZ 100057ae f i libucrt:output.obj
 0001:00004a0b       ?state_case_type@?$output_processor@_WV?$string_output_adapter@_W@__crt_stdio_output@@V?$standard_base@_WV?$string_output_adapter@_W@__crt_stdio_output@@@2@@__crt_stdio_output@@AAE_NXZ 10005a0b f i libucrt:output.obj
 0001:00004c68       ?state_case_width@?$output_processor@DV?$string_output_adapter@D@__crt_stdio_output@@V?$standard_base@DV?$string_output_adapter@D@__crt_stdio_output@@@2@@__crt_stdio_output@@AAE_NXZ 10005c68 f i libucrt:output.obj
 0001:00004c68       ?state_case_width@?$output_processor@DV?$stream_output_adapter@D@__crt_stdio_output@@V?$standard_base@DV?$stream_output_adapter@D@__crt_stdio_output@@@2@@__crt_stdio_output@@AAE_NXZ 10005c68 f i libucrt:output.obj
 0001:00004c93       ?state_case_width@?$output_processor@_WV?$string_output_adapter@_W@__crt_stdio_output@@V?$standard_base@_WV?$string_output_adapter@_W@__crt_stdio_output@@@2@@__crt_stdio_output@@AAE_NXZ 10005c93 f i libucrt:output.obj
 0001:00004c93       ?state_case_width@?$output_processor@_WV?$stream_output_adapter@_W@__crt_stdio_output@@V?$standard_base@_WV?$stream_output_adapter@_W@__crt_stdio_output@@@2@@__crt_stdio_output@@AAE_NXZ 10005c93 f i libucrt:output.obj
 0001:00004cbf       ?to_integer_size@__crt_stdio_output@@YAIW4length_modifier@1@@Z 10005cbf f i libucrt:output.obj
 0001:00004d1b       ?type_case_Z@?$output_processor@DV?$string_output_adapter@D@__crt_stdio_output@@V?$standard_base@DV?$string_output_adapter@D@__crt_stdio_output@@@2@@__crt_stdio_output@@AAE_NXZ 10005d1b f i libucrt:output.obj
 0001:00004d1b       ?type_case_Z@?$output_processor@DV?$stream_output_adapter@D@__crt_stdio_output@@V?$standard_base@DV?$stream_output_adapter@D@__crt_stdio_output@@@2@@__crt_stdio_output@@AAE_NXZ 10005d1b f i libucrt:output.obj
 0001:00004d7e       ?type_case_Z@?$output_processor@_WV?$stream_output_adapter@_W@__crt_stdio_output@@V?$standard_base@_WV?$stream_output_adapter@_W@__crt_stdio_output@@@2@@__crt_stdio_output@@AAE_NXZ 10005d7e f i libucrt:output.obj
 0001:00004d7e       ?type_case_Z@?$output_processor@_WV?$string_output_adapter@_W@__crt_stdio_output@@V?$standard_base@_WV?$string_output_adapter@_W@__crt_stdio_output@@@2@@__crt_stdio_output@@AAE_NXZ 10005d7e f i libucrt:output.obj
 0001:00004de1       ?type_case_a@?$output_processor@DV?$stream_output_adapter@D@__crt_stdio_output@@V?$standard_base@DV?$stream_output_adapter@D@__crt_stdio_output@@@2@@__crt_stdio_output@@AAE_NXZ 10005de1 f i libucrt:output.obj
 0001:00004de1       ?type_case_a@?$output_processor@DV?$string_output_adapter@D@__crt_stdio_output@@V?$standard_base@DV?$string_output_adapter@D@__crt_stdio_output@@@2@@__crt_stdio_output@@AAE_NXZ 10005de1 f i libucrt:output.obj
 0001:00004f3b       ?type_case_a@?$output_processor@_WV?$string_output_adapter@_W@__crt_stdio_output@@V?$standard_base@_WV?$string_output_adapter@_W@__crt_stdio_output@@@2@@__crt_stdio_output@@AAE_NXZ 10005f3b f i libucrt:output.obj
 0001:00004f3b       ?type_case_a@?$output_processor@_WV?$stream_output_adapter@_W@__crt_stdio_output@@V?$standard_base@_WV?$stream_output_adapter@_W@__crt_stdio_output@@@2@@__crt_stdio_output@@AAE_NXZ 10005f3b f i libucrt:output.obj
 0001:000050ad       ?type_case_c_tchar@?$output_processor@DV?$stream_output_adapter@D@__crt_stdio_output@@V?$standard_base@DV?$stream_output_adapter@D@__crt_stdio_output@@@2@@__crt_stdio_output@@AAE_ND@Z 100060ad f i libucrt:output.obj
 0001:000050ad       ?type_case_c_tchar@?$output_processor@DV?$string_output_adapter@D@__crt_stdio_output@@V?$standard_base@DV?$string_output_adapter@D@__crt_stdio_output@@@2@@__crt_stdio_output@@AAE_ND@Z 100060ad f i libucrt:output.obj
 0001:0000513d       ?type_case_c_tchar@?$output_processor@_WV?$string_output_adapter@_W@__crt_stdio_output@@V?$standard_base@_WV?$string_output_adapter@_W@__crt_stdio_output@@@2@@__crt_stdio_output@@AAE_N_W@Z 1000613d f i libucrt:output.obj
 0001:0000513d       ?type_case_c_tchar@?$output_processor@_WV?$stream_output_adapter@_W@__crt_stdio_output@@V?$standard_base@_WV?$stream_output_adapter@_W@__crt_stdio_output@@@2@@__crt_stdio_output@@AAE_N_W@Z 1000613d f i libucrt:output.obj
 0001:000051d5       ?type_case_integer@?$output_processor@_WV?$stream_output_adapter@_W@__crt_stdio_output@@V?$standard_base@_WV?$stream_output_adapter@_W@__crt_stdio_output@@@2@@__crt_stdio_output@@AAE_NI_N@Z 100061d5 f i libucrt:output.obj
 0001:000051d5       ?type_case_integer@?$output_processor@DV?$stream_output_adapter@D@__crt_stdio_output@@V?$standard_base@DV?$stream_output_adapter@D@__crt_stdio_output@@@2@@__crt_stdio_output@@AAE_NI_N@Z 100061d5 f i libucrt:output.obj
 0001:000051d5       ?type_case_integer@?$output_processor@_WV?$string_output_adapter@_W@__crt_stdio_output@@V?$standard_base@_WV?$string_output_adapter@_W@__crt_stdio_output@@@2@@__crt_stdio_output@@AAE_NI_N@Z 100061d5 f i libucrt:output.obj
 0001:000051d5       ?type_case_integer@?$output_processor@DV?$string_output_adapter@D@__crt_stdio_output@@V?$standard_base@DV?$string_output_adapter@D@__crt_stdio_output@@@2@@__crt_stdio_output@@AAE_NI_N@Z 100061d5 f i libucrt:output.obj
 0001:0000531f       ?type_case_n@?$output_processor@_WV?$string_output_adapter@_W@__crt_stdio_output@@V?$standard_base@_WV?$string_output_adapter@_W@__crt_stdio_output@@@2@@__crt_stdio_output@@AAE_NXZ 1000631f f i libucrt:output.obj
 0001:0000531f       ?type_case_n@?$output_processor@DV?$string_output_adapter@D@__crt_stdio_output@@V?$standard_base@DV?$string_output_adapter@D@__crt_stdio_output@@@2@@__crt_stdio_output@@AAE_NXZ 1000631f f i libucrt:output.obj
 0001:0000531f       ?type_case_n@?$output_processor@DV?$stream_output_adapter@D@__crt_stdio_output@@V?$standard_base@DV?$stream_output_adapter@D@__crt_stdio_output@@@2@@__crt_stdio_output@@AAE_NXZ 1000631f f i libucrt:output.obj
 0001:0000531f       ?type_case_n@?$output_processor@_WV?$stream_output_adapter@_W@__crt_stdio_output@@V?$standard_base@_WV?$stream_output_adapter@_W@__crt_stdio_output@@@2@@__crt_stdio_output@@AAE_NXZ 1000631f f i libucrt:output.obj
 0001:00005393       ?type_case_o@?$output_processor@DV?$string_output_adapter@D@__crt_stdio_output@@V?$standard_base@DV?$string_output_adapter@D@__crt_stdio_output@@@2@@__crt_stdio_output@@AAE_NXZ 10006393 f i libucrt:output.obj
 0001:00005393       ?type_case_o@?$output_processor@DV?$stream_output_adapter@D@__crt_stdio_output@@V?$standard_base@DV?$stream_output_adapter@D@__crt_stdio_output@@@2@@__crt_stdio_output@@AAE_NXZ 10006393 f i libucrt:output.obj
 0001:00005393       ?type_case_o@?$output_processor@_WV?$string_output_adapter@_W@__crt_stdio_output@@V?$standard_base@_WV?$string_output_adapter@_W@__crt_stdio_output@@@2@@__crt_stdio_output@@AAE_NXZ 10006393 f i libucrt:output.obj
 0001:00005393       ?type_case_o@?$output_processor@_WV?$stream_output_adapter@_W@__crt_stdio_output@@V?$standard_base@_WV?$stream_output_adapter@_W@__crt_stdio_output@@@2@@__crt_stdio_output@@AAE_NXZ 10006393 f i libucrt:output.obj
 0001:000053b2       ?type_case_p@?$output_processor@_WV?$string_output_adapter@_W@__crt_stdio_output@@V?$standard_base@_WV?$string_output_adapter@_W@__crt_stdio_output@@@2@@__crt_stdio_output@@AAE_NXZ 100063b2 f i libucrt:output.obj
 0001:000053b2       ?type_case_p@?$output_processor@DV?$string_output_adapter@D@__crt_stdio_output@@V?$standard_base@DV?$string_output_adapter@D@__crt_stdio_output@@@2@@__crt_stdio_output@@AAE_NXZ 100063b2 f i libucrt:output.obj
 0001:000053b2       ?type_case_p@?$output_processor@_WV?$stream_output_adapter@_W@__crt_stdio_output@@V?$standard_base@_WV?$stream_output_adapter@_W@__crt_stdio_output@@@2@@__crt_stdio_output@@AAE_NXZ 100063b2 f i libucrt:output.obj
 0001:000053b2       ?type_case_p@?$output_processor@DV?$stream_output_adapter@D@__crt_stdio_output@@V?$standard_base@DV?$stream_output_adapter@D@__crt_stdio_output@@@2@@__crt_stdio_output@@AAE_NXZ 100063b2 f i libucrt:output.obj
 0001:000053ca       ?type_case_s@?$output_processor@DV?$string_output_adapter@D@__crt_stdio_output@@V?$standard_base@DV?$string_output_adapter@D@__crt_stdio_output@@@2@@__crt_stdio_output@@AAE_NXZ 100063ca f i libucrt:output.obj
 0001:000053ca       ?type_case_s@?$output_processor@DV?$stream_output_adapter@D@__crt_stdio_output@@V?$standard_base@DV?$stream_output_adapter@D@__crt_stdio_output@@@2@@__crt_stdio_output@@AAE_NXZ 100063ca f i libucrt:output.obj
 0001:0000543d       ?type_case_s@?$output_processor@_WV?$stream_output_adapter@_W@__crt_stdio_output@@V?$standard_base@_WV?$stream_output_adapter@_W@__crt_stdio_output@@@2@@__crt_stdio_output@@AAE_NXZ 1000643d f i libucrt:output.obj
 0001:0000543d       ?type_case_s@?$output_processor@_WV?$string_output_adapter@_W@__crt_stdio_output@@V?$standard_base@_WV?$string_output_adapter@_W@__crt_stdio_output@@@2@@__crt_stdio_output@@AAE_NXZ 1000643d f i libucrt:output.obj
 0001:000054b1       ?type_case_s_compute_narrow_string_length@?$output_processor@_WV?$stream_output_adapter@_W@__crt_stdio_output@@V?$standard_base@_WV?$stream_output_adapter@_W@__crt_stdio_output@@@2@@__crt_stdio_output@@ABEHH_W@Z 100064b1 f i libucrt:output.obj
 0001:000054b1       ?type_case_s_compute_narrow_string_length@?$output_processor@_WV?$string_output_adapter@_W@__crt_stdio_output@@V?$standard_base@_WV?$string_output_adapter@_W@__crt_stdio_output@@@2@@__crt_stdio_output@@ABEHH_W@Z 100064b1 f i libucrt:output.obj
 0001:000054f1       ?validate@?$stream_output_adapter@D@__crt_stdio_output@@QBE_NXZ 100064f1 f i libucrt:output.obj
 0001:00005512       ?validate_stream_is_ansi_if_required@?$__acrt_stdio_char_traits@D@@SA_NQAU_iobuf@@@Z 10006512 f i libucrt:output.obj
 0001:00005594       ?write_character@?$stream_output_adapter@D@__crt_stdio_output@@QBEXDQAH@Z 10006594 f i libucrt:output.obj
 0001:000055d1       ?write_character@?$stream_output_adapter@_W@__crt_stdio_output@@QBEX_WQAH@Z 100065d1 f i libucrt:output.obj
 0001:00005611       ?write_character@?$string_output_adapter@D@__crt_stdio_output@@QBE_NDQAH@Z 10006611 f i libucrt:output.obj
 0001:00005653       ?write_character@?$string_output_adapter@_W@__crt_stdio_output@@QBE_N_WQAH@Z 10006653 f i libucrt:output.obj
 0001:00005698       ?write_stored_string_tchar@?$output_processor@DV?$stream_output_adapter@D@__crt_stdio_output@@V?$standard_base@DV?$stream_output_adapter@D@__crt_stdio_output@@@2@@__crt_stdio_output@@AAE_ND@Z 10006698 f i libucrt:output.obj
 0001:0000573f       ?write_stored_string_tchar@?$output_processor@DV?$string_output_adapter@D@__crt_stdio_output@@V?$standard_base@DV?$string_output_adapter@D@__crt_stdio_output@@@2@@__crt_stdio_output@@AAE_ND@Z 1000673f f i libucrt:output.obj
 0001:000057e6       ?write_stored_string_tchar@?$output_processor@_WV?$stream_output_adapter@_W@__crt_stdio_output@@V?$standard_base@_WV?$stream_output_adapter@_W@__crt_stdio_output@@@2@@__crt_stdio_output@@AAE_N_W@Z 100067e6 f i libucrt:output.obj
 0001:00005871       ?write_stored_string_tchar@?$output_processor@_WV?$string_output_adapter@_W@__crt_stdio_output@@V?$standard_base@_WV?$string_output_adapter@_W@__crt_stdio_output@@@2@@__crt_stdio_output@@AAE_N_W@Z 10006871 f i libucrt:output.obj
 0001:000058fc       ?write_string@?$stream_output_adapter@D@__crt_stdio_output@@QBEXQBDHQAH1@Z 100068fc f i libucrt:output.obj
 0001:00005986       ?write_string@?$stream_output_adapter@_W@__crt_stdio_output@@QBEXQB_WHQAH1@Z 10006986 f i libucrt:output.obj
 0001:00005a13       ?write_string@?$string_output_adapter@D@__crt_stdio_output@@QBEXQBDHQAH1@Z 10006a13 f i libucrt:output.obj
 0001:00005aa6       ?write_string@?$string_output_adapter@_W@__crt_stdio_output@@QBEXQB_WHQAH1@Z 10006aa6 f i libucrt:output.obj
 0001:00005b40       ___stdio_common_vfprintf   10006b40 f   libucrt:output.obj
 0001:00005bb7       ___stdio_common_vfwprintf  10006bb7 f   libucrt:output.obj
 0001:00005c2e       ___stdio_common_vsprintf   10006c2e f   libucrt:output.obj
 0001:00005c52       ___stdio_common_vswprintf  10006c52 f   libucrt:output.obj
 0001:000062da       ??$ftprintf@PAU_iobuf@@PB_WABQB_WABQB_WABI@?$__crt_char_traits@_W@@SAH$$QAPAU_iobuf@@$$QAPB_WABQB_W2ABI@Z 100072da f i libucrt:assert.obj
 0001:000063b9       __vfwprintf_l              100073b9 f i libucrt:assert.obj
 0001:000063de       __vswprintf_c_l            100073de f i libucrt:assert.obj
 0001:0000640d       __wassert                  1000740d f   libucrt:assert.obj
 0001:00006455       _fwprintf                  10007455 f i libucrt:assert.obj
 0001:000064f1       _swprintf                  100074f1 f i libucrt:assert.obj
 0001:0000650f       ___acrt_initialize_new_handler 1000750f f   libucrt:new_handler.obj
 0001:00006523       __callnewh                 10007523 f   libucrt:new_handler.obj
 0001:00006567       __query_new_handler        10007567 f   libucrt:new_handler.obj
 0001:000065b9       _malloc                    100075b9 f   libucrt:malloc.obj
 0001:000065c4       __seh_filter_dll           100075c4 f   libucrt:exception_filter.obj
 0001:000065e4       __seh_filter_exe           100075e4 f   libucrt:exception_filter.obj
 0001:00006972       ___acrt_initialize_thread_local_exit_callback 10007972 f   libucrt:exit.obj
 0001:00006981       __cexit                    10007981 f   libucrt:exit.obj
 0001:00006990       __exit                     10007990 f   libucrt:exit.obj
 0001:000069a6       __is_c_termination_complete 100079a6 f   libucrt:exit.obj
 0001:00006c45       ___acrt_allocate_buffer_for_argv 10007c45 f   libucrt:argv_parsing.obj
 0001:00006c9a       __configure_narrow_argv    10007c9a f   libucrt:argv_parsing.obj
 0001:00006dfe       ??$uninitialize@A6AXAAPAPA_W@Z@?$dual_state_global@PAPA_W@__crt_state_management@@QAEXA6AXAAPAPA_W@Z@Z 10007dfe f i libucrt:environment_initialization.obj
 0001:00006dfe       ??$uninitialize@A6AXAAPAPAD@Z@?$dual_state_global@PAPAD@__crt_state_management@@QAEXA6AXAAPAPAD@Z@Z 10007dfe f i libucrt:environment_initialization.obj
 0001:00006e74       ___dcrt_uninitialize_environments_nolock 10007e74 f   libucrt:environment_initialization.obj
 0001:00006eab       __initialize_narrow_environment 10007eab f   libucrt:environment_initialization.obj
 0001:00006eb0       ??$?RV<lambda_800076c951b434888f4765a74a194fcc>@@AAV<lambda_4e60a939b0d047cfe11ddc22648dfba9>@@V<lambda_6dbb1268764f43b569ce7b67e331d33a>@@@?$__crt_seh_guarded_call@H@@QAEH$$QAV<lambda_800076c951b434888f4765a74a194fcc>@@AAV<lambda_4e60a939b0d047cfe11ddc22648dfba9>@@$$QAV<lambda_6dbb1268764f43b569ce7b67e331d33a>@@@Z 10007eb0 f i libucrt:onexit.obj
 0001:00006f01       ??$?RV<lambda_995298e7d72eb4c2aab26c0585b3abe5>@@AAV<lambda_275893d493268fdec8709772e3fcec0e>@@V<lambda_293819299cbf9a7022e18b56a874bb5c>@@@?$__crt_seh_guarded_call@H@@QAEH$$QAV<lambda_995298e7d72eb4c2aab26c0585b3abe5>@@AAV<lambda_275893d493268fdec8709772e3fcec0e>@@$$QAV<lambda_293819299cbf9a7022e18b56a874bb5c>@@@Z 10007f01 f i libucrt:onexit.obj
 0001:00006f52       ??$__acrt_lock_and_call@V<lambda_275893d493268fdec8709772e3fcec0e>@@@@YAHW4__acrt_lock_id@@$$QAV<lambda_275893d493268fdec8709772e3fcec0e>@@@Z 10007f52 f i libucrt:onexit.obj
 0001:00006f7a       ??$__acrt_lock_and_call@V<lambda_4e60a939b0d047cfe11ddc22648dfba9>@@@@YAHW4__acrt_lock_id@@$$QAV<lambda_4e60a939b0d047cfe11ddc22648dfba9>@@@Z 10007f7a f i libucrt:onexit.obj
 0001:00006fa2       ??$__crt_fast_encode_pointer@P6AHXZ@@YAP6AHXZQ6AHXZ@Z 10007fa2 f i libucrt:onexit.obj
 0001:00007222       __crt_atexit               10008222 f   libucrt:onexit.obj
 0001:00007238       __execute_onexit_table     10008238 f   libucrt:onexit.obj
 0001:00007255       __initialize_onexit_table  10008255 f   libucrt:onexit.obj
 0001:00007292       __register_onexit_function 10008292 f   libucrt:onexit.obj
 0001:000072ea       ___acrt_uninitialize_command_line 100082ea f   libucrt:argv_data.obj
 0001:000073aa       ?initialize@?$dual_state_global@P6AXH@Z@__crt_state_management@@QAEXQ6AXH@Z@Z 100083aa f i libucrt:signal.obj
 0001:000073aa       ?initialize@?$dual_state_global@P6AXPB_W00II@Z@__crt_state_management@@QAEXQ6AXPB_W00II@Z@Z 100083aa f i libucrt:invalid_parameter.obj
 0001:000073aa       ?initialize@?$dual_state_global@PAU__crt_locale_data@@@__crt_state_management@@QAEXQAU__crt_locale_data@@@Z 100083aa f i libucrt:initialization.obj
 0001:000073aa       ?initialize@?$dual_state_global@P6AHPAU_exception@@@Z@__crt_state_management@@QAEXQ6AHPAU_exception@@@Z@Z 100083aa f i libucrt:matherr.obj
 0001:000073aa       ?initialize@?$dual_state_global@PAPAD@__crt_state_management@@QAEXQAPAD@Z 100083aa f i libucrt:environment_initialization.obj
 0001:000073aa       ?initialize@?$dual_state_global@P6AHI@Z@__crt_state_management@@QAEXQ6AHI@Z@Z 100083aa f i libucrt:new_handler.obj
 0001:000073db       ___acrt_initialize         100083db f   libucrt:initialization.obj
 0001:000073ed       ___acrt_thread_attach      100083ed f   libucrt:initialization.obj
 0001:000073f8       ___acrt_thread_detach      100083f8 f   libucrt:initialization.obj
 0001:00007400       ___acrt_uninitialize       10008400 f   libucrt:initialization.obj
 0001:00007412       ___acrt_uninitialize_critical 10008412 f   libucrt:initialization.obj
 0001:00007424       __initterm                 10008424 f   libucrt:initterm.obj
 0001:00007480       __initterm_e               10008480 f   libucrt:initterm.obj
 0001:000074c5       _terminate                 100084c5 f   libucrt:terminate.obj
 0001:00007501       _free                      10008501 f   libucrt:free.obj
 0001:00007506       _strcpy_s                  10008506 f   libucrt:strcpy_s.obj
 0001:00007560       __free_base                10008560 f   libucrt:free_base.obj
 0001:0000759a       __malloc_base              1000859a f   libucrt:malloc_base.obj
 0001:000075e8       _abort                     100085e8 f   libucrt:abort.obj
 0001:0000762b       __calloc_base              1000862b f   libucrt:calloc_base.obj
 0001:00007688       ??$is_overflow_condition@K@__crt_strtox@@YA_NIK@Z 10008688 f i libucrt:atox.obj
 0001:000076bb       ??$parse_integer@KV?$c_string_character_source@D@__crt_strtox@@@__crt_strtox@@YAKQAU__crt_locale_pointers@@V?$c_string_character_source@D@0@H_N@Z 100086bb f i libucrt:atox.obj
 0001:000078e3       ??$parse_integer@KV?$c_string_character_source@_W@__crt_strtox@@@__crt_strtox@@YAKQAU__crt_locale_pointers@@V?$c_string_character_source@_W@0@H_N@Z 100088e3 f i libucrt:atox.obj
 0001:00007fc8       ?unget@?$c_string_character_source@D@__crt_strtox@@QAEXD@Z 10008fc8 f i libucrt:atox.obj
 0001:00007ff0       ?unget@?$c_string_character_source@_W@__crt_strtox@@QAEX_W@Z 10008ff0 f i libucrt:atox.obj
 0001:0000801c       ?validate@?$stream_output_adapter@_W@__crt_stdio_output@@QBE_NXZ 1000901c f i libucrt:output.obj
 0001:0000801c       ?validate@?$string_output_adapter@D@__crt_stdio_output@@QBE_NXZ 1000901c f i libucrt:output.obj
 0001:0000801c       ?validate@?$string_output_adapter@_W@__crt_stdio_output@@QBE_NXZ 1000901c f i libucrt:output.obj
 0001:0000801c       ?validate@?$c_string_character_source@_W@__crt_strtox@@QBE_NXZ 1000901c f i libucrt:atox.obj
 0001:0000801c       ?validate@?$c_string_character_source@D@__crt_strtox@@QBE_NXZ 1000901c f i libucrt:atox.obj
 0001:00008037       __chvalidchk_l             10009037 f i libucrt:atox.obj
 0001:00008061       __ischartype_l             10009061 f i libucrt:atox.obj
 0001:00008094       ___acrt_call_reportfault   10009094 f   libucrt:invalid_parameter.obj
 0001:000081cf       ___acrt_initialize_invalid_parameter_handler 100091cf f   libucrt:invalid_parameter.obj
 0001:000081e3       __invalid_parameter        100091e3 f   libucrt:invalid_parameter.obj
 0001:0000825e       __invalid_parameter_noinfo 1000925e f   libucrt:invalid_parameter.obj
 0001:0000826e       __invoke_watson            1000926e f   libucrt:invalid_parameter.obj
 0001:000082a1       ___acrt_errno_from_os_error 100092a1 f   libucrt:errno.obj
 0001:000082e4       ___acrt_errno_map_os_error 100092e4 f   libucrt:errno.obj
 0001:00008307       ___doserrno                10009307 f   libucrt:errno.obj
 0001:0000831a       __errno                    1000931a f   libucrt:errno.obj
 0001:00008478       ___acrt_FlsAlloc@4         10009478 f   libucrt:winapi_thunks.obj
 0001:000084ce       ___acrt_FlsFree@4          100094ce f   libucrt:winapi_thunks.obj
 0001:00008524       ___acrt_FlsGetValue@4      10009524 f   libucrt:winapi_thunks.obj
 0001:0000857a       ___acrt_FlsSetValue@8      1000957a f   libucrt:winapi_thunks.obj
 0001:000085d3       ___acrt_InitializeCriticalSectionEx@12 100095d3 f   libucrt:winapi_thunks.obj
 0001:00008635       ___acrt_LCMapStringEx@36   10009635 f   libucrt:winapi_thunks.obj
 0001:000086bd       ___acrt_LocaleNameToLCID@8 100096bd f   libucrt:winapi_thunks.obj
 0001:00008719       ___acrt_MessageBoxW@16     10009719 f   libucrt:winapi_thunks.obj
 0001:00008762       ___acrt_can_show_message_box 10009762 f   libucrt:winapi_thunks.obj
 0001:0000877b       ___acrt_get_parent_window  1000977b f   libucrt:winapi_thunks.obj
 0001:000087fa       ___acrt_initialize_winapi_thunks 100097fa f   libucrt:winapi_thunks.obj
 0001:00008820       ___acrt_is_interactive     10009820 f   libucrt:winapi_thunks.obj
 0001:000088c6       ___acrt_is_packaged_app    100098c6 f   libucrt:winapi_thunks.obj
 0001:0000894d       ___acrt_uninitialize_winapi_thunks 1000994d f   libucrt:winapi_thunks.obj
 0001:00008983       __fcloseall                10009983 f   libucrt:closeall.obj
 0001:00008a23       ___acrt_stdio_flush_nolock 10009a23 f   libucrt:fflush.obj
 0001:00008a89       __fflush_nolock            10009a89 f   libucrt:fflush.obj
 0001:00008ad0       __flushall                 10009ad0 f   libucrt:fflush.obj
 0001:00008bb1       _fflush                    10009bb1 f   libucrt:fflush.obj
 0001:00008c0a       ___acrt_stdio_free_buffer_nolock 10009c0a f   libucrt:_freebuf.obj
 0001:00008db4       ___acrt_initialize_lowio   10009db4 f   libucrt:ioinit.obj
 0001:00008e0a       ___acrt_uninitialize_lowio 10009e0a f   libucrt:ioinit.obj
 0001:00008e36       __isdigit_l                10009e36 f i libucrt:_ctype.obj
 0001:00008e6e       _isdigit                   10009e6e f i libucrt:_ctype.obj
 0001:00009002       __tolower_l                1000a002 f   libucrt:tolower_toupper.obj
 0001:0000901c       _tolower                   1000a01c f   libucrt:tolower_toupper.obj
 0001:0000904c       ??$make_c_string_character_source@DPAPAD@__crt_strtox@@YA?AV?$c_string_character_source@D@0@QBDQAPAD@Z 1000a04c f i libucrt:strtox.obj
 0001:0000904c       ??$make_c_string_character_source@_WPAPA_W@__crt_strtox@@YA?AV?$c_string_character_source@_W@0@QB_WQAPA_W@Z 1000a04c f i libucrt:strtox.obj
 0001:00009067       _strtol                    1000a067 f   libucrt:strtox.obj
 0001:00009093       _wcstol                    1000a093 f   libucrt:strtox.obj
 0001:000090bf       __mbtowc_l                 1000a0bf f   libucrt:mbtowc.obj
 0001:000091b9       _mbtowc                    1000a1b9 f   libucrt:mbtowc.obj
 0001:000091d3       __wctomb_s_l               1000a1d3 f   libucrt:wctomb.obj
 0001:000092f4       _wctomb_s                  1000a2f4 f   libucrt:wctomb.obj
 0001:00009311       _strnlen                   1000a311 f   libucrt:strnlen.obj
 0001:00009438       _wcsnlen                   1000a438 f   libucrt:strnlen.obj
 0001:000095ef       ??$?RV<lambda_3518db117f0e7cdb002338c5d3c47b6c>@@AAV<lambda_b2ea41f6bbb362cd97d94c6828d90b61>@@V<lambda_abdedf541bb04549bc734292b4a045d4>@@@?$__crt_seh_guarded_call@X@@QAEX$$QAV<lambda_3518db117f0e7cdb002338c5d3c47b6c>@@AAV<lambda_b2ea41f6bbb362cd97d94c6828d90b61>@@$$QAV<lambda_abdedf541bb04549bc734292b4a045d4>@@@Z 1000a5ef f i libucrt:per_thread_data.obj
 0001:0000963f       ??$?RV<lambda_51b6e8b1eb166f2a3faf91f424b38130>@@AAV<lambda_6250bd4b2a391816dd638c3bf72b0bcb>@@V<lambda_0b5a4a3e68152e1d9b943535f5f47bed>@@@?$__crt_seh_guarded_call@X@@QAEX$$QAV<lambda_51b6e8b1eb166f2a3faf91f424b38130>@@AAV<lambda_6250bd4b2a391816dd638c3bf72b0bcb>@@$$QAV<lambda_0b5a4a3e68152e1d9b943535f5f47bed>@@@Z 1000a63f f i libucrt:per_thread_data.obj
 0001:000096a0       ??$?RV<lambda_5b71d36f03204c0beab531769a5b5694>@@AAV<lambda_be2b3da3f62db62e9dad5dc70221a656>@@V<lambda_8f9ce462984622f9bf76b59e2aaaf805>@@@?$__crt_seh_guarded_call@X@@QAEX$$QAV<lambda_5b71d36f03204c0beab531769a5b5694>@@AAV<lambda_be2b3da3f62db62e9dad5dc70221a656>@@$$QAV<lambda_8f9ce462984622f9bf76b59e2aaaf805>@@@Z 1000a6a0 f i libucrt:per_thread_data.obj
 0001:000096eb       ??$?RV<lambda_9df27f884b057bc3edfc946cb5b7cf47>@@AAV<lambda_e69574bed617af4e071282c136b37893>@@V<lambda_cc0d902bcbbeb830f749456577db4721>@@@?$__crt_seh_guarded_call@X@@QAEX$$QAV<lambda_9df27f884b057bc3edfc946cb5b7cf47>@@AAV<lambda_e69574bed617af4e071282c136b37893>@@$$QAV<lambda_cc0d902bcbbeb830f749456577db4721>@@@Z 1000a6eb f i libucrt:per_thread_data.obj
 0001:00009733       ??$__acrt_lock_and_call@V<lambda_6250bd4b2a391816dd638c3bf72b0bcb>@@@@YAXW4__acrt_lock_id@@$$QAV<lambda_6250bd4b2a391816dd638c3bf72b0bcb>@@@Z 1000a733 f i libucrt:per_thread_data.obj
 0001:0000975b       ??$__acrt_lock_and_call@V<lambda_b2ea41f6bbb362cd97d94c6828d90b61>@@@@YAXW4__acrt_lock_id@@$$QAV<lambda_b2ea41f6bbb362cd97d94c6828d90b61>@@@Z 1000a75b f i libucrt:per_thread_data.obj
 0001:00009783       ??$__acrt_lock_and_call@V<lambda_be2b3da3f62db62e9dad5dc70221a656>@@@@YAXW4__acrt_lock_id@@$$QAV<lambda_be2b3da3f62db62e9dad5dc70221a656>@@@Z 1000a783 f i libucrt:per_thread_data.obj
 0001:000097ab       ??$__acrt_lock_and_call@V<lambda_e69574bed617af4e071282c136b37893>@@@@YAXW4__acrt_lock_id@@$$QAV<lambda_e69574bed617af4e071282c136b37893>@@@Z 1000a7ab f i libucrt:per_thread_data.obj
 0001:00009961       ___acrt_freeptd            1000a961 f   libucrt:per_thread_data.obj
 0001:0000998d       ___acrt_getptd             1000a98d f   libucrt:per_thread_data.obj
 0001:00009a11       ___acrt_getptd_noexit      1000aa11 f   libucrt:per_thread_data.obj
 0001:00009a96       ___acrt_initialize_ptd     1000aa96 f   libucrt:per_thread_data.obj
 0001:00009ac2       ___acrt_uninitialize_ptd   1000aac2 f   libucrt:per_thread_data.obj
 0001:00009adc       ___acrt_update_locale_info 1000aadc f   libucrt:locale_update.obj
 0001:00009b09       ___acrt_update_multibyte_info 1000ab09 f   libucrt:locale_update.obj
 0001:00009b36       ?__acrt_fp_classify@@YA?AW4__acrt_fp_class@@ABN@Z 1000ab36 f i libucrt:cvt.obj
 0001:00009ba2       ?__acrt_fp_is_negative@@YA_NABN@Z 1000aba2 f i libucrt:cvt.obj
 0001:0000a401       ___acrt_fp_format          1000b401 f   libucrt:cvt.obj
 0001:0000a57d       __fputwc_nolock            1000b57d f   libucrt:fputwc.obj
 0001:0000a6a3       __fileno                   1000b6a3 f   libucrt:fileno.obj
 0001:0000a6c9       __fputc_nolock             1000b6c9 f   libucrt:fputc.obj
 0001:0000a6f2       __get_printf_count_output  1000b6f2 f   libucrt:printf_count_output.obj
 0001:0000a707       ___acrt_stdio_begin_temporary_buffering_nolock 1000b707 f   libucrt:_sftbuf.obj
 0001:0000a7bc       ___acrt_stdio_end_temporary_buffering_nolock 1000b7bc f   libucrt:_sftbuf.obj
 0001:0000a7f5       ___acrt_set_locale_changed 1000b7f5 f   libucrt:wsetlocale.obj
 0001:0000a800       ___acrt_uninitialize_locale 1000b800 f   libucrt:wsetlocale.obj
 0001:0000a852       __query_app_type           1000b852 f   libucrt:report_runtime_error.obj
 0001:0000a945       __itow_s                   1000b945 f   libucrt:xtoa.obj
 0001:0000a97a       __set_error_mode           1000b97a f   libucrt:set_error_mode.obj
 0001:0000a9b9       _wcscat_s                  1000b9b9 f   libucrt:wcscat_s.obj
 0001:0000aa2e       _wcscpy_s                  1000ba2e f   libucrt:wcscpy_s.obj
 0001:0000ab7b       _wcsncat_s                 1000bb7b f   libucrt:wcsncat_s.obj
 0001:0000ac81       ___acrt_show_wide_message_box 1000bc81 f   libucrt:crtmbox.obj
 0001:0000ac8c       ??$?RV<lambda_d92cfe8357b99225085016881b624cb0>@@AAV<lambda_b721fa326cdb32351d23dfa67958c160>@@V<lambda_42d75b0848218ec137fa420c8ba9fdf9>@@@?$__crt_seh_guarded_call@H@@QAEH$$QAV<lambda_d92cfe8357b99225085016881b624cb0>@@AAV<lambda_b721fa326cdb32351d23dfa67958c160>@@$$QAV<lambda_42d75b0848218ec137fa420c8ba9fdf9>@@@Z 1000bc8c f i libucrt:setvbuf.obj
 0001:0000acdd       ??$__acrt_lock_stream_and_call@V<lambda_b721fa326cdb32351d23dfa67958c160>@@@@YAHQAU_iobuf@@$$QAV<lambda_b721fa326cdb32351d23dfa67958c160>@@@Z 1000bcdd f i libucrt:setvbuf.obj
 0001:0000add2       _setvbuf                   1000bdd2 f   libucrt:setvbuf.obj
 0001:0000ae48       ??$?RV<lambda_a048d3beccc847880fc8490e18b82769>@@AAV<lambda_ec61778202f4f5fc7e7711acc23c3bca>@@V<lambda_f7496a158712204296dd6628a163878e>@@@?$__crt_seh_guarded_call@P6AXH@Z@@QAEP6AXH@Z$$QAV<lambda_a048d3beccc847880fc8490e18b82769>@@AAV<lambda_ec61778202f4f5fc7e7711acc23c3bca>@@$$QAV<lambda_f7496a158712204296dd6628a163878e>@@@Z 1000be48 f i libucrt:signal.obj
 0001:0000aea2       ??$__acrt_lock_and_call@V<lambda_ec61778202f4f5fc7e7711acc23c3bca>@@@@YAP6AXH@ZW4__acrt_lock_id@@$$QAV<lambda_ec61778202f4f5fc7e7711acc23c3bca>@@@Z 1000bea2 f i libucrt:signal.obj
 0001:0000af34       ___acrt_get_sigabrt_handler 1000bf34 f   libucrt:signal.obj
 0001:0000af4b       ___acrt_initialize_signal_handlers 1000bf4b f   libucrt:signal.obj
 0001:0000af86       ___fpecode                 1000bf86 f   libucrt:signal.obj
 0001:0000af8f       _raise                     1000bf8f f   libucrt:signal.obj
 0001:0000b197       ___acrt_initialize_locks   1000c197 f   libucrt:locks.obj
 0001:0000b1d8       ___acrt_lock               1000c1d8 f   libucrt:locks.obj
 0001:0000b1ef       ___acrt_uninitialize_locks 1000c1ef f   libucrt:locks.obj
 0001:0000b220       ___acrt_unlock             1000c220 f   libucrt:locks.obj
 0001:0000b5f9       ??1?$argument_list@D@?A0xb0e4b824@@QAE@XZ 1000c5f9 f i libucrt:argv_wildcards.obj
 0001:0000b61e       ?append@?$argument_list@D@?A0xb0e4b824@@QAEHQAD@Z 1000c61e f i libucrt:argv_wildcards.obj
 0001:0000b653       ?expand_if_necessary@?$argument_list@D@?A0xb0e4b824@@AAEHXZ 1000c653 f i libucrt:argv_wildcards.obj
 0001:0000b6da       ___acrt_expand_narrow_argv_wildcards 1000c6da f   libucrt:argv_wildcards.obj
 0001:0000b6e5       ??$?RV<lambda_978dc153c237d78434369da87b74ff60>@@AAV<lambda_ad1ced32f4ac17aa236e5ef05d6b3b7c>@@V<lambda_4a8533e2866a575feecb8298ce776b0d>@@@?$__crt_seh_guarded_call@X@@QAEX$$QAV<lambda_978dc153c237d78434369da87b74ff60>@@AAV<lambda_ad1ced32f4ac17aa236e5ef05d6b3b7c>@@$$QAV<lambda_4a8533e2866a575feecb8298ce776b0d>@@@Z 1000c6e5 f i libucrt:mbctype.obj
 0001:0000b728       ??$__acrt_lock_and_call@V<lambda_ad1ced32f4ac17aa236e5ef05d6b3b7c>@@@@YAXW4__acrt_lock_id@@$$QAV<lambda_ad1ced32f4ac17aa236e5ef05d6b3b7c>@@@Z 1000c728 f i libucrt:mbctype.obj
 0001:0000bbbf       ___acrt_initialize_multibyte 1000cbbf f   libucrt:mbctype.obj
 0001:0000bbdd       ___acrt_update_thread_multibyte_data 1000cbdd f   libucrt:mbctype.obj
 0001:0000bc7f       __setmbcp_nolock           1000cc7f f   libucrt:mbctype.obj
 0001:0000bec9       __ismbblead                1000cec9 f   libucrt:ismbbyte.obj
 0001:0000bee1       ___acrt_initialize_command_line 1000cee1 f   libucrt:argv_data.obj
 0001:0000bf31       ___dcrt_get_narrow_environment_from_os 1000cf31 f   libucrt:get_environment_from_os.obj
 0001:0000bfb4       __recalloc                 1000cfb4 f   libucrt:recalloc.obj
 0001:0000bfbf       __recalloc_base            1000cfbf f   libucrt:recalloc.obj
 0001:0000c02c       ___acrt_initialize_heap    1000d02c f   libucrt:heap_handle.obj
 0001:0000c03d       ___acrt_uninitialize_heap  1000d03d f   libucrt:heap_handle.obj
 0001:0000c047       ___acrt_execute_initializers 1000d047 f   libucrt:shared_initialization.obj
 0001:0000c0ca       ___acrt_execute_uninitializers 1000d0ca f   libucrt:shared_initialization.obj
 0001:0000c117       ___acrt_has_user_matherr   1000d117 f   libucrt:matherr.obj
 0001:0000c130       ___acrt_initialize_user_matherr 1000d130 f   libucrt:matherr.obj
 0001:0000c144       ___acrt_invoke_user_matherr 1000d144 f   libucrt:matherr.obj
 0001:0000c18d       __query_new_mode           1000d18d f   libucrt:new_mode.obj
 0001:0000c193       ___pctype_func             1000d193 f   libucrt:ctype.obj
 0001:0000c1b9       _iswctype                  1000d1b9 f   libucrt:iswctype.obj
 0001:0000c218       __isctype_l                1000d218 f   libucrt:isctype.obj
 0001:0000c3a6       ___acrt_DownlevelLocaleNameToLCID 1000d3a6 f   libucrt:lcidtoname_downlevel.obj
 0001:0000c3d2       __fclose_nolock            1000d3d2 f   libucrt:fclose.obj
 0001:0000c448       _fclose                    1000d448 f   libucrt:fclose.obj
 0001:0000c4c8       ??$?RV<lambda_61cee617f5178ae960314fd4d05640a0>@@AAV<lambda_6978c1fb23f02e42e1d9e99668cc68aa>@@V<lambda_9cd88cf8ad10232537feb2133f08c833>@@@?$__crt_seh_guarded_call@H@@QAEH$$QAV<lambda_61cee617f5178ae960314fd4d05640a0>@@AAV<lambda_6978c1fb23f02e42e1d9e99668cc68aa>@@$$QAV<lambda_9cd88cf8ad10232537feb2133f08c833>@@@Z 1000d4c8 f i libucrt:commit.obj
 0001:0000c560       ??$__acrt_lowio_lock_fh_and_call@V<lambda_6978c1fb23f02e42e1d9e99668cc68aa>@@@@YAHH$$QAV<lambda_6978c1fb23f02e42e1d9e99668cc68aa>@@@Z 1000d560 f i libucrt:commit.obj
 0001:0000c588       __commit                   1000d588 f   libucrt:commit.obj
 0001:0000cb87       __write                    1000db87 f   libucrt:write.obj
 0001:0000cc72       __write_nolock             1000dc72 f   libucrt:write.obj
 0001:0000ce7e       ___acrt_lowio_create_handle_array 1000de7e f   libucrt:osfinfo.obj
 0001:0000cef8       ___acrt_lowio_destroy_handle_array 1000def8 f   libucrt:osfinfo.obj
 0001:0000cf2d       ___acrt_lowio_ensure_fh_exists 1000df2d f   libucrt:osfinfo.obj
 0001:0000cfc5       ___acrt_lowio_lock_fh      1000dfc5 f   libucrt:osfinfo.obj
 0001:0000cfea       ___acrt_lowio_unlock_fh    1000dfea f   libucrt:osfinfo.obj
 0001:0000d00d       __free_osfhnd              1000e00d f   libucrt:osfinfo.obj
 0001:0000d09e       __get_osfhandle            1000e09e f   libucrt:osfinfo.obj
 0001:0000d108       __isleadbyte_l             1000e108 f i libucrt:_wctype.obj
 0001:0000d35e       ___acrt_LCMapStringA       1000e35e f   libucrt:lcmapstringa.obj
 0001:0000d3a9       __freea_crt                1000e3a9 f i libucrt:lcmapstringa.obj
 0001:0000d3c9       ___acrt_add_locale_ref     1000e3c9 f   libucrt:locale_refcounting.obj
 0001:0000d446       ___acrt_free_locale        1000e446 f   libucrt:locale_refcounting.obj
 0001:0000d590       ___acrt_locale_add_lc_time_reference 1000e590 f   libucrt:locale_refcounting.obj
 0001:0000d5b9       ___acrt_locale_free_lc_time_if_unreferenced 1000e5b9 f   libucrt:locale_refcounting.obj
 0001:0000d5e9       ___acrt_locale_release_lc_time_reference 1000e5e9 f   libucrt:locale_refcounting.obj
 0001:0000d612       ___acrt_release_locale_ref 1000e612 f   libucrt:locale_refcounting.obj
 0001:0000d693       ___acrt_update_thread_locale_data 1000e693 f   libucrt:locale_refcounting.obj
 0001:0000d70a       __updatetlocinfoEx_nolock  1000e70a f   libucrt:locale_refcounting.obj
 0001:0000d75a       ___acrt_fp_strflt_to_string 1000e75a f   libucrt:_fptostr.obj
 0001:0000d816       ??0scoped_fp_state_reset@?A0x48fbfdd4@@QAE@XZ 1000e816 f i libucrt:cfout.obj
 0001:0000d840       ?divide@__crt_strtox@@YA_KAAUbig_integer@1@ABU21@@Z 1000e840 f i libucrt:cfout.obj
 0001:0000dcee       ___acrt_fltout             1000ecee f   libucrt:cfout.obj
 0001:0000f450       ___acrt_stdio_flush_and_write_narrow_nolock 10010450 f   libucrt:_flsbuf.obj
 0001:0000f45b       ___acrt_stdio_flush_and_write_wide_nolock 1001045b f   libucrt:_flsbuf.obj
 0001:0000f466       __isatty                   10010466 f   libucrt:isatty.obj
 0001:0000f4bc       ___acrt_locale_free_monetary 100104bc f   libucrt:initmon.obj
 0001:0000f5ba       ___acrt_locale_free_numeric 100105ba f   libucrt:initnum.obj
 0001:0000f65f       ___acrt_locale_free_time   1001065f f   libucrt:inittime.obj
 0001:0000f743       ___acrt_GetStringTypeA     10010743 f   libucrt:getstringtypea.obj
 0001:0000f940       _qsort                     10010940 f   libucrt:qsort.obj
 0001:0000fd8b       _strncpy_s                 10010d8b f   libucrt:strncpy_s.obj
 0001:0000fda0       _strpbrk                   10010da0 f   libucrt:strpbrk.obj
 0001:0000fde0       __mbsdec                   10010de0 f   libucrt:mbsdec.obj
 0001:0000fdf7       __mbsdec_l                 10010df7 f   libucrt:mbsdec.obj
 0001:0000fe93       __msize                    10010e93 f   libucrt:msize.obj
 0001:0000fec6       __realloc_base             10010ec6 f   libucrt:realloc_base.obj
 0001:0000ff2f       ??$?RV<lambda_123407a5e2ac06da108355a851863b7a>@@AAV<lambda_2fe9b910cf3cbf4a0ab98a02ba45b3ec>@@V<lambda_ae55bdf541ad94d75914d381c370e64d>@@@?$__crt_seh_guarded_call@H@@QAEH$$QAV<lambda_123407a5e2ac06da108355a851863b7a>@@AAV<lambda_2fe9b910cf3cbf4a0ab98a02ba45b3ec>@@$$QAV<lambda_ae55bdf541ad94d75914d381c370e64d>@@@Z 10010f2f f i libucrt:close.obj
 0001:0000ffb1       ??$__acrt_lowio_lock_fh_and_call@V<lambda_2fe9b910cf3cbf4a0ab98a02ba45b3ec>@@@@YAHH$$QAV<lambda_2fe9b910cf3cbf4a0ab98a02ba45b3ec>@@@Z 10010fb1 f i libucrt:close.obj
 0001:0000ffd9       __close                    10010fd9 f   libucrt:close.obj
 0001:00010058       __close_nolock             10011058 f   libucrt:close.obj
 0001:000100f4       ?__acrt_stdio_free_stream@@YAXV__crt_stdio_stream@@@Z 100110f4 f   libucrt:stream.obj
 0001:000102b2       __lseeki64                 100112b2 f   libucrt:lseek.obj
 0001:000102cd       __lseeki64_nolock          100112cd f   libucrt:lseek.obj
 0001:000102e8       __putwch_nolock            100112e8 f   libucrt:putwch.obj
 0001:0001032d       ___strncnt                 1001132d f   libucrt:strncnt.obj
 0001:00010349       _fegetenv                  10011349 f   libucrt:fegetenv.obj
 0001:00010366       _fesetenv                  10011366 f   libucrt:fesetenv.obj
 0001:000103af       _feholdexcept              100113af f   libucrt:feholdexcept.obj
 0001:00010400       _log10                     10011400 f   libucrt:log10.obj
 0001:00010440       __CIlog10                  10011440 f   libucrt:log10.obj
 0001:0001047b       __CIlog10_default          1001147b f   libucrt:log10.obj
 0001:0001048f       __log10_default            1001148f     libucrt:log10.obj
 0001:00010550       _ceil                      10011550 f   libucrt:ceil_pentium4.obj
 0001:00010590       __ceil_pentium4            10011590 f   libucrt:ceil_pentium4.obj
 0001:0001066d       ___acrt_stdio_allocate_buffer_nolock 1001166d f   libucrt:_getbuf.obj
 0001:000106ca       ___dcrt_lowio_initialize_console_output 100116ca f   libucrt:initcon.obj
 0001:000106e9       ___dcrt_terminate_console_output 100116e9 f   libucrt:initcon.obj
 0001:000109a3       __getfpcontrolword         100119a3 f   libucrt:_fenvutils.obj
 0001:000109e6       __getfpstatusword          100119e6 f   libucrt:_fenvutils.obj
 0001:00010a8e       __setfpcontrolword         10011a8e f   libucrt:_fenvutils.obj
 0001:00010b0e       __setfpstatusword          10011b0e f   libucrt:_fenvutils.obj
 0001:00010b8e       __clearfp                  10011b8e f   libucrt:ieee87.obj
 0001:00010c6c       ___acrt_initialize_sse2    10011c6c f   libucrt:mathfcns.obj
 0001:00010c80       __CIlog10_pentium4         10011c80 f   libucrt:log10_pentium4.obj
 0001:00010c98       __log10_pentium4           10011c98     libucrt:log10_pentium4.obj
 0001:00010f21       __fFEXP                    10011f21     libucrt:87tran.obj
 0001:00010f78       __rtinfpopse               10011f78     libucrt:87tran.obj
 0001:00010f7a       __rtinfnpopse              10011f7a     libucrt:87tran.obj
 0001:00010f8a       __fFLN                     10011f8a     libucrt:87tran.obj
 0001:0001103f       __rtinfpop                 1001203f     libucrt:87tran.obj
 0001:00011041       __rtinfnpop                10012041     libucrt:87tran.obj
 0001:0001105e       __ffexpm1                  1001205e     libucrt:87tran.obj
 0001:00011110       __trandisp1                10012110 f   libucrt:87disp.obj
 0001:00011177       __trandisp2                10012177 f   libucrt:87disp.obj
 0001:00011203       __rttospopde               10012203     libucrt:87disp.obj
 0001:00011208       __rttospop                 10012208     libucrt:87disp.obj
 0001:0001120a       __rtnospop                 1001220a     libucrt:87disp.obj
 0001:0001120c       __rttosnpop                1001220c     libucrt:87disp.obj
 0001:0001120d       __rtnospopde               1001220d     libucrt:87disp.obj
 0001:00011214       __rtzeropop                10012214     libucrt:87disp.obj
 0001:00011216       __rtzeronpop               10012216     libucrt:87disp.obj
 0001:0001121b       __rtzerospop               1001221b     libucrt:87disp.obj
 0001:00011228       __rtonepop                 10012228     libucrt:87disp.obj
 0001:0001122a       __rtonenpop                1001222a     libucrt:87disp.obj
 0001:0001122f       __tosnan1                  1001222f     libucrt:87disp.obj
 0001:0001125a       __nosnan2                  1001225a     libucrt:87disp.obj
 0001:0001125c       __tosnan2                  1001225c     libucrt:87disp.obj
 0001:00011284       __nan2                     10012284     libucrt:87disp.obj
 0001:000112c3       __rtindfpop                100122c3     libucrt:87disp.obj
 0001:000112c5       __rtindfnpop               100122c5     libucrt:87disp.obj
 0001:000112d6       __rttosnpopde              100122d6     libucrt:87disp.obj
 0001:000112e0       __rtatan2inf               100122e0     libucrt:87disp.obj
 0001:000112fd       __rtchsifneg               100122fd     libucrt:87disp.obj
 0001:00011310       __twoToTOS                 10012310 f   libucrt:common.obj
 0001:00011325       __load_CW                  10012325 f   libucrt:common.obj
 0001:0001133c       __convertTOStoQNaN         1001233c f   libucrt:common.obj
 0001:00011355       __fload_withFB             10012355 f   libucrt:common.obj
 0001:00011398       __checkTOS_withFB          10012398 f   libucrt:common.obj
 0001:000113ae       __fast_exit                100123ae f   libucrt:common.obj
 0001:000113bb       __math_exit                100123bb f   libucrt:common.obj
 0001:000113e5       __check_overflow_exit      100123e5 f   libucrt:common.obj
 0001:000113f9       __check_range_exit         100123f9 f   libucrt:common.obj
 0001:000114a0       __startTwoArgErrorHandling 100124a0 f   libucrt:genexcep.obj
 0001:000114b7       __startOneArgErrorHandling 100124b7 f   libucrt:genexcep.obj
 0001:000114f3       ___libm_error_support      100124f3 f   libucrt:libm_error.obj
 0001:0001170b       __ceil_default             1001270b f   libucrt:ceil.obj
 0001:000117d0       ___ascii_strnicmp          100127d0 f   libucrt:_strnicm.obj
 0001:00011831       __clrfp                    10012831 f   libucrt:fpctrl.obj
 0001:00011844       __ctrlfp                   10012844 f   libucrt:fpctrl.obj
 0001:00011870       __set_statfp               10012870 f   libucrt:fpctrl.obj
 0001:000118cb       __statfp                   100128cb f   libucrt:fpctrl.obj
 0001:000118dd       __d_inttype                100128dd f   libucrt:powhlp.obj
 0001:00011947       __powhlp                   10012947 f   libucrt:powhlp.obj
 0001:00011a72       __87except                 10012a72 f   libucrt:87except.obj
 0001:00011b7d       __frnd                     10012b7d f   libucrt:frnd.obj
 0001:00011b93       __errcode                  10012b93 f   libucrt:fpexcept.obj
 0001:00011bc7       __except1                  10012bc7 f   libucrt:fpexcept.obj
 0001:00011c95       __handle_exc               10012c95 f   libucrt:fpexcept.obj
 0001:00011e75       __raise_exc                10012e75 f   libucrt:fpexcept.obj
 0001:00011e98       __raise_exc_ex             10012e98 f   libucrt:fpexcept.obj
 0001:00012189       __set_errno_from_matherr   10013189 f   libucrt:fpexcept.obj
 0001:000121b8       __umatherr                 100131b8 f   libucrt:fpexcept.obj
 0001:0001225a       __decomp                   1001325a f   libucrt:util.obj
 0001:0001232e       __set_exp                  1001332e f   libucrt:util.obj
 0001:0001235d       __sptype                   1001335d f   libucrt:util.obj
 0001:000123bb       __fpclass                  100133bb f   libucrt:ieeemisc.obj
 0001:00012460       _IsProcessorFeaturePresent@4 10013460 f   kernel32:KERNEL32.dll
 0001:00012466       _RtlUnwind@16              10013466 f   kernel32:KERNEL32.dll
 0001:00012470       __FindPESection            10013470 f   LIBCMT:pesect.obj
 0001:000124c0       __IsNonwritableInCurrentImage 100134c0 f   LIBCMT:pesect.obj
 0001:00012580       __ValidateImageBase        10013580 f   LIBCMT:pesect.obj
 0001:000125c0       __aulldvrm                 100135c0 f   LIBCMT:ulldvrm.obj
 0001:00012660       __SEH_prolog4_GS           10013660 f   LIBCMT:_sehprolg4gs_.obj
 0001:000126a9       __SEH_epilog4_GS           100136a9 f   LIBCMT:_sehprolg4gs_.obj
 0001:000126c0       __allmul                   100136c0 f   LIBCMT:llmul.obj
 0001:00012700       __alldvrm                  10013700 f   LIBCMT:lldvrm.obj
 0001:000127e0       __aullshr                  100137e0 f   LIBCMT:ullshr.obj
 0001:00012800       __alloca_probe             10013800 f   LIBCMT:chkstk.obj
 0001:00012800       __chkstk                   10013800 f   LIBCMT:chkstk.obj
 0001:00012830       __alloca_probe_16          10013830 f   LIBCMT:alloca16.obj
 0001:00012846       __alloca_probe_8           10013846     LIBCMT:alloca16.obj
 0001:00012860       __allshl                   10013860 f   LIBCMT:llshl.obj
 0001:00012880       __ftol2_sse                10013880 f   LIBCMT:_ftol2_.obj
 0001:00012889       __ftol2_pentium4           10013889 f   LIBCMT:_ftol2_.obj
 0001:0001289c       __ftol2_sse_excpt          1001389c f   LIBCMT:_ftol2_.obj
 0001:000128c0       __ftol2                    100138c0 f   LIBCMT:_ftol2_.obj
 0001:00012940       _memcpy                    10013940 f   libvcruntime:memcpy.obj
 0001:00012ec0       _memmove                   10013ec0 f   libvcruntime:memmove.obj
 0001:00013440       _strrchr                   10014440 f   libvcruntime:strrchr.obj
 0001:00013580       _strchr                    10014580 f   libvcruntime:strchr.obj
 0001:000135ee       ___from_strstr_to_strchr   100145ee     libvcruntime:strchr.obj
 0002:00000000       __imp__CreateFileW@28      10015000     kernel32:KERNEL32.dll
 0002:00000004       __imp__SetFilePointerEx@20 10015004     kernel32:KERNEL32.dll
 0002:00000008       __imp__HeapReAlloc@16      10015008     kernel32:KERNEL32.dll
 0002:0000000c       __imp__HeapSize@12         1001500c     kernel32:KERNEL32.dll
 0002:00000010       __imp__SetStdHandle@8      10015010     kernel32:KERNEL32.dll
 0002:00000014       __imp__GetConsoleMode@8    10015014     kernel32:KERNEL32.dll
 0002:00000018       __imp__GetConsoleCP@0      10015018     kernel32:KERNEL32.dll
 0002:0000001c       __imp__FlushFileBuffers@4  1001501c     kernel32:KERNEL32.dll
 0002:00000020       __imp__GetStringTypeW@16   10015020     kernel32:KERNEL32.dll
 0002:00000024       __imp__GetProcessHeap@0    10015024     kernel32:KERNEL32.dll
 0002:00000028       __imp__FreeEnvironmentStringsW@4 10015028     kernel32:KERNEL32.dll
 0002:0000002c       __imp__GetEnvironmentStringsW@0 1001502c     kernel32:KERNEL32.dll
 0002:00000030       __imp__GetCommandLineW@0   10015030     kernel32:KERNEL32.dll
 0002:00000034       __imp__GetCommandLineA@0   10015034     kernel32:KERNEL32.dll
 0002:00000038       __imp__GetCPInfo@8         10015038     kernel32:KERNEL32.dll
 0002:0000003c       __imp__GetOEMCP@0          1001503c     kernel32:KERNEL32.dll
 0002:00000040       __imp__IsValidCodePage@4   10015040     kernel32:KERNEL32.dll
 0002:00000044       __imp__FindNextFileA@8     10015044     kernel32:KERNEL32.dll
 0002:00000048       __imp__FindFirstFileExA@24 10015048     kernel32:KERNEL32.dll
 0002:0000004c       __imp__FindClose@4         1001504c     kernel32:KERNEL32.dll
 0002:00000050       __imp__CreateThread@24     10015050     kernel32:KERNEL32.dll
 0002:00000054       __imp__WaitForSingleObjectEx@12 10015054     kernel32:KERNEL32.dll
 0002:00000058       __imp__CloseHandle@4       10015058     kernel32:KERNEL32.dll
 0002:0000005c       __imp__OutputDebugStringW@4 1001505c     kernel32:KERNEL32.dll
[...]
 0002:000003c8       ?tokenTable@@3QBQBDB       100153c8     libvcruntime:undname.obj
 0002:00000400       ?nameTable@@3QBQBDB        10015400     libvcruntime:undname.obj
 0002:00000544       ?rttiTable@@3QBQBDB        10015544     libvcruntime:undname.obj
 0002:00000f20       ___acrt_initializers       10015f20     libucrt:initialization.obj
 0002:00000f98       _errtable                  10015f98     libucrt:errno.obj
 0002:00001100       _module_names              10016100     libucrt:winapi_thunks.obj
 0002:000015a0       ?candidate_modules@?1??try_get_FlsAlloc@@YAP6GKP6GXPAX@Z@ZXZ@4QBW4module_id@?A0x352e5c4b@@B 100165a0     libucrt:winapi_thunks.obj
 0002:000015a8       ?candidate_modules@?1??try_get_FlsFree@@YAP6GHK@ZXZ@4QBW4module_id@?A0x352e5c4b@@B 100165a8     libucrt:winapi_thunks.obj
 0002:000015b0       ?candidate_modules@?1??try_get_FlsGetValue@@YAP6GPAXK@ZXZ@4QBW4module_id@?A0x352e5c4b@@B 100165b0     libucrt:winapi_thunks.obj
 0002:000015b8       ?candidate_modules@?1??try_get_FlsSetValue@@YAP6GHKPAX@ZXZ@4QBW4module_id@?A0x352e5c4b@@B 100165b8     libucrt:winapi_thunks.obj
 0002:000015c0       ?candidate_modules@?1??try_get_GetActiveWindow@@YAP6GPAUHWND__@@XZXZ@4QBW4module_id@?A0x352e5c4b@@B 100165c0     libucrt:winapi_thunks.obj
 0002:000015d8       ?candidate_modules@?1??try_get_GetCurrentPackageId@@YAP6GJPAIPAE@ZXZ@4QBW4module_id@?A0x352e5c4b@@B 100165d8     libucrt:winapi_thunks.obj
 0002:000015f4       ?candidate_modules@?1??try_get_GetLastActivePopup@@YAP6GPAUHWND__@@PAU2@@ZXZ@4QBW4module_id@?A0x352e5c4b@@B 100165f4     libucrt:winapi_thunks.obj
 0002:00001610       ?candidate_modules@?1??try_get_GetProcessWindowStation@@YAP6GPAUHWINSTA__@@XZXZ@4QBW4module_id@?A0x352e5c4b@@B 10016610     libucrt:winapi_thunks.obj
 0002:00001630       ?candidate_modules@?1??try_get_GetUserObjectInformationW@@YAP6GHPAXH0KPAK@ZXZ@4QBW4module_id@?A0x352e5c4b@@B 10016630     libucrt:winapi_thunks.obj
 0002:00001654       ?candidate_modules@?1??try_get_InitializeCriticalSectionEx@@YAP6GHPAU_RTL_CRITICAL_SECTION@@KK@ZXZ@4QBW4module_id@?A0x352e5c4b@@B 10016654     libucrt:winapi_thunks.obj
 0002:0000165c       ?candidate_modules@?1??try_get_LCMapStringEx@@YAP6GHPB_WK0HPA_WHPAU_nlsversioninfo@@PAXJ@ZXZ@4QBW4module_id@?A0x352e5c4b@@B 1001665c     libucrt:winapi_thunks.obj
 0002:00001674       ?candidate_modules@?1??try_get_LocaleNameToLCID@@YAP6GKPB_WK@ZXZ@4QBW4module_id@?A0x352e5c4b@@B 10016674     libucrt:winapi_thunks.obj
 0002:00001690       ?candidate_modules@?1??try_get_MessageBoxA@@YAP6GHPAUHWND__@@PBD1I@ZXZ@4QBW4module_id@?A0x352e5c4b@@B 10016690     libucrt:winapi_thunks.obj
 0002:000016a4       ?candidate_modules@?1??try_get_MessageBoxW@@YAP6GHPAUHWND__@@PB_W1I@ZXZ@4QBW4module_id@?A0x352e5c4b@@B 100166a4     libucrt:winapi_thunks.obj
 0002:00001bc4       __mb_locale_names          10016bc4     libucrt:mbctype.obj
 0002:00002410       _LcidToLocaleNameTable     10017410     libucrt:lcidtoname_downlevel.obj
 0002:00003538       _LocaleNameToIndexTable    10018538     libucrt:lcidtoname_downlevel.obj
 0002:00004e70       LOG_name                   10019e70     libucrt:log10.obj
 0002:00004e80       _One                       10019e80     libucrt:ceil_pentium4.obj
 0002:00004e90       _Bns                       10019e90     libucrt:ceil_pentium4.obj
 0002:00004ea0       _Zero                      10019ea0     libucrt:ceil_pentium4.obj
 0002:00004eb0       _S                         10019eb0     libucrt:ceil_pentium4.obj
 0002:00004ec0       _NegZero                   10019ec0     libucrt:ceil_pentium4.obj
 0002:00004ee0       emask                      10019ee0     libucrt:log10_pentium4.obj
 0002:00004ef0       CC                         10019ef0     libucrt:log10_pentium4.obj
 0002:00004f00       Magic                      10019f00     libucrt:log10_pentium4.obj
 0002:00004f10       hi_mask                    10019f10     libucrt:log10_pentium4.obj
 0002:00004f20       LOG10_2                    10019f20     libucrt:log10_pentium4.obj
 0002:00004f30       place_L                    10019f30     libucrt:log10_pentium4.obj
 0002:00004f50       One                        10019f50     libucrt:log10_pentium4.obj
 0002:00004f60       Zero                       10019f60     libucrt:log10_pentium4.obj
 0002:00004f70       Two52                      10019f70     libucrt:log10_pentium4.obj
 0002:00004f80       Infs                       10019f80     libucrt:log10_pentium4.obj
 0002:00004f90       NaN                        10019f90     libucrt:log10_pentium4.obj
 0002:00004fa0       coeff                      10019fa0     libucrt:log10_pentium4.obj
 0002:00004ffe       _log2max                   10019ffe     libucrt:87tran.obj
 0002:00005008       _smallarg                  1001a008     libucrt:87tran.obj
 0002:00005012       _half                      1001a012     libucrt:87tran.obj
 0002:0000505e       One                        1001a05e     libucrt:87disp.obj
 0002:00005066       Three                      1001a066     libucrt:87disp.obj
 0002:0000506e       XAMtoTagTab                1001a06e     libucrt:87disp.obj
 0002:00005080       One                        1001a080     libucrt:common.obj
 0002:00005094       DblMax                     1001a094     libucrt:common.obj
 0002:0000509c       DblMin                     1001a09c     libucrt:common.obj
 0002:000050a4       IeeeAdjO                   1001a0a4     libucrt:common.obj
 0002:000050ac       IeeeAdjU                   1001a0ac     libucrt:common.obj
 0002:000050b4       _infinity                  1001a0b4     libucrt:common.obj
 0002:000050bc       _zero                      1001a0bc     libucrt:common.obj
 0002:000050f8       _over                      1001a0f8     libucrt:fpctrl.obj
 0002:00005104       _under                     1001a104     libucrt:fpctrl.obj
 0002:000059c8       ?_names@?1??_get_fname@@9@9 1001a9c8     libucrt:fpexcept.obj
 0002:000063d8       __sehtable$___scrt_is_nonwritable_in_current_image 1001b3d8     LIBCMT:utility.obj
 0002:000063f8       __sehtable$?dllmain_crt_process_attach@@YAHQAUHINSTANCE__@@QAX@Z 1001b3f8     LIBCMT:dll_dllmain.obj
 0002:00006418       __sehtable$?dllmain_crt_process_detach@@YAH_N@Z 1001b418     LIBCMT:dll_dllmain.obj
 0002:00006438       __sehtable$?dllmain_dispatch@@YAHQAUHINSTANCE__@@KQAX@Z 1001b438     LIBCMT:dll_dllmain.obj
 0002:000064e8       __sehtable$??$?RV<lambda_db08b09ef7aa9d4f8620ce68402612bc>@@AAV<lambda_4f2c1eaeead2a5fc776db5b62ea0fb9b>@@V<lambda_3ae262bc35d4ba6a3825c4f6bcaaf95c>@@@?$__crt_seh_guarded_call@H@@QAEH$$QAV<lambda_db08b09ef7aa9d4f8620ce68402612bc>@@AAV<lambda_4f2c1eaeead2a5fc776db5b62ea0fb9b>@@$$QAV<lambda_3ae262bc35d4ba6a3825c4f6bcaaf95c>@@@Z 1001b4e8     libucrt:output.obj
 0002:00006508       __sehtable$??$?RV<lambda_ab9923ffb5d694ec0d78876dd103e44f>@@AAV<lambda_481dd5778c961fbcd3b60b650e9b9dc4>@@V<lambda_7923d86c9e3f319b415918ec4b39749c>@@@?$__crt_seh_guarded_call@H@@QAEH$$QAV<lambda_ab9923ffb5d694ec0d78876dd103e44f>@@AAV<lambda_481dd5778c961fbcd3b60b650e9b9dc4>@@$$QAV<lambda_7923d86c9e3f319b415918ec4b39749c>@@@Z 1001b508     libucrt:output.obj
 0002:00006528       __sehtable$__query_new_handler 1001b528     libucrt:new_handler.obj
 0002:00006548       __sehtable$?common_exit@@YAXHW4_crt_exit_cleanup_mode@@W4_crt_exit_return_mode@@@Z 1001b548     libucrt:exit.obj
 0002:00006570       __sehtable$??$?RV<lambda_800076c951b434888f4765a74a194fcc>@@AAV<lambda_4e60a939b0d047cfe11ddc22648dfba9>@@V<lambda_6dbb1268764f43b569ce7b67e331d33a>@@@?$__crt_seh_guarded_call@H@@QAEH$$QAV<lambda_800076c951b434888f4765a74a194fcc>@@AAV<lambda_4e60a939b0d047cfe11ddc22648dfba9>@@$$QAV<lambda_6dbb1268764f43b569ce7b67e331d33a>@@@Z 1001b570     libucrt:onexit.obj
 0002:00006590       __sehtable$??$?RV<lambda_995298e7d72eb4c2aab26c0585b3abe5>@@AAV<lambda_275893d493268fdec8709772e3fcec0e>@@V<lambda_293819299cbf9a7022e18b56a874bb5c>@@@?$__crt_seh_guarded_call@H@@QAEH$$QAV<lambda_995298e7d72eb4c2aab26c0585b3abe5>@@AAV<lambda_275893d493268fdec8709772e3fcec0e>@@$$QAV<lambda_293819299cbf9a7022e18b56a874bb5c>@@@Z 1001b590     libucrt:onexit.obj
 0002:000065b0       __sehtable$_terminate      1001b5b0     libucrt:terminate.obj
 0002:000065d0       __sehtable$__fcloseall     1001b5d0     libucrt:closeall.obj
 0002:000065f0       __sehtable$_fflush         1001b5f0     libucrt:fflush.obj
 0002:00006610       __sehtable$_common_flush_all 1001b610     libucrt:fflush.obj
 0002:00006638       __sehtable$___acrt_initialize_lowio 1001b638     libucrt:ioinit.obj
 0002:00006658       __sehtable$??$?RV<lambda_9df27f884b057bc3edfc946cb5b7cf47>@@AAV<lambda_e69574bed617af4e071282c136b37893>@@V<lambda_cc0d902bcbbeb830f749456577db4721>@@@?$__crt_seh_guarded_call@X@@QAEX$$QAV<lambda_9df27f884b057bc3edfc946cb5b7cf47>@@AAV<lambda_e69574bed617af4e071282c136b37893>@@$$QAV<lambda_cc0d902bcbbeb830f749456577db4721>@@@Z 1001b658     libucrt:per_thread_data.obj
 0002:00006678       __sehtable$??$?RV<lambda_3518db117f0e7cdb002338c5d3c47b6c>@@AAV<lambda_b2ea41f6bbb362cd97d94c6828d90b61>@@V<lambda_abdedf541bb04549bc734292b4a045d4>@@@?$__crt_seh_guarded_call@X@@QAEX$$QAV<lambda_3518db117f0e7cdb002338c5d3c47b6c>@@AAV<lambda_b2ea41f6bbb362cd97d94c6828d90b61>@@$$QAV<lambda_abdedf541bb04549bc734292b4a045d4>@@@Z 1001b678     libucrt:per_thread_data.obj
 0002:00006698       __sehtable$??$?RV<lambda_51b6e8b1eb166f2a3faf91f424b38130>@@AAV<lambda_6250bd4b2a391816dd638c3bf72b0bcb>@@V<lambda_0b5a4a3e68152e1d9b943535f5f47bed>@@@?$__crt_seh_guarded_call@X@@QAEX$$QAV<lambda_51b6e8b1eb166f2a3faf91f424b38130>@@AAV<lambda_6250bd4b2a391816dd638c3bf72b0bcb>@@$$QAV<lambda_0b5a4a3e68152e1d9b943535f5f47bed>@@@Z 1001b698     libucrt:per_thread_data.obj
 0002:000066b8       __sehtable$??$?RV<lambda_5b71d36f03204c0beab531769a5b5694>@@AAV<lambda_be2b3da3f62db62e9dad5dc70221a656>@@V<lambda_8f9ce462984622f9bf76b59e2aaaf805>@@@?$__crt_seh_guarded_call@X@@QAEX$$QAV<lambda_5b71d36f03204c0beab531769a5b5694>@@AAV<lambda_be2b3da3f62db62e9dad5dc70221a656>@@$$QAV<lambda_8f9ce462984622f9bf76b59e2aaaf805>@@@Z 1001b6b8     libucrt:per_thread_data.obj
 0002:000066d8       __sehtable$___acrt_uninitialize_locale 1001b6d8     libucrt:wsetlocale.obj
 0002:000066f8       __sehtable$??$?RV<lambda_d92cfe8357b99225085016881b624cb0>@@AAV<lambda_b721fa326cdb32351d23dfa67958c160>@@V<lambda_42d75b0848218ec137fa420c8ba9fdf9>@@@?$__crt_seh_guarded_call@H@@QAEH$$QAV<lambda_d92cfe8357b99225085016881b624cb0>@@AAV<lambda_b721fa326cdb32351d23dfa67958c160>@@$$QAV<lambda_42d75b0848218ec137fa420c8ba9fdf9>@@@Z 1001b6f8     libucrt:setvbuf.obj
 0002:00006718       __sehtable$_raise          1001b718     libucrt:signal.obj
 0002:00006738       __sehtable$??$?RV<lambda_a048d3beccc847880fc8490e18b82769>@@AAV<lambda_ec61778202f4f5fc7e7711acc23c3bca>@@V<lambda_f7496a158712204296dd6628a163878e>@@@?$__crt_seh_guarded_call@P6AXH@Z@@QAEP6AXH@Z$$QAV<lambda_a048d3beccc847880fc8490e18b82769>@@AAV<lambda_ec61778202f4f5fc7e7711acc23c3bca>@@$$QAV<lambda_f7496a158712204296dd6628a163878e>@@@Z 1001b738     libucrt:signal.obj
 0002:00006758       __sehtable$___acrt_update_thread_multibyte_data 1001b758     libucrt:mbctype.obj
 0002:00006778       __sehtable$??$?RV<lambda_978dc153c237d78434369da87b74ff60>@@AAV<lambda_ad1ced32f4ac17aa236e5ef05d6b3b7c>@@V<lambda_4a8533e2866a575feecb8298ce776b0d>@@@?$__crt_seh_guarded_call@X@@QAEX$$QAV<lambda_978dc153c237d78434369da87b74ff60>@@AAV<lambda_ad1ced32f4ac17aa236e5ef05d6b3b7c>@@$$QAV<lambda_4a8533e2866a575feecb8298ce776b0d>@@@Z 1001b778     libucrt:mbctype.obj
 0002:00006798       __sehtable$_fclose         1001b798     libucrt:fclose.obj
 0002:000067b8       __sehtable$??$?RV<lambda_61cee617f5178ae960314fd4d05640a0>@@AAV<lambda_6978c1fb23f02e42e1d9e99668cc68aa>@@V<lambda_9cd88cf8ad10232537feb2133f08c833>@@@?$__crt_seh_guarded_call@H@@QAEH$$QAV<lambda_61cee617f5178ae960314fd4d05640a0>@@AAV<lambda_6978c1fb23f02e42e1d9e99668cc68aa>@@$$QAV<lambda_9cd88cf8ad10232537feb2133f08c833>@@@Z 1001b7b8     libucrt:commit.obj
 0002:000067d8       __sehtable$__write         1001b7d8     libucrt:write.obj
 0002:000067f8       __sehtable$___acrt_lowio_ensure_fh_exists 1001b7f8     libucrt:osfinfo.obj
 0002:00006818       __sehtable$___acrt_update_thread_locale_data 1001b818     libucrt:locale_refcounting.obj
 0002:00006838       __sehtable$??$?RV<lambda_123407a5e2ac06da108355a851863b7a>@@AAV<lambda_2fe9b910cf3cbf4a0ab98a02ba45b3ec>@@V<lambda_ae55bdf541ad94d75914d381c370e64d>@@@?$__crt_seh_guarded_call@H@@QAEH$$QAV<lambda_123407a5e2ac06da108355a851863b7a>@@AAV<lambda_2fe9b910cf3cbf4a0ab98a02ba45b3ec>@@$$QAV<lambda_ae55bdf541ad94d75914d381c370e64d>@@@Z 1001b838     libucrt:close.obj
 0002:00006858       __sehtable$??$common_lseek@_J@@YA_JH_JH@Z 1001b858     libucrt:lseek.obj
 0002:00006878       __sehtable$__IsNonwritableInCurrentImage 1001b878     LIBCMT:pesect.obj
 0002:000068a0       .edata                     1001b8a0     dhsdk.exp
 0002:000068c8       rgpv                       1001b8c8     dhsdk.exp
 0002:000068cc       rgszName                   1001b8cc     dhsdk.exp
 0002:000068d0       rgwOrd                     1001b8d0     dhsdk.exp
 0002:000068d2       szName                     1001b8d2     dhsdk.exp
 0002:000068dd       $N00001                    1001b8dd     dhsdk.exp
 0002:00006b00       .idata$6                   1001bb00     kernel32:KERNEL32.dll
 0002:00007408       .idata$6                   1001c408     iojs:node.dll
 0002:00007412       .idata$6                   1001c412     dhnetsdk:dhnetsdk.dll
 0003:00000010       ?__vcrt_flsindex@@3KA      1001d010     libvcruntime:per_thread_data.obj
 0003:000000dc       _errno_no_memory           1001d0dc     libucrt:errno.obj
 0003:000000e0       _doserrno_no_memory        1001d0e0     libucrt:errno.obj
 0003:00000118       ___acrt_flsindex           1001d118     libucrt:per_thread_data.obj
 0003:000001e4       ___rgctypeflag             1001d1e4     libucrt:mbctype.obj
 0003:000001e8       ___rgcode_page_info        1001d1e8     libucrt:mbctype.obj
 0003:00000790       __module                   1001d790     adapter.obj
 0003:00000838       ?module_local_atexit_table@@3U_onexit_table_t@@A 1001d838     LIBCMT:utility.obj
 0003:00000844       ?module_local_at_quick_exit_table@@3U_onexit_table_t@@A 1001d844     LIBCMT:utility.obj
 0003:00000850       ?is_initialized_as_dll@@3_NA 1001d850     LIBCMT:utility.obj
 0003:00000854       ?__proc_attached@@3HA      1001d854     LIBCMT:dll_dllmain.obj
 0003:00000858       _GS_ExceptionRecord        1001d858     LIBCMT:gs_report.obj
 0003:000008a8       _GS_ContextRecord          1001d8a8     LIBCMT:gs_report.obj
 0003:00000b90       ?__vcrt_startup_thread_ptd@@3U__vcrt_ptd@@A 1001db90     libvcruntime:per_thread_data.obj
 0003:00000bb8       ___vcrt_lock_table         1001dbb8     libvcruntime:locks.obj
 0003:00000bd0       ___vcrt_locks_initialized  1001dbd0     libvcruntime:locks.obj
 0003:00000bd4       ?module_handles@@3PAPAUHINSTANCE__@@A 1001dbd4     libvcruntime:winapi_downlevel.obj
 0003:00000be4       ?encoded_function_pointers@@3PAPAXA 1001dbe4     libvcruntime:winapi_downlevel.obj
 0003:00000c34       ?heap@@3V_HeapManager@@A   1001dc34     libvcruntime:undname.obj
 0003:00000c54       ___acrt_new_handler        1001dc54     libucrt:new_handler.obj
 0003:00000c58       _c_termination_complete    1001dc58     libucrt:exit.obj
 0003:00000c5c       _thread_local_exit_callback_func 1001dc5c     libucrt:exit.obj
 0003:00000c60       ?c_exit_complete@?5??common_exit@@YAXHW4_crt_exit_cleanup_mode@@W4_crt_exit_return_mode@@@Z@4_NA 1001dc60     libucrt:exit.obj
 0003:00000c68       ?program_name@?5???$common_configure_argv@D@@YAHW4_crt_argv_mode@@@Z@4PADA 1001dc68     libucrt:argv_parsing.obj
 0003:00000d98       ___acrt_invalid_parameter_handler 1001dd98     libucrt:invalid_parameter.obj
 0003:00000da0       _module_handles            1001dda0     libucrt:winapi_thunks.obj
 0003:00000df0       _encoded_function_pointers 1001ddf0     libucrt:winapi_thunks.obj
 0003:00000e70       ?state_cache@?1??__acrt_is_packaged_app@@9@4JA 1001de70     libucrt:winapi_thunks.obj
 0003:0000107c       _enable_percent_n          1001e07c     libucrt:printf_count_output.obj
 0003:00001090       ___acrt_app_type           1001e090     libucrt:report_runtime_error.obj
 0003:00001094       ___acrt_error_mode         1001e094     libucrt:set_error_mode.obj
 0003:00001098       _ctrlc_action              1001e098     libucrt:signal.obj
 0003:0000109c       _ctrlbreak_action          1001e09c     libucrt:signal.obj
 0003:000010a0       _abort_action              1001e0a0     libucrt:signal.obj
 0003:000010a4       _term_action               1001e0a4     libucrt:signal.obj
 0003:000010a8       ___acrt_lock_table         1001e0a8     libucrt:locks.obj
 0003:000011e0       ___acrt_locks_initialized  1001e1e0     libucrt:locks.obj
 0003:000011fc       _fSystemSet                1001e1fc     libucrt:mbctype.obj
 0003:00001200       ?initialized@?1??__acrt_initialize_multibyte@@9@4_NA 1001e200     libucrt:mbctype.obj
 0003:00001220       _user_matherr              1001e220     libucrt:matherr.obj
 0003:00001224       ___acrt_global_new_mode    1001e224     libucrt:new_mode.obj
 0003:00001234       __pmatherr_set             1001e234     libucrt:libm_error.obj
 0004:00000000       __guard_fids____dcrt_uninitialize_environments_nolock 1001f000     libucrt:environment_initialization.obj
 0004:00000008       __guard_fids__             1001f008     libucrt:initialization.obj
 0004:00000068       __guard_fids__             1001f068     libucrt:stdio_initializer.obj
 0004:0000006c       __guard_fids__             1001f06c     libucrt:stdio_initializer.obj
 0004:00000070       __guard_fids____acrt_initialize_ptd 1001f070     libucrt:per_thread_data.obj
 0004:00000074       __guard_fids_??$common_show_message_box@_W@@YAHQB_W0I@Z 1001f074     libucrt:crtmbox.obj
 0004:00000078       __guard_fids_??$expand_argument_wildcards@D@@YAHQAD0AAV?$argument_list@D@?A0xb0e4b824@@@Z 1001f078     libucrt:argv_wildcards.obj
 0004:0000007c       __guard_fids__             1001f07c     libucrt:locale_initializer.obj
 0004:00000080       __guard_fids__             1001f080     libucrt:multibyte_initializer.obj
 0004:00000084       __guard_fids____libm_error_support 1001f084     libucrt:libm_error.obj
 0004:00000088       __guard_fids__             1001f088     libucrt:console_output_initializer.obj
 0004:0000008c       __guard_fids__             1001f08c     libucrt:sse2_initializer.obj
 0004:00000090       __guard_fids_?dllmain_crt_process_attach@@YAHQAUHINSTANCE__@@QAX@Z 1001f090     LIBCMT:dll_dllmain.obj
 0004:00000098       __guard_fids_?dllmain_dispatch@@YAHQAUHINSTANCE__@@KQAX@Z 1001f098     LIBCMT:dll_dllmain.obj
 0004:0000009c       __guard_fids__             1001f09c     LIBCMT:throw_bad_alloc.obj
 0004:000000a4       __guard_fids__             1001f0a4     LIBCMT:throw_bad_alloc.obj
 0004:000000ac       __guard_fids__             1001f0ac     LIBCMT:throw_bad_alloc.obj
 0004:000000b4       __guard_fids__             1001f0b4     LIBCMT:throw_bad_alloc.obj
 0004:000000b8       __guard_fids__             1001f0b8     LIBCMT:throw_bad_alloc.obj
 0004:000000bc       __guard_fids__             1001f0bc     LIBCMT:throw_bad_alloc.obj
 0004:000000c0       __guard_fids__             1001f0c0     LIBCMT:throw_bad_alloc.obj
 0004:000000c4       __guard_fids__             1001f0c4     LIBCMT:throw_bad_alloc.obj
 0004:000000c8       __guard_fids__             1001f0c8     LIBCMT:std_type_info_static.obj
 0004:000000cc       __guard_fids__             1001f0cc     LIBCMT:guard_support.obj
 0004:000000d0       __guard_fids____vcrt_initialize_ptd 1001f0d0     libvcruntime:per_thread_data.obj
 0005:00000060       $R000000                   10020060     * linker generated manifest res *

 Exports

  ordinal    name

        1    __register_dhsdk_
               exported name: _register_dhsdk_
